Archive member included to satisfy reference by file (symbol)

D:\devkitPro/libnx/lib\libnx.a(pm.o)
                              main.o (pmdmntInitialize)
D:\devkitPro/libnx/lib\libnx.a(hid.o)
                              main.o (hidKeysDown)
D:\devkitPro/libnx/lib\libnx.a(sm.o)
                              main.o (smExit)
D:\devkitPro/libnx/lib\libnx.a(fatal.o)
                              main.o (fatalSimple)
D:\devkitPro/libnx/lib\libnx.a(fs.o)
                              main.o (fsInitialize)
D:\devkitPro/libnx/lib\libnx.a(set.o)
                              main.o (setsysInitialize)
D:\devkitPro/libnx/lib\libnx.a(hosversion.o)
                              D:\devkitPro/libnx/lib\libnx.a(pm.o) (hosversionGet)
D:\devkitPro/libnx/lib\libnx.a(fs_dev.o)
                              main.o (fsdevMountSdmc)
D:\devkitPro/libnx/lib\libnx.a(decode_utf8.o)
                              D:\devkitPro/libnx/lib\libnx.a(fs_dev.o) (decode_utf8)
D:\devkitPro/libnx/lib\libnx.a(svc.o)
                              D:\devkitPro/libnx/lib\libnx.a(fatal.o) (svcExitProcess)
D:\devkitPro/libnx/lib\libnx.a(readtp.o)
                              D:\devkitPro/libnx/lib\libnx.a(fs_dev.o) (__aarch64_read_tp)
D:\devkitPro/libnx/lib\libnx.a(switch_crt0.o)
                              (_start)
D:\devkitPro/libnx/lib\libnx.a(detect.o)
                              D:\devkitPro/libnx/lib\libnx.a(fatal.o) (detectKernelVersion)
D:\devkitPro/libnx/lib\libnx.a(rwlock.o)
                              D:\devkitPro/libnx/lib\libnx.a(hid.o) (rwlockReadLock)
D:\devkitPro/libnx/lib\libnx.a(mutex.o)
                              D:\devkitPro/libnx/lib\libnx.a(detect.o) (mutexLock)
D:\devkitPro/libnx/lib\libnx.a(shmem.o)
                              D:\devkitPro/libnx/lib\libnx.a(hid.o) (shmemLoadRemote)
D:\devkitPro/libnx/lib\libnx.a(virtmem.o)
                              D:\devkitPro/libnx/lib\libnx.a(shmem.o) (virtmemReserve)
D:\devkitPro/libnx/lib\libnx.a(event.o)
                              D:\devkitPro/libnx/lib\libnx.a(pm.o) (eventLoadRemote)
D:\devkitPro/libnx/lib\libnx.a(condvar.o)
                              D:\devkitPro/libnx/lib\libnx.a(rwlock.o) (condvarWaitTimeout)
D:\devkitPro/libnx/lib\libnx.a(applet.o)
                              D:\devkitPro/libnx/lib\libnx.a(hid.o) (appletGetAppletResourceUserId)
D:\devkitPro/libnx/lib\libnx.a(apm.o)
                              D:\devkitPro/libnx/lib\libnx.a(applet.o) (apmExit)
D:\devkitPro/libnx/lib\libnx.a(dynamic.o)
                              D:\devkitPro/libnx/lib\libnx.a(switch_crt0.o) (__nx_dynamic)
D:\devkitPro/libnx/lib\libnx.a(env.o)
                              D:\devkitPro/libnx/lib\libnx.a(applet.o) (envIsNso)
D:\devkitPro/libnx/lib\libnx.a(init.o)
                              D:\devkitPro/libnx/lib\libnx.a(switch_crt0.o) (__libnx_init)
D:\devkitPro/libnx/lib\libnx.a(newlib.o)
                              D:\devkitPro/libnx/lib\libnx.a(init.o) (__libnx_init_time)
D:\devkitPro/libnx/lib\libnx.a(argv.o)
                              D:\devkitPro/libnx/lib\libnx.a(init.o) (argvSetup)
D:\devkitPro/libnx/lib\libnx.a(exception.o)
                              D:\devkitPro/libnx/lib\libnx.a(switch_crt0.o) (__libnx_exception_entry)
D:\devkitPro/libnx/lib\libnx.a(tmem.o)
                              D:\devkitPro/libnx/lib\libnx.a(applet.o) (tmemCreate)
D:\devkitPro/libnx/lib\libnx.a(wait.o)
                              D:\devkitPro/libnx/lib\libnx.a(event.o) (waitObjects)
D:\devkitPro/libnx/lib\libnx.a(thread.o)
                              D:\devkitPro/libnx/lib\libnx.a(newlib.o) (threadCreate)
D:\devkitPro/libnx/lib\libnx.a(time.o)
                              D:\devkitPro/libnx/lib\libnx.a(init.o) (timeExit)
D:\devkitPro/libnx/lib\libnx.a(nxlink.o)
                              D:\devkitPro/libnx/lib\libnx.a(argv.o) (nxlinkSetup)
d:/devkitpro/devkita64/bin/../lib/gcc/aarch64-none-elf/8.3.0/../../../../aarch64-none-elf/lib/pic\libg.a(lib_a-bsearch.o)
                              D:\devkitPro/libnx/lib\libnx.a(fs_dev.o) (bsearch)
d:/devkitpro/devkita64/bin/../lib/gcc/aarch64-none-elf/8.3.0/../../../../aarch64-none-elf/lib/pic\libg.a(lib_a-ctype_.o)
                              D:\devkitPro/libnx/lib\libnx.a(argv.o) (_ctype_)
d:/devkitpro/devkita64/bin/../lib/gcc/aarch64-none-elf/8.3.0/../../../../aarch64-none-elf/lib/pic\libg.a(lib_a-errno.o)
                              D:\devkitPro/libnx/lib\libnx.a(fs_dev.o) (__errno)
d:/devkitpro/devkita64/bin/../lib/gcc/aarch64-none-elf/8.3.0/../../../../aarch64-none-elf/lib/pic\libg.a(lib_a-exit.o)
                              D:\devkitPro/libnx/lib\libnx.a(switch_crt0.o) (exit)
d:/devkitpro/devkita64/bin/../lib/gcc/aarch64-none-elf/8.3.0/../../../../aarch64-none-elf/lib/pic\libg.a(lib_a-fclose.o)
                              main.o (fclose)
d:/devkitpro/devkita64/bin/../lib/gcc/aarch64-none-elf/8.3.0/../../../../aarch64-none-elf/lib/pic\libg.a(lib_a-fflush.o)
[...]
Memory Configuration

Name             Origin             Length             Attributes
*default*        0x0000000000000000 0xffffffffffffffff

Linker script and memory map

                0x0000000000000000                PROVIDE (__start__ = 0x0)
                0x0000000000000000                . = __start__

.crt0           0x0000000000000000      0x150
 *(.crt0)
 .crt0          0x0000000000000000      0x14c D:\devkitPro/libnx/lib\libnx.a(switch_crt0.o)
                0x0000000000000000                _start
                0x0000000000000120                __nx_exit
                0x0000000000000130                __nx_mod0
                0x0000000000000150                . = ALIGN (0x8)
 *fill*         0x000000000000014c        0x4 

.init           0x0000000000000150       0x38
 *(.init)
 .init          0x0000000000000150       0x18 d:/devkitpro/devkita64/bin/../lib/gcc/aarch64-none-elf/8.3.0/pic/crti.o
                0x0000000000000150                _init
 .init          0x0000000000000168       0x1c d:/devkitpro/devkita64/bin/../lib/gcc/aarch64-none-elf/8.3.0/pic/crtn.o
                0x0000000000000188                . = ALIGN (0x8)
 *fill*         0x0000000000000184        0x4 

.plt            0x0000000000000188        0x0
 *(.plt)
 .plt           0x0000000000000188        0x0 d:/devkitpro/devkita64/bin/../lib/gcc/aarch64-none-elf/8.3.0/pic/crti.o
 *(.iplt)
                0x0000000000000188                . = ALIGN (0x8)

.text           0x00000000000001c0    0x13318
 *(.text.unlikely .text.*_unlikely .text.unlikely.*)
 *(.text.exit .text.exit.*)
 .text.exit     0x00000000000001c0       0x38 d:/devkitpro/devkita64/bin/../lib/gcc/aarch64-none-elf/8.3.0/../../../../aarch64-none-elf/lib/pic\libg.a(lib_a-exit.o)
                0x00000000000001c0                exit
 *(.text.startup .text.startup.*)
 *fill*         0x00000000000001f8        0x8 
 .text.startup.main
                0x0000000000000200      0x184 main.o
                0x0000000000000200                main
 *(.text.hot .text.hot.*)
 *(.text .stub .text.* .gnu.linkonce.t.*)
 *fill*         0x0000000000000384        0x4 
 .text.deregister_tm_clones
                0x0000000000000388       0x2c d:/devkitpro/devkita64/bin/../lib/gcc/aarch64-none-elf/8.3.0/pic/crtbegin.o
 *fill*         0x00000000000003b4        0x4 
 .text.register_tm_clones
                0x00000000000003b8       0x38 d:/devkitpro/devkita64/bin/../lib/gcc/aarch64-none-elf/8.3.0/pic/crtbegin.o
 .text.__do_global_dtors_aux
                0x00000000000003f0       0x48 d:/devkitpro/devkita64/bin/../lib/gcc/aarch64-none-elf/8.3.0/pic/crtbegin.o
 .text.frame_dummy
                0x0000000000000438       0x34 d:/devkitpro/devkita64/bin/../lib/gcc/aarch64-none-elf/8.3.0/pic/crtbegin.o
 *fill*         0x000000000000046c        0x4 
 .text.__libnx_initheap
                0x0000000000000470       0x30 main.o
                0x0000000000000470                __libnx_initheap
 .text.__appInit
                0x00000000000004a0      0x14c main.o
                0x00000000000004a0                __appInit
 *fill*         0x00000000000005ec        0x4 
 .text.__appExit
                0x00000000000005f0       0x1c main.o
                0x00000000000005f0                __appExit
 *fill*         0x000000000000060c        0x4 
 .text.pmdmntInitialize
                0x0000000000000610       0x3c D:\devkitPro/libnx/lib\libnx.a(pm.o)
                0x0000000000000610                pmdmntInitialize
 *fill*         0x000000000000064c        0x4 
 .text.pmdmntGetApplicationPid
                0x0000000000000650       0xfc D:\devkitPro/libnx/lib\libnx.a(pm.o)
                0x0000000000000650                pmdmntGetApplicationPid
 *fill*         0x000000000000074c        0x4 
 .text.ipcCloseObjectById
                0x0000000000000750       0x34 D:\devkitPro/libnx/lib\libnx.a(hid.o)
 *fill*         0x0000000000000784        0xc 
 .text._hidGetSharedMemoryHandle.constprop.10
                0x0000000000000790      0x124 D:\devkitPro/libnx/lib\libnx.a(hid.o)
 *fill*         0x00000000000008b4        0xc 
 .text._hidCmdWithNoInput
                0x00000000000008c0      0x100 D:\devkitPro/libnx/lib\libnx.a(hid.o)
 .text._hidCreateAppletResource.constprop.9
                0x00000000000009c0      0x134 D:\devkitPro/libnx/lib\libnx.a(hid.o)
 *fill*         0x0000000000000af4        0xc 
 .text._hidCmdWithInputU32
                0x0000000000000b00      0x10c D:\devkitPro/libnx/lib\libnx.a(hid.o)
 *fill*         0x0000000000000c0c        0x4 
 .text._hidCmdWithInputU64.constprop.11
                0x0000000000000c10      0x108 D:\devkitPro/libnx/lib\libnx.a(hid.o)
 *fill*         0x0000000000000d18        0x8 
 .text.hidReset
                0x0000000000000d20      0x1e0 D:\devkitPro/libnx/lib\libnx.a(hid.o)
                0x0000000000000d20                hidReset
 .text.hidGetSharedmemAddr
                0x0000000000000f00        0xc D:\devkitPro/libnx/lib\libnx.a(hid.o)
                0x0000000000000f00                hidGetSharedmemAddr
 *fill*         0x0000000000000f0c        0x4 
 .text.hidKeysDown
                0x0000000000000f10       0x6c D:\devkitPro/libnx/lib\libnx.a(hid.o)
                0x0000000000000f10                hidKeysDown
 *fill*         0x0000000000000f7c        0x4 
 .text.hidTouchCount
                0x0000000000000f80        0xc D:\devkitPro/libnx/lib\libnx.a(hid.o)
                0x0000000000000f80                hidTouchCount
 *fill*         0x0000000000000f8c        0x4 
 .text.hidScanInput
                0x0000000000000f90      0x578 D:\devkitPro/libnx/lib\libnx.a(hid.o)
                0x0000000000000f90                hidScanInput
 *fill*         0x0000000000001508        0x8 
 .text.hidSetSupportedNpadIdType
                0x0000000000001510      0x198 D:\devkitPro/libnx/lib\libnx.a(hid.o)
                0x0000000000001510                hidSetSupportedNpadIdType
 *fill*         0x00000000000016a8        0x8 
 .text.hidSetSupportedNpadStyleSet
                0x00000000000016b0        0xc D:\devkitPro/libnx/lib\libnx.a(hid.o)
                0x00000000000016b0                hidSetSupportedNpadStyleSet
 *fill*         0x00000000000016bc        0x4 
 .text.hidSetNpadJoyHoldType
                0x00000000000016c0        0x8 D:\devkitPro/libnx/lib\libnx.a(hid.o)
                0x00000000000016c0                hidSetNpadJoyHoldType
 *fill*         0x00000000000016c8        0x8 
 .text.hidSetNpadJoyAssignmentModeDual
                0x00000000000016d0        0xc D:\devkitPro/libnx/lib\libnx.a(hid.o)
                0x00000000000016d0                hidSetNpadJoyAssignmentModeDual
 *fill*         0x00000000000016dc        0x4 
 .text.hidExit  0x00000000000016e0      0x12c D:\devkitPro/libnx/lib\libnx.a(hid.o)
                0x00000000000016e0                hidExit
 *fill*         0x000000000000180c        0x4 
 .text.hidInitialize
                0x0000000000001810      0x168 D:\devkitPro/libnx/lib\libnx.a(hid.o)
                0x0000000000001810                hidInitialize
 *fill*         0x0000000000001978        0x8 
 .text.smAddOverrideHandle
                0x0000000000001980       0x44 D:\devkitPro/libnx/lib\libnx.a(sm.o)
                0x0000000000001980                smAddOverrideHandle
 *fill*         0x00000000000019c4        0xc 
 .text.smGetServiceOverride
                0x00000000000019d0       0x60 D:\devkitPro/libnx/lib\libnx.a(sm.o)
                0x00000000000019d0                smGetServiceOverride
 .text.smHasInitialized
                0x0000000000001a30       0x14 D:\devkitPro/libnx/lib\libnx.a(sm.o)
                0x0000000000001a30                smHasInitialized
 *fill*         0x0000000000001a44        0xc 
 .text.smExit   0x0000000000001a50       0x5c D:\devkitPro/libnx/lib\libnx.a(sm.o)
                0x0000000000001a50                smExit
 *fill*         0x0000000000001aac        0x4 
 .text.smEncodeName
                0x0000000000001ab0       0x38 D:\devkitPro/libnx/lib\libnx.a(sm.o)
                0x0000000000001ab0                smEncodeName
 *fill*         0x0000000000001ae8        0x8 
 .text.smGetServiceOriginal
                0x0000000000001af0      0x12c D:\devkitPro/libnx/lib\libnx.a(sm.o)
                0x0000000000001af0                smGetServiceOriginal
 *fill*         0x0000000000001c1c        0x4 
 .text.smInitialize
                0x0000000000001c20      0x158 D:\devkitPro/libnx/lib\libnx.a(sm.o)
                0x0000000000001c20                smInitialize
 *fill*         0x0000000000001d78        0x8 
 .text.smGetService
                0x0000000000001d80       0x74 D:\devkitPro/libnx/lib\libnx.a(sm.o)
                0x0000000000001d80                smGetService
 *fill*         0x0000000000001df4        0xc 
 .text._fatalImpl
                0x0000000000001e00      0x140 D:\devkitPro/libnx/lib\libnx.a(fatal.o)
 .text.fatalWithType
                0x0000000000001f40       0x14 D:\devkitPro/libnx/lib\libnx.a(fatal.o)
                0x0000000000001f40                fatalWithType
 *fill*         0x0000000000001f54        0xc 
 .text.fatalSimple
                0x0000000000001f60       0x14 D:\devkitPro/libnx/lib\libnx.a(fatal.o)
                0x0000000000001f60                fatalSimple
 *fill*         0x0000000000001f74        0xc 
 .text.ipcPrepareHeader
                0x0000000000001f80      0x220 D:\devkitPro/libnx/lib\libnx.a(fs.o)
 .text.ipcParse
                0x00000000000021a0      0x22c D:\devkitPro/libnx/lib\libnx.a(fs.o)
 *fill*         0x00000000000023cc        0x4 
 .text.serviceIpcParse
                0x00000000000023d0       0xb0 D:\devkitPro/libnx/lib\libnx.a(fs.o)
 .text.ipcCloseObjectById
                0x0000000000002480       0x34 D:\devkitPro/libnx/lib\libnx.a(fs.o)
 *fill*         0x00000000000024b4        0xc 
 .text.fsInitialize
                0x00000000000024c0      0x200 D:\devkitPro/libnx/lib\libnx.a(fs.o)
                0x00000000000024c0                fsInitialize
 .text.fsExit   0x00000000000026c0       0x9c D:\devkitPro/libnx/lib\libnx.a(fs.o)
                0x00000000000026c0                fsExit
 *fill*         0x000000000000275c        0x4 
 .text.fsMountSdcard
                0x0000000000002760      0x1cc D:\devkitPro/libnx/lib\libnx.a(fs.o)
                0x0000000000002760                fsMountSdcard
 *fill*         0x000000000000292c        0x4 
 .text.fsFsCreateFile
                0x0000000000002930      0x1a4 D:\devkitPro/libnx/lib\libnx.a(fs.o)
                0x0000000000002930                fsFsCreateFile
 *fill*         0x0000000000002ad4        0xc 
 .text.fsFsDeleteFile
                0x0000000000002ae0      0x19c D:\devkitPro/libnx/lib\libnx.a(fs.o)
                0x0000000000002ae0                fsFsDeleteFile
 *fill*         0x0000000000002c7c        0x4 
 .text.fsFsCreateDirectory
                0x0000000000002c80      0x19c D:\devkitPro/libnx/lib\libnx.a(fs.o)
                0x0000000000002c80                fsFsCreateDirectory
 *fill*         0x0000000000002e1c        0x4 
 .text.fsFsDeleteDirectory
                0x0000000000002e20      0x19c D:\devkitPro/libnx/lib\libnx.a(fs.o)
                0x0000000000002e20                fsFsDeleteDirectory
 *fill*         0x0000000000002fbc        0x4 
 .text.fsFsRenameFile
                0x0000000000002fc0      0x214 D:\devkitPro/libnx/lib\libnx.a(fs.o)
                0x0000000000002fc0                fsFsRenameFile
 *fill*         0x00000000000031d4        0xc 
 .text.fsFsRenameDirectory
                0x00000000000031e0      0x214 D:\devkitPro/libnx/lib\libnx.a(fs.o)
                0x00000000000031e0                fsFsRenameDirectory
 *fill*         0x00000000000033f4        0xc 
 .text.fsFsGetEntryType
                0x0000000000003400      0x1b0 D:\devkitPro/libnx/lib\libnx.a(fs.o)
                0x0000000000003400                fsFsGetEntryType
 .text.fsFsOpenFile
                0x00000000000035b0      0x1e4 D:\devkitPro/libnx/lib\libnx.a(fs.o)
                0x00000000000035b0                fsFsOpenFile
 *fill*         0x0000000000003794        0xc 
 .text.fsFsOpenDirectory
                0x00000000000037a0      0x1f8 D:\devkitPro/libnx/lib\libnx.a(fs.o)
                0x00000000000037a0                fsFsOpenDirectory
 *fill*         0x0000000000003998        0x8 
 .text.fsFsGetFreeSpace
                0x00000000000039a0      0x1b0 D:\devkitPro/libnx/lib\libnx.a(fs.o)
                0x00000000000039a0                fsFsGetFreeSpace
 .text.fsFsGetTotalSpace
                0x0000000000003b50      0x1b0 D:\devkitPro/libnx/lib\libnx.a(fs.o)
                0x0000000000003b50                fsFsGetTotalSpace
 .text.fsFsGetFileTimeStampRaw
                0x0000000000003d00      0x194 D:\devkitPro/libnx/lib\libnx.a(fs.o)
                0x0000000000003d00                fsFsGetFileTimeStampRaw
 *fill*         0x0000000000003e94        0xc 
 .text.fsFsClose
                0x0000000000003ea0       0x6c D:\devkitPro/libnx/lib\libnx.a(fs.o)
                0x0000000000003ea0                fsFsClose
 *fill*         0x0000000000003f0c        0x4 
 .text.fsFileRead
                0x0000000000003f10      0x1f0 D:\devkitPro/libnx/lib\libnx.a(fs.o)
                0x0000000000003f10                fsFileRead
 .text.fsFileWrite
                0x0000000000004100      0x1b8 D:\devkitPro/libnx/lib\libnx.a(fs.o)
                0x0000000000004100                fsFileWrite
 *fill*         0x00000000000042b8        0x8 
 .text.fsFileFlush
                0x00000000000042c0      0x16c D:\devkitPro/libnx/lib\libnx.a(fs.o)
                0x00000000000042c0                fsFileFlush
 *fill*         0x000000000000442c        0x4 
 .text.fsFileSetSize
                0x0000000000004430      0x174 D:\devkitPro/libnx/lib\libnx.a(fs.o)
                0x0000000000004430                fsFileSetSize
 *fill*         0x00000000000045a4        0xc 
 .text.fsFileGetSize
                0x00000000000045b0      0x194 D:\devkitPro/libnx/lib\libnx.a(fs.o)
                0x00000000000045b0                fsFileGetSize
 *fill*         0x0000000000004744        0xc 
 .text.fsFileClose
                0x0000000000004750       0x6c D:\devkitPro/libnx/lib\libnx.a(fs.o)
                0x0000000000004750                fsFileClose
 *fill*         0x00000000000047bc        0x4 
 .text.fsDirClose
                0x00000000000047c0       0x6c D:\devkitPro/libnx/lib\libnx.a(fs.o)
                0x00000000000047c0                fsDirClose
 *fill*         0x000000000000482c        0x4 
 .text.fsDirRead
                0x0000000000004830      0x1ec D:\devkitPro/libnx/lib\libnx.a(fs.o)
                0x0000000000004830                fsDirRead
 *fill*         0x0000000000004a1c        0x4 
 .text.ipcCloseObjectById
                0x0000000000004a20       0x34 D:\devkitPro/libnx/lib\libnx.a(set.o)
 *fill*         0x0000000000004a54        0xc 
 .text._setsysGetFirmwareVersionImpl
                0x0000000000004a60      0x1d4 D:\devkitPro/libnx/lib\libnx.a(set.o)
 *fill*         0x0000000000004c34        0xc 
 .text.setsysInitialize
                0x0000000000004c40       0x3c D:\devkitPro/libnx/lib\libnx.a(set.o)
                0x0000000000004c40                setsysInitialize
 *fill*         0x0000000000004c7c        0x4 
 .text.setsysExit
                0x0000000000004c80       0x9c D:\devkitPro/libnx/lib\libnx.a(set.o)
                0x0000000000004c80                setsysExit
 *fill*         0x0000000000004d1c        0x4 
 .text.setsysGetFirmwareVersion
                0x0000000000004d20       0x44 D:\devkitPro/libnx/lib\libnx.a(set.o)
                0x0000000000004d20                setsysGetFirmwareVersion
 *fill*         0x0000000000004d64        0xc 
 .text.hosversionGet
                0x0000000000004d70       0x10 D:\devkitPro/libnx/lib\libnx.a(hosversion.o)
                0x0000000000004d70                hosversionGet
 .text.hosversionSet
                0x0000000000004d80       0x10 D:\devkitPro/libnx/lib\libnx.a(hosversion.o)
                0x0000000000004d80                hosversionSet
 .text.fsdev_link
                0x0000000000004d90       0x10 D:\devkitPro/libnx/lib\libnx.a(fs_dev.o)
 .text.fsdev_dirreset
                0x0000000000004da0       0x10 D:\devkitPro/libnx/lib\libnx.a(fs_dev.o)
 .text.fsdev_chmod
                0x0000000000004db0       0x10 D:\devkitPro/libnx/lib\libnx.a(fs_dev.o)
 .text.error_cmp
                0x0000000000004dc0       0x1c D:\devkitPro/libnx/lib\libnx.a(fs_dev.o)
 *fill*         0x0000000000004ddc        0x4 
 .text.fsdev_translate_error
                0x0000000000004de0       0x58 D:\devkitPro/libnx/lib\libnx.a(fs_dev.o)
 *fill*         0x0000000000004e38        0x8 
 .text.fsdev_fsync
                0x0000000000004e40       0x40 D:\devkitPro/libnx/lib\libnx.a(fs_dev.o)
 .text.fsdev_ftruncate
                0x0000000000004e80       0x60 D:\devkitPro/libnx/lib\libnx.a(fs_dev.o)
 .text.fsdev_dirclose
                0x0000000000004ee0       0x20 D:\devkitPro/libnx/lib\libnx.a(fs_dev.o)
 .text.fsdev_dirnext
                0x0000000000004f00      0x16c D:\devkitPro/libnx/lib\libnx.a(fs_dev.o)
 *fill*         0x000000000000506c        0x4 
 .text.fsdev_close
                0x0000000000005070       0x1c D:\devkitPro/libnx/lib\libnx.a(fs_dev.o)
 *fill*         0x000000000000508c        0x4 
 .text.fsdev_fstat
                0x0000000000005090       0xa4 D:\devkitPro/libnx/lib\libnx.a(fs_dev.o)
 *fill*         0x0000000000005134        0xc 
 .text.fsdev_seek
                0x0000000000005140       0xb0 D:\devkitPro/libnx/lib\libnx.a(fs_dev.o)
 .text.fsdev_read
                0x00000000000051f0      0x198 D:\devkitPro/libnx/lib\libnx.a(fs_dev.o)
 *fill*         0x0000000000005388        0x8 
 .text.fsdev_write
                0x0000000000005390      0x1a0 D:\devkitPro/libnx/lib\libnx.a(fs_dev.o)
 .text.fsdevFindDevice
                0x0000000000005530      0x120 D:\devkitPro/libnx/lib\libnx.a(fs_dev.o)
 .text._fsdevMountDevice
                0x0000000000005650      0x140 D:\devkitPro/libnx/lib\libnx.a(fs_dev.o)
 .text.fsdev_getfspath
                0x0000000000005790      0x1fc D:\devkitPro/libnx/lib\libnx.a(fs_dev.o)
 *fill*         0x000000000000598c        0x4 
 .text.fsdev_rmdir
                0x0000000000005990       0x70 D:\devkitPro/libnx/lib\libnx.a(fs_dev.o)
 .text.fsdev_statvfs
                0x0000000000005a00       0xd4 D:\devkitPro/libnx/lib\libnx.a(fs_dev.o)
 *fill*         0x0000000000005ad4        0xc 
 .text.fsdev_diropen
                0x0000000000005ae0       0xec D:\devkitPro/libnx/lib\libnx.a(fs_dev.o)
 *fill*         0x0000000000005bcc        0x4 
 .text.fsdev_mkdir
                0x0000000000005bd0       0x70 D:\devkitPro/libnx/lib\libnx.a(fs_dev.o)
 .text.fsdev_rename
                0x0000000000005c40      0x114 D:\devkitPro/libnx/lib\libnx.a(fs_dev.o)
 *fill*         0x0000000000005d54        0xc 
 .text.fsdev_chdir
                0x0000000000005d60       0xe8 D:\devkitPro/libnx/lib\libnx.a(fs_dev.o)
 *fill*         0x0000000000005e48        0x8 
 .text.fsdev_unlink
                0x0000000000005e50       0x70 D:\devkitPro/libnx/lib\libnx.a(fs_dev.o)
 .text.fsdev_stat
                0x0000000000005ec0      0x1bc D:\devkitPro/libnx/lib\libnx.a(fs_dev.o)
 *fill*         0x000000000000607c        0x4 
 .text.fsdev_open
                0x0000000000006080      0x19c D:\devkitPro/libnx/lib\libnx.a(fs_dev.o)
 *fill*         0x000000000000621c        0x4 
 .text._fsdevUnmountDeviceStruct.part.4
                0x0000000000006220       0xb8 D:\devkitPro/libnx/lib\libnx.a(fs_dev.o)
 *fill*         0x00000000000062d8        0x8 
 .text.fsdev_fchmod
                0x00000000000062e0       0x10 D:\devkitPro/libnx/lib\libnx.a(fs_dev.o)
 .text.fsdevMountSdmc
                0x00000000000062f0      0x170 D:\devkitPro/libnx/lib\libnx.a(fs_dev.o)
                0x00000000000062f0                fsdevMountSdmc
 .text.fsdevUnmountAll
                0x0000000000006460       0x64 D:\devkitPro/libnx/lib\libnx.a(fs_dev.o)
                0x0000000000006460                fsdevUnmountAll
 *fill*         0x00000000000064c4        0xc 
 .text.decode_utf8
                0x00000000000064d0      0x12c D:\devkitPro/libnx/lib\libnx.a(decode_utf8.o)
                0x00000000000064d0                decode_utf8
 .text.svcUnmapMemory
                0x00000000000065fc        0x8 D:\devkitPro/libnx/lib\libnx.a(svc.o)
                0x00000000000065fc                svcUnmapMemory
 .text.svcQueryMemory
                0x0000000000006604       0x14 D:\devkitPro/libnx/lib\libnx.a(svc.o)
                0x0000000000006604                svcQueryMemory
 .text.svcExitProcess
                0x0000000000006618        0x8 D:\devkitPro/libnx/lib\libnx.a(svc.o)
                0x0000000000006618                svcExitProcess
 .text.svcSleepThread
                0x0000000000006620        0x8 D:\devkitPro/libnx/lib\libnx.a(svc.o)
                0x0000000000006620                svcSleepThread
 .text.svcMapSharedMemory
                0x0000000000006628        0x8 D:\devkitPro/libnx/lib\libnx.a(svc.o)
                0x0000000000006628                svcMapSharedMemory
 .text.svcUnmapSharedMemory
                0x0000000000006630        0x8 D:\devkitPro/libnx/lib\libnx.a(svc.o)
                0x0000000000006630                svcUnmapSharedMemory
 .text.svcCloseHandle
                0x0000000000006638        0x8 D:\devkitPro/libnx/lib\libnx.a(svc.o)
                0x0000000000006638                svcCloseHandle
 .text.svcArbitrateLock
                0x0000000000006640        0x8 D:\devkitPro/libnx/lib\libnx.a(svc.o)
                0x0000000000006640                svcArbitrateLock
 .text.svcArbitrateUnlock
                0x0000000000006648        0x8 D:\devkitPro/libnx/lib\libnx.a(svc.o)
                0x0000000000006648                svcArbitrateUnlock
 .text.svcWaitProcessWideKeyAtomic
                0x0000000000006650        0x8 D:\devkitPro/libnx/lib\libnx.a(svc.o)
                0x0000000000006650                svcWaitProcessWideKeyAtomic
 .text.svcSignalProcessWideKey
                0x0000000000006658        0x8 D:\devkitPro/libnx/lib\libnx.a(svc.o)
                0x0000000000006658                svcSignalProcessWideKey
 .text.svcConnectToNamedPort
                0x0000000000006660       0x14 D:\devkitPro/libnx/lib\libnx.a(svc.o)
                0x0000000000006660                svcConnectToNamedPort
 .text.svcSendSyncRequest
                0x0000000000006674        0x8 D:\devkitPro/libnx/lib\libnx.a(svc.o)
                0x0000000000006674                svcSendSyncRequest
 .text.svcBreak
                0x000000000000667c        0x8 D:\devkitPro/libnx/lib\libnx.a(svc.o)
                0x000000000000667c                svcBreak
 .text.svcReturnFromException
                0x0000000000006684        0x8 D:\devkitPro/libnx/lib\libnx.a(svc.o)
                0x0000000000006684                svcReturnFromException
 .text.svcGetInfo
                0x000000000000668c       0x14 D:\devkitPro/libnx/lib\libnx.a(svc.o)
                0x000000000000668c                svcGetInfo
 .text.svcDebugActiveProcess
                0x00000000000066a0       0x14 D:\devkitPro/libnx/lib\libnx.a(svc.o)
                0x00000000000066a0                svcDebugActiveProcess
 .text.__aarch64_read_tp
                0x00000000000066b4        0xc D:\devkitPro/libnx/lib\libnx.a(readtp.o)
                0x00000000000066b4                __aarch64_read_tp
 .text.detectKernelVersion
                0x00000000000066c0      0x17c D:\devkitPro/libnx/lib\libnx.a(detect.o)
                0x00000000000066c0                detectKernelVersion
 *fill*         0x000000000000683c        0x4 
 .text.detectDebugger
                0x0000000000006840       0x30 D:\devkitPro/libnx/lib\libnx.a(detect.o)
                0x0000000000006840                detectDebugger
 .text.rwlockReadLock
                0x0000000000006870       0x58 D:\devkitPro/libnx/lib\libnx.a(rwlock.o)
                0x0000000000006870                rwlockReadLock
 *fill*         0x00000000000068c8        0x8 
 .text.rwlockReadUnlock
                0x00000000000068d0       0x5c D:\devkitPro/libnx/lib\libnx.a(rwlock.o)
                0x00000000000068d0                rwlockReadUnlock
 *fill*         0x000000000000692c        0x4 
 .text.rwlockWriteLock
                0x0000000000006930       0x84 D:\devkitPro/libnx/lib\libnx.a(rwlock.o)
                0x0000000000006930                rwlockWriteLock
 *fill*         0x00000000000069b4        0xc 
 .text.rwlockWriteUnlock
                0x00000000000069c0       0x3c D:\devkitPro/libnx/lib\libnx.a(rwlock.o)
                0x00000000000069c0                rwlockWriteUnlock
 *fill*         0x00000000000069fc        0x4 
 .text.mutexLock
                0x0000000000006a00       0x8c D:\devkitPro/libnx/lib\libnx.a(mutex.o)
                0x0000000000006a00                mutexLock
 *fill*         0x0000000000006a8c        0x4 
 .text.mutexUnlock
                0x0000000000006a90       0x30 D:\devkitPro/libnx/lib\libnx.a(mutex.o)
                0x0000000000006a90                mutexUnlock
 .text.rmutexLock
                0x0000000000006ac0       0x4c D:\devkitPro/libnx/lib\libnx.a(mutex.o)
                0x0000000000006ac0                rmutexLock
 *fill*         0x0000000000006b0c        0x4 
 .text.rmutexUnlock
                0x0000000000006b10       0x1c D:\devkitPro/libnx/lib\libnx.a(mutex.o)
                0x0000000000006b10                rmutexUnlock
 *fill*         0x0000000000006b2c        0x4 
 .text.shmemLoadRemote
                0x0000000000006b30       0x14 D:\devkitPro/libnx/lib\libnx.a(shmem.o)
                0x0000000000006b30                shmemLoadRemote
 *fill*         0x0000000000006b44        0xc 
 .text.shmemMap
                0x0000000000006b50       0x84 D:\devkitPro/libnx/lib\libnx.a(shmem.o)
                0x0000000000006b50                shmemMap
 *fill*         0x0000000000006bd4        0xc 
 .text.shmemUnmap
                0x0000000000006be0       0x58 D:\devkitPro/libnx/lib\libnx.a(shmem.o)
                0x0000000000006be0                shmemUnmap
 *fill*         0x0000000000006c38        0x8 
 .text.shmemClose
                0x0000000000006c40       0x44 D:\devkitPro/libnx/lib\libnx.a(shmem.o)
                0x0000000000006c40                shmemClose
 *fill*         0x0000000000006c84        0xc 
 .text._GetRegionFromInfo.isra.1
                0x0000000000006c90       0x7c D:\devkitPro/libnx/lib\libnx.a(virtmem.o)
 *fill*         0x0000000000006d0c        0x4 
 .text.virtmemSetup
                0x0000000000006d10      0x114 D:\devkitPro/libnx/lib\libnx.a(virtmem.o)
                0x0000000000006d10                virtmemSetup
 *fill*         0x0000000000006e24        0xc 
 .text.virtmemReserve
                0x0000000000006e30      0x13c D:\devkitPro/libnx/lib\libnx.a(virtmem.o)
                0x0000000000006e30                virtmemReserve
 *fill*         0x0000000000006f6c        0x4 
 .text.virtmemFree
                0x0000000000006f70        0x4 D:\devkitPro/libnx/lib\libnx.a(virtmem.o)
                0x0000000000006f70                virtmemFree
 *fill*         0x0000000000006f74        0xc 
 .text.condvarWaitTimeout
                0x0000000000006f80       0x60 D:\devkitPro/libnx/lib\libnx.a(condvar.o)
                0x0000000000006f80                condvarWaitTimeout
 .text.appletGetAppletResourceUserId
                0x0000000000006fe0       0x28 D:\devkitPro/libnx/lib\libnx.a(applet.o)
                0x0000000000006fe0                appletGetAppletResourceUserId
 *fill*         0x0000000000007008        0x8 
 .text.__nx_dynamic
                0x0000000000007010       0xa0 D:\devkitPro/libnx/lib\libnx.a(dynamic.o)
                0x0000000000007010                __nx_dynamic
 .text.envSetup
                0x00000000000070b0      0x208 D:\devkitPro/libnx/lib\libnx.a(env.o)
                0x00000000000070b0                envSetup
 *fill*         0x00000000000072b8        0x8 
 .text.envGetMainThreadHandle
                0x00000000000072c0       0x20 D:\devkitPro/libnx/lib\libnx.a(env.o)
                0x00000000000072c0                envGetMainThreadHandle
 .text.envIsNso
                0x00000000000072e0        0xc D:\devkitPro/libnx/lib\libnx.a(env.o)
                0x00000000000072e0                envIsNso
 *fill*         0x00000000000072ec        0x4 
 .text.envHasArgv
                0x00000000000072f0       0x14 D:\devkitPro/libnx/lib\libnx.a(env.o)
                0x00000000000072f0                envHasArgv
 *fill*         0x0000000000007304        0xc 
 .text.envGetArgv
                0x0000000000007310        0xc D:\devkitPro/libnx/lib\libnx.a(env.o)
                0x0000000000007310                envGetArgv
 *fill*         0x000000000000731c        0x4 
 .text.envGetExitFuncPtr
                0x0000000000007320        0xc D:\devkitPro/libnx/lib\libnx.a(env.o)
                0x0000000000007320                envGetExitFuncPtr
 *fill*         0x000000000000732c        0x4 
 .text.__libnx_init
                0x0000000000007330       0x28 D:\devkitPro/libnx/lib\libnx.a(init.o)
                0x0000000000007330                __libnx_init
 *fill*         0x0000000000007358        0x8 
 .text.__libnx_exit
                0x0000000000007360       0x20 D:\devkitPro/libnx/lib\libnx.a(init.o)
                0x0000000000007360                __libnx_exit
 .text.__syscall_exit
                0x0000000000007380       0x1c D:\devkitPro/libnx/lib\libnx.a(newlib.o)
                0x0000000000007380                __syscall_exit
 *fill*         0x000000000000739c        0x4 
 .text.__syscall_getreent
                0x00000000000073a0       0x34 D:\devkitPro/libnx/lib\libnx.a(newlib.o)
                0x00000000000073a0                __syscall_getreent
 *fill*         0x00000000000073d4        0xc 
 .text.__syscall_lock_acquire
                0x00000000000073e0        0x4 D:\devkitPro/libnx/lib\libnx.a(newlib.o)
                0x00000000000073e0                __syscall_lock_acquire
 *fill*         0x00000000000073e4        0xc 
 .text.__syscall_lock_release
                0x00000000000073f0        0x4 D:\devkitPro/libnx/lib\libnx.a(newlib.o)
                0x00000000000073f0                __syscall_lock_release
 *fill*         0x00000000000073f4        0xc 
 .text.__syscall_lock_acquire_recursive
                0x0000000000007400        0x4 D:\devkitPro/libnx/lib\libnx.a(newlib.o)
                0x0000000000007400                __syscall_lock_acquire_recursive
 *fill*         0x0000000000007404        0xc 
 .text.__syscall_lock_release_recursive
                0x0000000000007410        0x4 D:\devkitPro/libnx/lib\libnx.a(newlib.o)
                0x0000000000007410                __syscall_lock_release_recursive
 *fill*         0x0000000000007414        0xc 
 .text.newlibSetup
                0x0000000000007420       0x80 D:\devkitPro/libnx/lib\libnx.a(newlib.o)
                0x0000000000007420                newlibSetup
 .text.argvSetup
                0x00000000000074a0      0x324 D:\devkitPro/libnx/lib\libnx.a(argv.o)
                0x00000000000074a0                argvSetup
 .text.__libnx_exception_entry
                0x00000000000077c4      0x1c0 D:\devkitPro/libnx/lib\libnx.a(exception.o)
                0x00000000000077c4                __libnx_exception_entry
 .text.__libnx_exception_returnentry
                0x0000000000007984       0x18 D:\devkitPro/libnx/lib\libnx.a(exception.o)
                0x0000000000007984                __libnx_exception_returnentry
 *fill*         0x000000000000799c        0x4 
 .text.nxlinkSetup
                0x00000000000079a0       0xc4 D:\devkitPro/libnx/lib\libnx.a(nxlink.o)
                0x00000000000079a0                nxlinkSetup
 *fill*         0x0000000000007a64        0x4 
 .text.bsearch  0x0000000000007a68       0xb8 d:/devkitpro/devkita64/bin/../lib/gcc/aarch64-none-elf/8.3.0/../../../../aarch64-none-elf/lib/pic\libg.a(lib_a-bsearch.o)
                0x0000000000007a68                bsearch
 .text.__errno  0x0000000000007b20       0x14 d:/devkitpro/devkita64/bin/../lib/gcc/aarch64-none-elf/8.3.0/../../../../aarch64-none-elf/lib/pic\libg.a(lib_a-errno.o)
                0x0000000000007b20                __errno
 *fill*         0x0000000000007b34        0x4 
 .text._fclose_r
                0x0000000000007b38      0x15c d:/devkitpro/devkita64/bin/../lib/gcc/aarch64-none-elf/8.3.0/../../../../aarch64-none-elf/lib/pic\libg.a(lib_a-fclose.o)
                0x0000000000007b38                _fclose_r
 *fill*         0x0000000000007c94        0x4 
 .text.fclose   0x0000000000007c98       0x1c d:/devkitpro/devkita64/bin/../lib/gcc/aarch64-none-elf/8.3.0/../../../../aarch64-none-elf/lib/pic\libg.a(lib_a-fclose.o)
                0x0000000000007c98                fclose
 *fill*         0x0000000000007cb4        0x4 
 .text.__sflush_r
                0x0000000000007cb8      0x214 d:/devkitpro/devkita64/bin/../lib/gcc/aarch64-none-elf/8.3.0/../../../../aarch64-none-elf/lib/pic\libg.a(lib_a-fflush.o)
                0x0000000000007cb8                __sflush_r
 *fill*         0x0000000000007ecc        0x4 
 .text._fflush_r
                0x0000000000007ed0       0xb8 d:/devkitpro/devkita64/bin/../lib/gcc/aarch64-none-elf/8.3.0/../../../../aarch64-none-elf/lib/pic\libg.a(lib_a-fflush.o)
                0x0000000000007ed0                _fflush_r
 .text.fflush   0x0000000000007f88       0x40 d:/devkitpro/devkita64/bin/../lib/gcc/aarch64-none-elf/8.3.0/../../../../aarch64-none-elf/lib/pic\libg.a(lib_a-fflush.o)
                0x0000000000007f88                fflush
 .text.std      0x0000000000007fc8       0x78 d:/devkitpro/devkita64/bin/../lib/gcc/aarch64-none-elf/8.3.0/../../../../aarch64-none-elf/lib/pic\libg.a(lib_a-findfp.o)
 .text._cleanup_r
                0x0000000000008040        0xc d:/devkitpro/devkita64/bin/../lib/gcc/aarch64-none-elf/8.3.0/../../../../aarch64-none-elf/lib/pic\libg.a(lib_a-findfp.o)
                0x0000000000008040                _cleanup_r
 *fill*         0x000000000000804c        0x4 
 .text.__sfmoreglue
                0x0000000000008050       0x60 d:/devkitpro/devkita64/bin/../lib/gcc/aarch64-none-elf/8.3.0/../../../../aarch64-none-elf/lib/pic\libg.a(lib_a-findfp.o)
                0x0000000000008050                __sfmoreglue
 .text.__sfp_lock_acquire
                0x00000000000080b0        0xc d:/devkitpro/devkita64/bin/../lib/gcc/aarch64-none-elf/8.3.0/../../../../aarch64-none-elf/lib/pic\libg.a(lib_a-findfp.o)
                0x00000000000080b0                __sfp_lock_acquire
 *fill*         0x00000000000080bc        0x4 
 .text.__sfp_lock_release
                0x00000000000080c0        0xc d:/devkitpro/devkita64/bin/../lib/gcc/aarch64-none-elf/8.3.0/../../../../aarch64-none-elf/lib/pic\libg.a(lib_a-findfp.o)
                0x00000000000080c0                __sfp_lock_release
 *fill*         0x00000000000080cc        0x4 
 .text.__sinit_lock_acquire
                0x00000000000080d0        0xc d:/devkitpro/devkita64/bin/../lib/gcc/aarch64-none-elf/8.3.0/../../../../aarch64-none-elf/lib/pic\libg.a(lib_a-findfp.o)
                0x00000000000080d0                __sinit_lock_acquire
 *fill*         0x00000000000080dc        0x4 
 .text.__sinit_lock_release
                0x00000000000080e0        0xc d:/devkitpro/devkita64/bin/../lib/gcc/aarch64-none-elf/8.3.0/../../../../aarch64-none-elf/lib/pic\libg.a(lib_a-findfp.o)
                0x00000000000080e0                __sinit_lock_release
 *fill*         0x00000000000080ec        0x4 
 .text.__sinit  0x00000000000080f0       0x80 d:/devkitpro/devkita64/bin/../lib/gcc/aarch64-none-elf/8.3.0/../../../../aarch64-none-elf/lib/pic\libg.a(lib_a-findfp.o)
                0x00000000000080f0                __sinit
 .text.__sfp    0x0000000000008170      0x118 d:/devkitpro/devkita64/bin/../lib/gcc/aarch64-none-elf/8.3.0/../../../../aarch64-none-elf/lib/pic\libg.a(lib_a-findfp.o)
                0x0000000000008170                __sfp
 .text.__libc_fini_array
                0x0000000000008288       0x44 d:/devkitpro/devkita64/bin/../lib/gcc/aarch64-none-elf/8.3.0/../../../../aarch64-none-elf/lib/pic\libg.a(lib_a-fini.o)
                0x0000000000008288                __libc_fini_array
 *fill*         0x00000000000082cc        0x4 
 .text._fopen_r
                0x00000000000082d0      0x130 d:/devkitpro/devkita64/bin/../lib/gcc/aarch64-none-elf/8.3.0/../../../../aarch64-none-elf/lib/pic\libg.a(lib_a-fopen.o)
                0x00000000000082d0                _fopen_r
 .text.fopen    0x0000000000008400       0x30 d:/devkitpro/devkita64/bin/../lib/gcc/aarch64-none-elf/8.3.0/../../../../aarch64-none-elf/lib/pic\libg.a(lib_a-fopen.o)
                0x0000000000008400                fopen
 .text.fprintf  0x0000000000008430       0x94 d:/devkitpro/devkita64/bin/../lib/gcc/aarch64-none-elf/8.3.0/../../../../aarch64-none-elf/lib/pic\libg.a(lib_a-fprintf.o)
                0x0000000000008430                fprintf
 *fill*         0x00000000000084c4        0x4 
 .text._malloc_trim_r
                0x00000000000084c8      0x118 d:/devkitpro/devkita64/bin/../lib/gcc/aarch64-none-elf/8.3.0/../../../../aarch64-none-elf/lib/pic\libg.a(lib_a-freer.o)
                0x00000000000084c8                _malloc_trim_r
 .text._free_r  0x00000000000085e0      0x2f4 d:/devkitpro/devkita64/bin/../lib/gcc/aarch64-none-elf/8.3.0/../../../../aarch64-none-elf/lib/pic\libg.a(lib_a-freer.o)
                0x00000000000085e0                _free_r
 *fill*         0x00000000000088d4        0x4 
 .text._fseek_r
                0x00000000000088d8        0x4 d:/devkitpro/devkita64/bin/../lib/gcc/aarch64-none-elf/8.3.0/../../../../aarch64-none-elf/lib/pic\libg.a(lib_a-fseek.o)
                0x00000000000088d8                _fseek_r
 *fill*         0x00000000000088dc        0x4 
 .text._fseeko_r
                0x00000000000088e0      0x4c4 d:/devkitpro/devkita64/bin/../lib/gcc/aarch64-none-elf/8.3.0/../../../../aarch64-none-elf/lib/pic\libg.a(lib_a-fseeko.o)
                0x00000000000088e0                _fseeko_r
 *fill*         0x0000000000008da4        0x4 
 .text._fwalk   0x0000000000008da8       0xb8 d:/devkitpro/devkita64/bin/../lib/gcc/aarch64-none-elf/8.3.0/../../../../aarch64-none-elf/lib/pic\libg.a(lib_a-fwalk.o)
                0x0000000000008da8                _fwalk
 .text._fwalk_reent
                0x0000000000008e60       0xbc d:/devkitpro/devkita64/bin/../lib/gcc/aarch64-none-elf/8.3.0/../../../../aarch64-none-elf/lib/pic\libg.a(lib_a-fwalk.o)
                0x0000000000008e60                _fwalk_reent
 *fill*         0x0000000000008f1c        0x4 
 .text._fwrite_r
                0x0000000000008f20       0xe0 d:/devkitpro/devkita64/bin/../lib/gcc/aarch64-none-elf/8.3.0/../../../../aarch64-none-elf/lib/pic\libg.a(lib_a-fwrite.o)
                0x0000000000008f20                _fwrite_r
 .text.fwrite   0x0000000000009000       0x40 d:/devkitpro/devkita64/bin/../lib/gcc/aarch64-none-elf/8.3.0/../../../../aarch64-none-elf/lib/pic\libg.a(lib_a-fwrite.o)
                0x0000000000009000                fwrite
 .text.__libc_init_array
                0x0000000000009040       0x8c d:/devkitpro/devkita64/bin/../lib/gcc/aarch64-none-elf/8.3.0/../../../../aarch64-none-elf/lib/pic\libg.a(lib_a-init.o)
                0x0000000000009040                __libc_init_array
 *fill*         0x00000000000090cc        0x4 
 .text.__swhatbuf_r
                0x00000000000090d0       0xa4 d:/devkitpro/devkita64/bin/../lib/gcc/aarch64-none-elf/8.3.0/../../../../aarch64-none-elf/lib/pic\libg.a(lib_a-makebuf.o)
                0x00000000000090d0                __swhatbuf_r
 *fill*         0x0000000000009174        0x4 
 .text.__smakebuf_r
                0x0000000000009178      0x10c d:/devkitpro/devkita64/bin/../lib/gcc/aarch64-none-elf/8.3.0/../../../../aarch64-none-elf/lib/pic\libg.a(lib_a-makebuf.o)
                0x0000000000009178                __smakebuf_r
 *fill*         0x0000000000009284        0x4 
 .text.malloc   0x0000000000009288       0x1c d:/devkitpro/devkita64/bin/../lib/gcc/aarch64-none-elf/8.3.0/../../../../aarch64-none-elf/lib/pic\libg.a(lib_a-malloc.o)
                0x0000000000009288                malloc
 *fill*         0x00000000000092a4        0x4 
 .text.free     0x00000000000092a8       0x1c d:/devkitpro/devkita64/bin/../lib/gcc/aarch64-none-elf/8.3.0/../../../../aarch64-none-elf/lib/pic\libg.a(lib_a-malloc.o)
                0x00000000000092a8                free
 *fill*         0x00000000000092c4        0x4 
 .text._malloc_r
                0x00000000000092c8      0x87c d:/devkitpro/devkita64/bin/../lib/gcc/aarch64-none-elf/8.3.0/../../../../aarch64-none-elf/lib/pic\libg.a(lib_a-mallocr.o)
                0x00000000000092c8                _malloc_r
 *fill*         0x0000000000009b44       0x3c 
 .text          0x0000000000009b80      0x16c d:/devkitpro/devkita64/bin/../lib/gcc/aarch64-none-elf/8.3.0/../../../../aarch64-none-elf/lib/pic\libg.a(lib_a-memcpy.o)
                0x0000000000009b80                memcpy
 *fill*         0x0000000000009cec       0x14 
 .text          0x0000000000009d00      0x1dc d:/devkitpro/devkita64/bin/../lib/gcc/aarch64-none-elf/8.3.0/../../../../aarch64-none-elf/lib/pic\libg.a(lib_a-memset.o)
                0x0000000000009d00                memset
 *fill*         0x0000000000009edc        0x4 
 .text.__malloc_lock
                0x0000000000009ee0        0xc d:/devkitpro/devkita64/bin/../lib/gcc/aarch64-none-elf/8.3.0/../../../../aarch64-none-elf/lib/pic\libg.a(lib_a-mlock.o)
                0x0000000000009ee0                __malloc_lock
 *fill*         0x0000000000009eec        0x4 
 .text.__malloc_unlock
                0x0000000000009ef0        0xc d:/devkitpro/devkita64/bin/../lib/gcc/aarch64-none-elf/8.3.0/../../../../aarch64-none-elf/lib/pic\libg.a(lib_a-mlock.o)
                0x0000000000009ef0                __malloc_unlock
 *fill*         0x0000000000009efc        0x4 
 .text.lflush   0x0000000000009f00       0x20 d:/devkitpro/devkita64/bin/../lib/gcc/aarch64-none-elf/8.3.0/../../../../aarch64-none-elf/lib/pic\libg.a(lib_a-refill.o)
 .text.__srefill_r
                0x0000000000009f20      0x1d0 d:/devkitpro/devkita64/bin/../lib/gcc/aarch64-none-elf/8.3.0/../../../../aarch64-none-elf/lib/pic\libg.a(lib_a-refill.o)
                0x0000000000009f20                __srefill_r
 .text.__sread  0x000000000000a0f0       0x50 d:/devkitpro/devkita64/bin/../lib/gcc/aarch64-none-elf/8.3.0/../../../../aarch64-none-elf/lib/pic\libg.a(lib_a-stdio.o)
                0x000000000000a0f0                __sread
 .text.__swrite
                0x000000000000a140       0x6c d:/devkitpro/devkita64/bin/../lib/gcc/aarch64-none-elf/8.3.0/../../../../aarch64-none-elf/lib/pic\libg.a(lib_a-stdio.o)
                0x000000000000a140                __swrite
 *fill*         0x000000000000a1ac        0x4 
 .text.__sseek  0x000000000000a1b0       0x50 d:/devkitpro/devkita64/bin/../lib/gcc/aarch64-none-elf/8.3.0/../../../../aarch64-none-elf/lib/pic\libg.a(lib_a-stdio.o)
                0x000000000000a1b0                __sseek
 .text.__sclose
                0x000000000000a200        0x8 d:/devkitpro/devkita64/bin/../lib/gcc/aarch64-none-elf/8.3.0/../../../../aarch64-none-elf/lib/pic\libg.a(lib_a-stdio.o)
                0x000000000000a200                __sclose
 .text          0x000000000000a208       0xdc d:/devkitpro/devkita64/bin/../lib/gcc/aarch64-none-elf/8.3.0/../../../../aarch64-none-elf/lib/pic\libg.a(lib_a-strchr.o)
                0x000000000000a208                strchr
 *fill*         0x000000000000a2e4       0x1c 
 .text          0x000000000000a300      0x140 d:/devkitpro/devkita64/bin/../lib/gcc/aarch64-none-elf/8.3.0/../../../../aarch64-none-elf/lib/pic\libg.a(lib_a-strlen.o)
                0x000000000000a300                strlen
 .text.strncat  0x000000000000a440       0x84 d:/devkitpro/devkita64/bin/../lib/gcc/aarch64-none-elf/8.3.0/../../../../aarch64-none-elf/lib/pic\libg.a(lib_a-strncat.o)
                0x000000000000a440                strncat
 *fill*         0x000000000000a4c4       0x3c 
 .text          0x000000000000a500      0x1d4 d:/devkitpro/devkita64/bin/../lib/gcc/aarch64-none-elf/8.3.0/../../../../aarch64-none-elf/lib/pic\libg.a(lib_a-strncmp.o)
                0x000000000000a51c                strncmp
 *fill*         0x000000000000a6d4        0x4 
 .text.strncpy  0x000000000000a6d8       0xa8 d:/devkitpro/devkita64/bin/../lib/gcc/aarch64-none-elf/8.3.0/../../../../aarch64-none-elf/lib/pic\libg.a(lib_a-strncpy.o)
                0x000000000000a6d8                strncpy
 .text          0x000000000000a780       0xe0 d:/devkitpro/devkita64/bin/../lib/gcc/aarch64-none-elf/8.3.0/../../../../aarch64-none-elf/lib/pic\libg.a(lib_a-strnlen.o)
                0x000000000000a7a4                strnlen
 .text._strtoul_l.isra.0
                0x000000000000a860      0x1ac d:/devkitpro/devkita64/bin/../lib/gcc/aarch64-none-elf/8.3.0/../../../../aarch64-none-elf/lib/pic\libg.a(lib_a-strtoul.o)
 *fill*         0x000000000000aa0c        0x4 
 .text.strtoul  0x000000000000aa10       0x48 d:/devkitpro/devkita64/bin/../lib/gcc/aarch64-none-elf/8.3.0/../../../../aarch64-none-elf/lib/pic\libg.a(lib_a-strtoul.o)
                0x000000000000aa10                strtoul
 .text.get_arg  0x000000000000aa58      0x76c d:/devkitpro/devkita64/bin/../lib/gcc/aarch64-none-elf/8.3.0/../../../../aarch64-none-elf/lib/pic\libg.a(lib_a-vfprintf.o)
 .text._vfprintf_r
                0x000000000000b1c4     0x3c28 d:/devkitpro/devkita64/bin/../lib/gcc/aarch64-none-elf/8.3.0/../../../../aarch64-none-elf/lib/pic\libg.a(lib_a-vfprintf.o)
                0x000000000000b1c4                _vfprintf_r
 .text.__sbprintf
                0x000000000000edec       0xec d:/devkitpro/devkita64/bin/../lib/gcc/aarch64-none-elf/8.3.0/../../../../aarch64-none-elf/lib/pic\libg.a(lib_a-vfprintf.o)
 .text._wcrtomb_r
                0x000000000000eed8       0xd0 d:/devkitpro/devkita64/bin/../lib/gcc/aarch64-none-elf/8.3.0/../../../../aarch64-none-elf/lib/pic\libg.a(lib_a-wcrtomb.o)
                0x000000000000eed8                _wcrtomb_r
 .text._wcsrtombs_r
                0x000000000000efa8       0x10 d:/devkitpro/devkita64/bin/../lib/gcc/aarch64-none-elf/8.3.0/../../../../aarch64-none-elf/lib/pic\libg.a(lib_a-wcsrtombs.o)
                0x000000000000efa8                _wcsrtombs_r
 .text.__swsetup_r
                0x000000000000efb8      0x140 d:/devkitpro/devkita64/bin/../lib/gcc/aarch64-none-elf/8.3.0/../../../../aarch64-none-elf/lib/pic\libg.a(lib_a-wsetup.o)
                0x000000000000efb8                __swsetup_r
 .text.__call_exitprocs
                0x000000000000f0f8      0x124 d:/devkitpro/devkita64/bin/../lib/gcc/aarch64-none-elf/8.3.0/../../../../aarch64-none-elf/lib/pic\libg.a(lib_a-__call_atexit.o)
                0x000000000000f0f8                __call_exitprocs
 *fill*         0x000000000000f21c        0x4 
 .text.quorem   0x000000000000f220      0x1a8 d:/devkitpro/devkita64/bin/../lib/gcc/aarch64-none-elf/8.3.0/../../../../aarch64-none-elf/lib/pic\libg.a(lib_a-dtoa.o)
 .text._dtoa_r  0x000000000000f3c8     0x10dc d:/devkitpro/devkita64/bin/../lib/gcc/aarch64-none-elf/8.3.0/../../../../aarch64-none-elf/lib/pic\libg.a(lib_a-dtoa.o)
                0x000000000000f3c8                _dtoa_r
 *fill*         0x00000000000104a4        0x4 
 .text.__sflags
                0x00000000000104a8       0xa8 d:/devkitpro/devkita64/bin/../lib/gcc/aarch64-none-elf/8.3.0/../../../../aarch64-none-elf/lib/pic\libg.a(lib_a-flags.o)
                0x00000000000104a8                __sflags
 .text.__sfvwrite_r
                0x0000000000010550      0x4b8 d:/devkitpro/devkita64/bin/../lib/gcc/aarch64-none-elf/8.3.0/../../../../aarch64-none-elf/lib/pic\libg.a(lib_a-fvwrite.o)
                0x0000000000010550                __sfvwrite_r
 .text.__localeconv_l
                0x0000000000010a08        0x8 d:/devkitpro/devkita64/bin/../lib/gcc/aarch64-none-elf/8.3.0/../../../../aarch64-none-elf/lib/pic\libg.a(lib_a-localeconv.o)
                0x0000000000010a08                __localeconv_l
 .text._localeconv_r
                0x0000000000010a10       0x28 d:/devkitpro/devkita64/bin/../lib/gcc/aarch64-none-elf/8.3.0/../../../../aarch64-none-elf/lib/pic\libg.a(lib_a-localeconv.o)
                0x0000000000010a10                _localeconv_r
 .text.__locale_mb_cur_max
                0x0000000000010a38       0x2c d:/devkitpro/devkita64/bin/../lib/gcc/aarch64-none-elf/8.3.0/../../../../aarch64-none-elf/lib/pic\libg.a(lib_a-locale.o)
                0x0000000000010a38                __locale_mb_cur_max
 *fill*         0x0000000000010a64        0x4 
 .text.__utf8_mbtowc
                0x0000000000010a68      0x2c8 d:/devkitpro/devkita64/bin/../lib/gcc/aarch64-none-elf/8.3.0/../../../../aarch64-none-elf/lib/pic\libg.a(lib_a-mbtowc_r.o)
                0x0000000000010a68                __utf8_mbtowc
 .text          0x0000000000010d30       0xd8 d:/devkitpro/devkita64/bin/../lib/gcc/aarch64-none-elf/8.3.0/../../../../aarch64-none-elf/lib/pic\libg.a(lib_a-memchr.o)
                0x0000000000010d30                memchr
 *fill*         0x0000000000010e08       0x38 
 .text          0x0000000000010e40       0xac d:/devkitpro/devkita64/bin/../lib/gcc/aarch64-none-elf/8.3.0/../../../../aarch64-none-elf/lib/pic\libg.a(lib_a-memmove.o)
                0x0000000000010e40                memmove
 *fill*         0x0000000000010eec        0x4 
 .text._Balloc  0x0000000000010ef0       0x90 d:/devkitpro/devkita64/bin/../lib/gcc/aarch64-none-elf/8.3.0/../../../../aarch64-none-elf/lib/pic\libg.a(lib_a-mprec.o)
                0x0000000000010ef0                _Balloc
 .text._Bfree   0x0000000000010f80       0x1c d:/devkitpro/devkita64/bin/../lib/gcc/aarch64-none-elf/8.3.0/../../../../aarch64-none-elf/lib/pic\libg.a(lib_a-mprec.o)
                0x0000000000010f80                _Bfree
 *fill*         0x0000000000010f9c        0x4 
 .text.__multadd
                0x0000000000010fa0       0xe8 d:/devkitpro/devkita64/bin/../lib/gcc/aarch64-none-elf/8.3.0/../../../../aarch64-none-elf/lib/pic\libg.a(lib_a-mprec.o)
                0x0000000000010fa0                __multadd
 .text.__hi0bits
                0x0000000000011088       0x5c d:/devkitpro/devkita64/bin/../lib/gcc/aarch64-none-elf/8.3.0/../../../../aarch64-none-elf/lib/pic\libg.a(lib_a-mprec.o)
                0x0000000000011088                __hi0bits
 *fill*         0x00000000000110e4        0x4 
 .text.__lo0bits
                0x00000000000110e8       0xa0 d:/devkitpro/devkita64/bin/../lib/gcc/aarch64-none-elf/8.3.0/../../../../aarch64-none-elf/lib/pic\libg.a(lib_a-mprec.o)
                0x00000000000110e8                __lo0bits
 .text.__i2b    0x0000000000011188       0x2c d:/devkitpro/devkita64/bin/../lib/gcc/aarch64-none-elf/8.3.0/../../../../aarch64-none-elf/lib/pic\libg.a(lib_a-mprec.o)
                0x0000000000011188                __i2b
 *fill*         0x00000000000111b4        0x4 
 .text.__multiply
                0x00000000000111b8      0x1c8 d:/devkitpro/devkita64/bin/../lib/gcc/aarch64-none-elf/8.3.0/../../../../aarch64-none-elf/lib/pic\libg.a(lib_a-mprec.o)
                0x00000000000111b8                __multiply
 .text.__pow5mult
                0x0000000000011380      0x104 d:/devkitpro/devkita64/bin/../lib/gcc/aarch64-none-elf/8.3.0/../../../../aarch64-none-elf/lib/pic\libg.a(lib_a-mprec.o)
                0x0000000000011380                __pow5mult
 *fill*         0x0000000000011484        0x4 
 .text.__lshift
                0x0000000000011488      0x134 d:/devkitpro/devkita64/bin/../lib/gcc/aarch64-none-elf/8.3.0/../../../../aarch64-none-elf/lib/pic\libg.a(lib_a-mprec.o)
                0x0000000000011488                __lshift
 *fill*         0x00000000000115bc        0x4 
 .text.__mcmp   0x00000000000115c0       0x50 d:/devkitpro/devkita64/bin/../lib/gcc/aarch64-none-elf/8.3.0/../../../../aarch64-none-elf/lib/pic\libg.a(lib_a-mprec.o)
                0x00000000000115c0                __mcmp
 .text.__mdiff  0x0000000000011610      0x14c d:/devkitpro/devkita64/bin/../lib/gcc/aarch64-none-elf/8.3.0/../../../../aarch64-none-elf/lib/pic\libg.a(lib_a-mprec.o)
                0x0000000000011610                __mdiff
 *fill*         0x000000000001175c        0x4 
 .text.__d2b    0x0000000000011760      0x138 d:/devkitpro/devkita64/bin/../lib/gcc/aarch64-none-elf/8.3.0/../../../../aarch64-none-elf/lib/pic\libg.a(lib_a-mprec.o)
                0x0000000000011760                __d2b
 .text._realloc_r
                0x0000000000011898      0x56c d:/devkitpro/devkita64/bin/../lib/gcc/aarch64-none-elf/8.3.0/../../../../aarch64-none-elf/lib/pic\libg.a(lib_a-reallocr.o)
                0x0000000000011898                _realloc_r
 *fill*         0x0000000000011e04        0x4 
 .text.frexp    0x0000000000011e08       0x7c d:/devkitpro/devkita64/bin/../lib/gcc/aarch64-none-elf/8.3.0/../../../../aarch64-none-elf/lib/pic\libg.a(lib_a-s_frexp.o)
                0x0000000000011e08                frexp
 *fill*         0x0000000000011e84       0x3c 
 .text          0x0000000000011ec0       0xe4 d:/devkitpro/devkita64/bin/../lib/gcc/aarch64-none-elf/8.3.0/../../../../aarch64-none-elf/lib/pic\libg.a(lib_a-strcmp.o)
                0x0000000000011ec0                strcmp
 .text.__sprint_r
                0x0000000000011fa4       0x3c d:/devkitpro/devkita64/bin/../lib/gcc/aarch64-none-elf/8.3.0/../../../../aarch64-none-elf/lib/pic\libg.a(lib_a-vfiprintf.o)
                0x0000000000011fa4                __sprint_r
 .text._wcsnrtombs_l
                0x0000000000011fe0      0x1dc d:/devkitpro/devkita64/bin/../lib/gcc/aarch64-none-elf/8.3.0/../../../../aarch64-none-elf/lib/pic\libg.a(lib_a-wcsnrtombs.o)
                0x0000000000011fe0                _wcsnrtombs_l
 *fill*         0x00000000000121bc        0x4 
 .text._wcsnrtombs_r
                0x00000000000121c0       0x54 d:/devkitpro/devkita64/bin/../lib/gcc/aarch64-none-elf/8.3.0/../../../../aarch64-none-elf/lib/pic\libg.a(lib_a-wcsnrtombs.o)
                0x00000000000121c0                _wcsnrtombs_r
 *fill*         0x0000000000012214        0x4 
 .text.__utf8_wctomb
                0x0000000000012218       0xe4 d:/devkitpro/devkita64/bin/../lib/gcc/aarch64-none-elf/8.3.0/../../../../aarch64-none-elf/lib/pic\libg.a(lib_a-wctomb_r.o)
                0x0000000000012218                __utf8_wctomb
 *fill*         0x00000000000122fc        0x4 
 .text._calloc_r
                0x0000000000012300       0x94 d:/devkitpro/devkita64/bin/../lib/gcc/aarch64-none-elf/8.3.0/../../../../aarch64-none-elf/lib/pic\libg.a(lib_a-callocr.o)
                0x0000000000012300                _calloc_r
 *fill*         0x0000000000012394        0x4 
 .text.null_write
                0x0000000000012398        0x8 d:/devkitpro/devkita64/bin/../lib/gcc/aarch64-none-elf/8.3.0/../../../../aarch64-none-elf/lib/pic\libsysbase.a(iosupport.o)
 .text.setDefaultDevice
                0x00000000000123a0       0x18 d:/devkitpro/devkita64/bin/../lib/gcc/aarch64-none-elf/8.3.0/../../../../aarch64-none-elf/lib/pic\libsysbase.a(iosupport.o)
                0x00000000000123a0                setDefaultDevice
 .text.FindDevice
                0x00000000000123b8      0x108 d:/devkitpro/devkita64/bin/../lib/gcc/aarch64-none-elf/8.3.0/../../../../aarch64-none-elf/lib/pic\libsysbase.a(iosupport.o)
                0x00000000000123b8                FindDevice
 .text.RemoveDevice
                0x00000000000124c0       0x34 d:/devkitpro/devkita64/bin/../lib/gcc/aarch64-none-elf/8.3.0/../../../../aarch64-none-elf/lib/pic\libsysbase.a(iosupport.o)
                0x00000000000124c0                RemoveDevice
 *fill*         0x00000000000124f4        0x4 
 .text.AddDevice
                0x00000000000124f8       0xd8 d:/devkitpro/devkita64/bin/../lib/gcc/aarch64-none-elf/8.3.0/../../../../aarch64-none-elf/lib/pic\libsysbase.a(iosupport.o)
                0x00000000000124f8                AddDevice
 .text._close_r
                0x00000000000125d0       0xa8 d:/devkitpro/devkita64/bin/../lib/gcc/aarch64-none-elf/8.3.0/../../../../aarch64-none-elf/lib/pic\libsysbase.a(close.o)
                0x00000000000125d0                _close_r
 .text._fstat_r
                0x0000000000012678       0x80 d:/devkitpro/devkita64/bin/../lib/gcc/aarch64-none-elf/8.3.0/../../../../aarch64-none-elf/lib/pic\libsysbase.a(fstat.o)
                0x0000000000012678                _fstat_r
 .text._isatty_r
                0x00000000000126f8        0x8 d:/devkitpro/devkita64/bin/../lib/gcc/aarch64-none-elf/8.3.0/../../../../aarch64-none-elf/lib/pic\libsysbase.a(isatty.o)
                0x00000000000126f8                _isatty_r
 .text._lseek_r
                0x0000000000012700       0x94 d:/devkitpro/devkita64/bin/../lib/gcc/aarch64-none-elf/8.3.0/../../../../aarch64-none-elf/lib/pic\libsysbase.a(lseek.o)
                0x0000000000012700                _lseek_r
 *fill*         0x0000000000012794        0x4 
 .text._open_r  0x0000000000012798       0xe0 d:/devkitpro/devkita64/bin/../lib/gcc/aarch64-none-elf/8.3.0/../../../../aarch64-none-elf/lib/pic\libsysbase.a(open.o)
                0x0000000000012798                _open_r
 .text._read_r  0x0000000000012878       0xa4 d:/devkitpro/devkita64/bin/../lib/gcc/aarch64-none-elf/8.3.0/../../../../aarch64-none-elf/lib/pic\libsysbase.a(read.o)
                0x0000000000012878                _read_r
 *fill*         0x000000000001291c        0x4 
 .text._sbrk_r  0x0000000000012920       0x78 d:/devkitpro/devkita64/bin/../lib/gcc/aarch64-none-elf/8.3.0/../../../../aarch64-none-elf/lib/pic\libsysbase.a(sbrk.o)
                0x0000000000012920                _sbrk_r
 .text._write_r
                0x0000000000012998       0xa4 d:/devkitpro/devkita64/bin/../lib/gcc/aarch64-none-elf/8.3.0/../../../../aarch64-none-elf/lib/pic\libsysbase.a(write.o)
                0x0000000000012998                _write_r
 *fill*         0x0000000000012a3c        0x4 
 .text._exit    0x0000000000012a40       0x20 d:/devkitpro/devkita64/bin/../lib/gcc/aarch64-none-elf/8.3.0/../../../../aarch64-none-elf/lib/pic\libsysbase.a(_exit.o)
                0x0000000000012a40                _exit
 .text._concatenate_path
                0x0000000000012a60      0x234 d:/devkitpro/devkita64/bin/../lib/gcc/aarch64-none-elf/8.3.0/../../../../aarch64-none-elf/lib/pic\libsysbase.a(chdir.o)
                0x0000000000012a60                _concatenate_path
 *fill*         0x0000000000012c94        0x4 
 .text.chdir    0x0000000000012c98      0x178 d:/devkitpro/devkita64/bin/../lib/gcc/aarch64-none-elf/8.3.0/../../../../aarch64-none-elf/lib/pic\libsysbase.a(chdir.o)
                0x0000000000012c98                chdir
 .text.__libc_lock_acquire
                0x0000000000012e10       0x14 d:/devkitpro/devkita64/bin/../lib/gcc/aarch64-none-elf/8.3.0/../../../../aarch64-none-elf/lib/pic\libsysbase.a(locks.o)
                0x0000000000012e10                __libc_lock_acquire
 *fill*         0x0000000000012e24        0x4 
 .text.__libc_lock_release
                0x0000000000012e28       0x14 d:/devkitpro/devkita64/bin/../lib/gcc/aarch64-none-elf/8.3.0/../../../../aarch64-none-elf/lib/pic\libsysbase.a(locks.o)
                0x0000000000012e28                __libc_lock_release
 *fill*         0x0000000000012e3c        0x4 
 .text.__libc_lock_init_recursive
                0x0000000000012e40        0xc d:/devkitpro/devkita64/bin/../lib/gcc/aarch64-none-elf/8.3.0/../../../../aarch64-none-elf/lib/pic\libsysbase.a(locks.o)
                0x0000000000012e40                __libc_lock_init_recursive
 *fill*         0x0000000000012e4c        0x4 
 .text.__libc_lock_acquire_recursive
                0x0000000000012e50       0x14 d:/devkitpro/devkita64/bin/../lib/gcc/aarch64-none-elf/8.3.0/../../../../aarch64-none-elf/lib/pic\libsysbase.a(locks.o)
                0x0000000000012e50                __libc_lock_acquire_recursive
 *fill*         0x0000000000012e64        0x4 
 .text.__libc_lock_release_recursive
                0x0000000000012e68       0x14 d:/devkitpro/devkita64/bin/../lib/gcc/aarch64-none-elf/8.3.0/../../../../aarch64-none-elf/lib/pic\libsysbase.a(locks.o)
                0x0000000000012e68                __libc_lock_release_recursive
 *fill*         0x0000000000012e7c        0x4 
 .text.__libc_lock_close_recursive
                0x0000000000012e80        0x4 d:/devkitpro/devkita64/bin/../lib/gcc/aarch64-none-elf/8.3.0/../../../../aarch64-none-elf/lib/pic\libsysbase.a(locks.o)
                0x0000000000012e80                __libc_lock_close_recursive
 *fill*         0x0000000000012e84        0x4 
 .text.__free_handle
                0x0000000000012e88       0x3c d:/devkitpro/devkita64/bin/../lib/gcc/aarch64-none-elf/8.3.0/../../../../aarch64-none-elf/lib/pic\libsysbase.a(handle_manager.o)
                0x0000000000012e88                __free_handle
 *fill*         0x0000000000012ec4        0x4 
 .text.__release_handle
                0x0000000000012ec8       0x58 d:/devkitpro/devkita64/bin/../lib/gcc/aarch64-none-elf/8.3.0/../../../../aarch64-none-elf/lib/pic\libsysbase.a(handle_manager.o)
                0x0000000000012ec8                __release_handle
 .text.__alloc_handle
                0x0000000000012f20       0xc0 d:/devkitpro/devkita64/bin/../lib/gcc/aarch64-none-elf/8.3.0/../../../../aarch64-none-elf/lib/pic\libsysbase.a(handle_manager.o)
                0x0000000000012f20                __alloc_handle
 .text.__get_handle
                0x0000000000012fe0       0x20 d:/devkitpro/devkita64/bin/../lib/gcc/aarch64-none-elf/8.3.0/../../../../aarch64-none-elf/lib/pic\libsysbase.a(handle_manager.o)
                0x0000000000012fe0                __get_handle
 .text.__getreent
                0x0000000000013000       0x20 d:/devkitpro/devkita64/bin/../lib/gcc/aarch64-none-elf/8.3.0/../../../../aarch64-none-elf/lib/pic\libsysbase.a(getreent.o)
                0x0000000000013000                __getreent
 .text.__trunctfdf2
                0x0000000000013020      0x348 d:/devkitpro/devkita64/bin/../lib/gcc/aarch64-none-elf/8.3.0/pic\libgcc.a(trunctfdf2.o)
                0x0000000000013020                __trunctfdf2
 .text.__sfp_handle_exceptions
                0x0000000000013368       0x70 d:/devkitpro/devkita64/bin/../lib/gcc/aarch64-none-elf/8.3.0/pic\libgcc.a(sfp-exceptions.o)
                0x0000000000013368                __sfp_handle_exceptions
 .text          0x00000000000133d8      0x100 d:/devkitpro/devkita64/bin/../lib/gcc/aarch64-none-elf/8.3.0/../../../../aarch64-none-elf/lib/pic\libg.a(lib_a-strrchr.o)
                0x00000000000133d8                strrchr
                0x00000000000134d8                . = ALIGN (0x8)

.fini           0x00000000000134d8       0x38
 *(.fini)
 .fini          0x00000000000134d8       0x18 d:/devkitpro/devkita64/bin/../lib/gcc/aarch64-none-elf/8.3.0/pic/crti.o
                0x00000000000134d8                _fini
 .fini          0x00000000000134f0       0x1c d:/devkitpro/devkita64/bin/../lib/gcc/aarch64-none-elf/8.3.0/pic/crtn.o
                0x0000000000013510                . = ALIGN (0x8)
 *fill*         0x000000000001350c        0x4 
                0x0000000000014000                . = ALIGN (0x1000)

.nx-module-name
                0x0000000000014000       0x11
 *(.nx-module-name)
 .nx-module-name
                0x0000000000014000       0x11 d:/devkitpro/devkita64/bin/../lib/gcc/aarch64-none-elf/8.3.0/pic/crti.o

.rodata         0x0000000000014018      0x790
 *(.rodata .rodata.* .gnu.linkonce.r.*)
 .rodata.str1.8
                0x0000000000014018       0xc6 main.o
 *fill*         0x00000000000140de        0x2 
 .rodata.pmdmntInitialize.str1.8
                0x00000000000140e0        0x8 D:\devkitPro/libnx/lib\libnx.a(pm.o)
 .rodata        0x00000000000140e8       0x24 D:\devkitPro/libnx/lib\libnx.a(hid.o)
 *fill*         0x000000000001410c        0x4 
 .rodata.hidInitialize.str1.8
                0x0000000000014110        0x4 D:\devkitPro/libnx/lib\libnx.a(hid.o)
 *fill*         0x0000000000014114        0x4 
 .rodata.smInitialize.str1.8
                0x0000000000014118        0x4 D:\devkitPro/libnx/lib\libnx.a(sm.o)
                                          0x9 (size before relaxing)
 *fill*         0x000000000001411c        0x4 
 .rodata._fatalImpl.str1.8
                0x0000000000014120        0x8 D:\devkitPro/libnx/lib\libnx.a(fatal.o)
 .rodata.fsInitialize.str1.8
                0x0000000000014128        0x8 D:\devkitPro/libnx/lib\libnx.a(fs.o)
 .rodata.setsysInitialize.str1.8
                0x0000000000014130        0x8 D:\devkitPro/libnx/lib\libnx.a(set.o)
 .rodata._fsdevUnmountDeviceStruct.part.4.str1.8
                0x0000000000014138        0x2 D:\devkitPro/libnx/lib\libnx.a(fs_dev.o)
 *fill*         0x000000000001413a        0x6 
 .rodata.error_table
                0x0000000000014140       0x18 D:\devkitPro/libnx/lib\libnx.a(fs_dev.o)
 .rodata.fsdevMountSdmc.str1.8
                0x0000000000014158        0x5 D:\devkitPro/libnx/lib\libnx.a(fs_dev.o)
 *fill*         0x000000000001415d        0x3 
 .rodata.nxlinkSetup.str1.8
                0x0000000000014160        0x9 D:\devkitPro/libnx/lib\libnx.a(nxlink.o)
 *fill*         0x0000000000014169        0x7 
 .rodata._ctype_
                0x0000000000014170      0x101 d:/devkitpro/devkita64/bin/../lib/gcc/aarch64-none-elf/8.3.0/../../../../aarch64-none-elf/lib/pic\libg.a(lib_a-ctype_.o)
                0x0000000000014170                _ctype_
 *fill*         0x0000000000014271        0x3 
 .rodata.get_arg
                0x0000000000014274       0x92 d:/devkitpro/devkita64/bin/../lib/gcc/aarch64-none-elf/8.3.0/../../../../aarch64-none-elf/lib/pic\libg.a(lib_a-vfprintf.o)
 *fill*         0x0000000000014306        0x2 
 .rodata._vfprintf_r
                0x0000000000014308       0xb6 d:/devkitpro/devkita64/bin/../lib/gcc/aarch64-none-elf/8.3.0/../../../../aarch64-none-elf/lib/pic\libg.a(lib_a-vfprintf.o)
 .rodata._vfprintf_r.str1.1
                0x00000000000143be       0x3b d:/devkitpro/devkita64/bin/../lib/gcc/aarch64-none-elf/8.3.0/../../../../aarch64-none-elf/lib/pic\libg.a(lib_a-vfprintf.o)
 *fill*         0x00000000000143f9        0x7 
 .rodata.blanks.6605
                0x0000000000014400       0x10 d:/devkitpro/devkita64/bin/../lib/gcc/aarch64-none-elf/8.3.0/../../../../aarch64-none-elf/lib/pic\libg.a(lib_a-vfprintf.o)
 .rodata.zeroes.6606
                0x0000000000014410       0x10 d:/devkitpro/devkita64/bin/../lib/gcc/aarch64-none-elf/8.3.0/../../../../aarch64-none-elf/lib/pic\libg.a(lib_a-vfprintf.o)
 .rodata._dtoa_r.cst8
                0x0000000000014420       0x18 d:/devkitpro/devkita64/bin/../lib/gcc/aarch64-none-elf/8.3.0/../../../../aarch64-none-elf/lib/pic\libg.a(lib_a-dtoa.o)
 .rodata._dtoa_r.str1.8
                0x0000000000014438       0x1a d:/devkitpro/devkita64/bin/../lib/gcc/aarch64-none-elf/8.3.0/../../../../aarch64-none-elf/lib/pic\libg.a(lib_a-dtoa.o)
 *fill*         0x0000000000014452        0x6 
 .rodata.str1.8
                0x0000000000014458       0x5c d:/devkitpro/devkita64/bin/../lib/gcc/aarch64-none-elf/8.3.0/../../../../aarch64-none-elf/lib/pic\libg.a(lib_a-locale.o)
                                         0x64 (size before relaxing)
 *fill*         0x00000000000144b4        0x4 
 .rodata.__mprec_bigtens
                0x00000000000144b8       0x28 d:/devkitpro/devkita64/bin/../lib/gcc/aarch64-none-elf/8.3.0/../../../../aarch64-none-elf/lib/pic\libg.a(lib_a-mprec.o)
                0x00000000000144b8                __mprec_bigtens
 .rodata.__mprec_tens
                0x00000000000144e0       0xc8 d:/devkitpro/devkita64/bin/../lib/gcc/aarch64-none-elf/8.3.0/../../../../aarch64-none-elf/lib/pic\libg.a(lib_a-mprec.o)
                0x00000000000144e0                __mprec_tens
 .rodata.p05.5339
                0x00000000000145a8        0xc d:/devkitpro/devkita64/bin/../lib/gcc/aarch64-none-elf/8.3.0/../../../../aarch64-none-elf/lib/pic\libg.a(lib_a-mprec.o)
 *fill*         0x00000000000145b4        0x4 
 .rodata.__action_table
                0x00000000000145b8       0x6c d:/devkitpro/devkita64/bin/../lib/gcc/aarch64-none-elf/8.3.0/../../../../aarch64-none-elf/lib/pic\libg.a(lib_a-svfiprintf.o)
                0x00000000000145b8                __action_table
 *fill*         0x0000000000014624        0x4 
 .rodata.__chclass
                0x0000000000014628      0x100 d:/devkitpro/devkita64/bin/../lib/gcc/aarch64-none-elf/8.3.0/../../../../aarch64-none-elf/lib/pic\libg.a(lib_a-svfiprintf.o)
                0x0000000000014628                __chclass
 .rodata.__state_table
                0x0000000000014728       0x6c d:/devkitpro/devkita64/bin/../lib/gcc/aarch64-none-elf/8.3.0/../../../../aarch64-none-elf/lib/pic\libg.a(lib_a-svfiprintf.o)
                0x0000000000014728                __state_table
 *fill*         0x0000000000014794        0x4 
 .rodata.AddDevice.str1.8
                0x0000000000014798        0x8 d:/devkitpro/devkita64/bin/../lib/gcc/aarch64-none-elf/8.3.0/../../../../aarch64-none-elf/lib/pic\libsysbase.a(iosupport.o)
 .rodata.DIRECTORY_PARENT
                0x00000000000147a0        0x3 d:/devkitpro/devkita64/bin/../lib/gcc/aarch64-none-elf/8.3.0/../../../../aarch64-none-elf/lib/pic\libsysbase.a(chdir.o)
                0x00000000000147a0                DIRECTORY_PARENT
                0x00000000000147a8                . = ALIGN (0x8)
 *fill*         0x00000000000147a3        0x5 

.eh_frame_hdr   0x00000000000147a8        0x0
                0x00000000000147a8                __eh_frame_hdr_start = .
 *(.eh_frame_hdr)
 *(.eh_frame_entry .eh_frame_entry.*)
                0x00000000000147a8                __eh_frame_hdr_end = .

.eh_frame       0x00000000000147a8     0x2f88
 *(.eh_frame)
 .eh_frame      0x00000000000147a8       0x80 d:/devkitpro/devkita64/bin/../lib/gcc/aarch64-none-elf/8.3.0/pic/crtbegin.o
 .eh_frame      0x0000000000014828       0x98 main.o
                                         0xa8 (size before relaxing)
 .eh_frame      0x00000000000148c0       0x50 D:\devkitPro/libnx/lib\libnx.a(pm.o)
                                        0x568 (size before relaxing)
 .eh_frame      0x0000000000014910      0x2d8 D:\devkitPro/libnx/lib\libnx.a(hid.o)
                                        0x9a8 (size before relaxing)
 .eh_frame      0x0000000000014be8      0x130 D:\devkitPro/libnx/lib\libnx.a(sm.o)
                                        0x1c0 (size before relaxing)
 .eh_frame      0x0000000000014d18       0x60 D:\devkitPro/libnx/lib\libnx.a(fatal.o)
                                         0x88 (size before relaxing)
 .eh_frame      0x0000000000014d78      0x598 D:\devkitPro/libnx/lib\libnx.a(fs.o)
                                        0xce8 (size before relaxing)
 .eh_frame      0x0000000000015310       0xb0 D:\devkitPro/libnx/lib\libnx.a(set.o)
                                        0x4e0 (size before relaxing)
 .eh_frame      0x00000000000153c0       0x28 D:\devkitPro/libnx/lib\libnx.a(hosversion.o)
                                         0x40 (size before relaxing)
 .eh_frame      0x00000000000153e8      0x678 D:\devkitPro/libnx/lib\libnx.a(fs_dev.o)
                                        0x770 (size before relaxing)
 .eh_frame      0x0000000000015a60       0x18 D:\devkitPro/libnx/lib\libnx.a(decode_utf8.o)
                                         0x28 (size before relaxing)
 .eh_frame      0x0000000000015a78      0x158 D:\devkitPro/libnx/lib\libnx.a(svc.o)
                                        0x7d0 (size before relaxing)
 .eh_frame      0x0000000000015bd0       0x18 D:\devkitPro/libnx/lib\libnx.a(readtp.o)
                                         0x28 (size before relaxing)
 .eh_frame      0x0000000000015be8       0x68 D:\devkitPro/libnx/lib\libnx.a(detect.o)
                                         0xd8 (size before relaxing)
 .eh_frame      0x0000000000015c50       0x98 D:\devkitPro/libnx/lib\libnx.a(rwlock.o)
                                         0xc0 (size before relaxing)
 .eh_frame      0x0000000000015ce8       0x70 D:\devkitPro/libnx/lib\libnx.a(mutex.o)
                                         0xc0 (size before relaxing)
 .eh_frame      0x0000000000015d58       0xa0 D:\devkitPro/libnx/lib\libnx.a(shmem.o)
                                         0xc8 (size before relaxing)
 .eh_frame      0x0000000000015df8       0xb8 D:\devkitPro/libnx/lib\libnx.a(virtmem.o)
                                        0x120 (size before relaxing)
 .eh_frame      0x0000000000015eb0        0x0 D:\devkitPro/libnx/lib\libnx.a(event.o)
                                         0xc0 (size before relaxing)
 .eh_frame      0x0000000000015eb0       0x30 D:\devkitPro/libnx/lib\libnx.a(condvar.o)
                                         0x48 (size before relaxing)
 .eh_frame      0x0000000000015ee0       0x18 D:\devkitPro/libnx/lib\libnx.a(applet.o)
                                       0x11c8 (size before relaxing)
 .eh_frame      0x0000000000015ef8        0x0 D:\devkitPro/libnx/lib\libnx.a(apm.o)
                                        0x128 (size before relaxing)
 .eh_frame      0x0000000000015ef8       0x18 D:\devkitPro/libnx/lib\libnx.a(dynamic.o)
                                         0x30 (size before relaxing)
 .eh_frame      0x0000000000015f10       0xc0 D:\devkitPro/libnx/lib\libnx.a(env.o)
                                        0x1d8 (size before relaxing)
 .eh_frame      0x0000000000015fd0       0x38 D:\devkitPro/libnx/lib\libnx.a(init.o)
                                         0xb8 (size before relaxing)
 .eh_frame      0x0000000000016008       0xb8 D:\devkitPro/libnx/lib\libnx.a(newlib.o)
                                        0x420 (size before relaxing)
 .eh_frame      0x00000000000160c0       0xa8 D:\devkitPro/libnx/lib\libnx.a(argv.o)
                                         0xb8 (size before relaxing)
 .eh_frame      0x0000000000016168       0x28 D:\devkitPro/libnx/lib\libnx.a(exception.o)
                                         0x40 (size before relaxing)
 .eh_frame      0x0000000000016190        0x0 D:\devkitPro/libnx/lib\libnx.a(tmem.o)
                                        0x108 (size before relaxing)
 .eh_frame      0x0000000000016190        0x0 D:\devkitPro/libnx/lib\libnx.a(wait.o)
                                         0xc8 (size before relaxing)
 .eh_frame      0x0000000000016190        0x0 D:\devkitPro/libnx/lib\libnx.a(thread.o)
                                        0x1c8 (size before relaxing)
 .eh_frame      0x0000000000016190        0x0 D:\devkitPro/libnx/lib\libnx.a(time.o)
                                        0x198 (size before relaxing)
 .eh_frame      0x0000000000016190       0x50 D:\devkitPro/libnx/lib\libnx.a(nxlink.o)
                                         0x68 (size before relaxing)
 .eh_frame      0x00000000000161e0       0x68 d:/devkitpro/devkita64/bin/../lib/gcc/aarch64-none-elf/8.3.0/../../../../aarch64-none-elf/lib/pic\libg.a(lib_a-bsearch.o)
                                         0x78 (size before relaxing)
 .eh_frame      0x0000000000016248        0x0 d:/devkitpro/devkita64/bin/../lib/gcc/aarch64-none-elf/8.3.0/../../../../aarch64-none-elf/lib/pic\libg.a(lib_a-ctype_.o)
                                         0x28 (size before relaxing)
 .eh_frame      0x0000000000016248       0x20 d:/devkitpro/devkita64/bin/../lib/gcc/aarch64-none-elf/8.3.0/../../../../aarch64-none-elf/lib/pic\libg.a(lib_a-errno.o)
                                         0x38 (size before relaxing)
 .eh_frame      0x0000000000016268       0x20 d:/devkitpro/devkita64/bin/../lib/gcc/aarch64-none-elf/8.3.0/../../../../aarch64-none-elf/lib/pic\libg.a(lib_a-exit.o)
                                         0x30 (size before relaxing)
 .eh_frame      0x0000000000016288       0x78 d:/devkitpro/devkita64/bin/../lib/gcc/aarch64-none-elf/8.3.0/../../../../aarch64-none-elf/lib/pic\libg.a(lib_a-fclose.o)
                                         0x90 (size before relaxing)
 .eh_frame      0x0000000000016300       0xa0 d:/devkitpro/devkita64/bin/../lib/gcc/aarch64-none-elf/8.3.0/../../../../aarch64-none-elf/lib/pic\libg.a(lib_a-fflush.o)
                                         0xb8 (size before relaxing)
 .eh_frame      0x00000000000163a0      0x100 d:/devkitpro/devkita64/bin/../lib/gcc/aarch64-none-elf/8.3.0/../../../../aarch64-none-elf/lib/pic\libg.a(lib_a-findfp.o)
                                        0x1a8 (size before relaxing)
 .eh_frame      0x00000000000164a0       0x28 d:/devkitpro/devkita64/bin/../lib/gcc/aarch64-none-elf/8.3.0/../../../../aarch64-none-elf/lib/pic\libg.a(lib_a-fini.o)
                                         0x38 (size before relaxing)
 .eh_frame      0x00000000000164c8       0x60 d:/devkitpro/devkita64/bin/../lib/gcc/aarch64-none-elf/8.3.0/../../../../aarch64-none-elf/lib/pic\libg.a(lib_a-fopen.o)
                                         0x78 (size before relaxing)
 .eh_frame      0x0000000000016528       0x28 d:/devkitpro/devkita64/bin/../lib/gcc/aarch64-none-elf/8.3.0/../../../../aarch64-none-elf/lib/pic\libg.a(lib_a-fprintf.o)
                                         0x58 (size before relaxing)
 .eh_frame      0x0000000000016550       0x80 d:/devkitpro/devkita64/bin/../lib/gcc/aarch64-none-elf/8.3.0/../../../../aarch64-none-elf/lib/pic\libg.a(lib_a-freer.o)
                                         0x98 (size before relaxing)
 .eh_frame      0x00000000000165d0       0x18 d:/devkitpro/devkita64/bin/../lib/gcc/aarch64-none-elf/8.3.0/../../../../aarch64-none-elf/lib/pic\libg.a(lib_a-fseek.o)
                                         0x50 (size before relaxing)
 .eh_frame      0x00000000000165e8       0x78 d:/devkitpro/devkita64/bin/../lib/gcc/aarch64-none-elf/8.3.0/../../../../aarch64-none-elf/lib/pic\libg.a(lib_a-fseeko.o)
                                         0xb0 (size before relaxing)
 .eh_frame      0x0000000000016660       0x98 d:/devkitpro/devkita64/bin/../lib/gcc/aarch64-none-elf/8.3.0/../../../../aarch64-none-elf/lib/pic\libg.a(lib_a-fwalk.o)
                                         0xa8 (size before relaxing)
 .eh_frame      0x00000000000166f8       0x58 d:/devkitpro/devkita64/bin/../lib/gcc/aarch64-none-elf/8.3.0/../../../../aarch64-none-elf/lib/pic\libg.a(lib_a-fwrite.o)
                                         0x70 (size before relaxing)
 .eh_frame      0x0000000000016750       0x28 d:/devkitpro/devkita64/bin/../lib/gcc/aarch64-none-elf/8.3.0/../../../../aarch64-none-elf/lib/pic\libg.a(lib_a-init.o)
                                         0x40 (size before relaxing)
 .eh_frame      0x0000000000016778       0x80 d:/devkitpro/devkita64/bin/../lib/gcc/aarch64-none-elf/8.3.0/../../../../aarch64-none-elf/lib/pic\libg.a(lib_a-makebuf.o)
                                         0x98 (size before relaxing)
 .eh_frame      0x00000000000167f8        0x0 d:/devkitpro/devkita64/bin/../lib/gcc/aarch64-none-elf/8.3.0/../../../../aarch64-none-elf/lib/pic\libg.a(lib_a-malign.o)
                                         0x38 (size before relaxing)
 .eh_frame      0x00000000000167f8        0x0 d:/devkitpro/devkita64/bin/../lib/gcc/aarch64-none-elf/8.3.0/../../../../aarch64-none-elf/lib/pic\libg.a(lib_a-malignr.o)
                                         0x68 (size before relaxing)
 .eh_frame      0x00000000000167f8       0x40 d:/devkitpro/devkita64/bin/../lib/gcc/aarch64-none-elf/8.3.0/../../../../aarch64-none-elf/lib/pic\libg.a(lib_a-malloc.o)
                                         0x58 (size before relaxing)
 .eh_frame      0x0000000000016838       0xd0 d:/devkitpro/devkita64/bin/../lib/gcc/aarch64-none-elf/8.3.0/../../../../aarch64-none-elf/lib/pic\libg.a(lib_a-mallocr.o)
                                         0xe0 (size before relaxing)
 .eh_frame      0x0000000000016908       0x28 d:/devkitpro/devkita64/bin/../lib/gcc/aarch64-none-elf/8.3.0/../../../../aarch64-none-elf/lib/pic\libg.a(lib_a-mlock.o)
                                         0x40 (size before relaxing)
 .eh_frame      0x0000000000016930       0x70 d:/devkitpro/devkita64/bin/../lib/gcc/aarch64-none-elf/8.3.0/../../../../aarch64-none-elf/lib/pic\libg.a(lib_a-refill.o)
                                         0x88 (size before relaxing)
 .eh_frame      0x00000000000169a0        0x0 d:/devkitpro/devkita64/bin/../lib/gcc/aarch64-none-elf/8.3.0/../../../../aarch64-none-elf/lib/pic\libg.a(lib_a-setenv.o)
                                         0x58 (size before relaxing)
 .eh_frame      0x00000000000169a0        0x0 d:/devkitpro/devkita64/bin/../lib/gcc/aarch64-none-elf/8.3.0/../../../../aarch64-none-elf/lib/pic\libg.a(lib_a-setenv_r.o)
                                         0xc8 (size before relaxing)
 .eh_frame      0x00000000000169a0       0xa0 d:/devkitpro/devkita64/bin/../lib/gcc/aarch64-none-elf/8.3.0/../../../../aarch64-none-elf/lib/pic\libg.a(lib_a-stdio.o)
                                         0xc8 (size before relaxing)
 .eh_frame      0x0000000000016a40       0x18 d:/devkitpro/devkita64/bin/../lib/gcc/aarch64-none-elf/8.3.0/../../../../aarch64-none-elf/lib/pic\libg.a(lib_a-strncat.o)
                                         0x28 (size before relaxing)
 .eh_frame      0x0000000000016a58       0x18 d:/devkitpro/devkita64/bin/../lib/gcc/aarch64-none-elf/8.3.0/../../../../aarch64-none-elf/lib/pic\libg.a(lib_a-strncpy.o)
                                         0x28 (size before relaxing)
 .eh_frame      0x0000000000016a70       0x38 d:/devkitpro/devkita64/bin/../lib/gcc/aarch64-none-elf/8.3.0/../../../../aarch64-none-elf/lib/pic\libg.a(lib_a-strtoul.o)
                                         0x98 (size before relaxing)
 .eh_frame      0x0000000000016aa8       0xe8 d:/devkitpro/devkita64/bin/../lib/gcc/aarch64-none-elf/8.3.0/../../../../aarch64-none-elf/lib/pic\libg.a(lib_a-vfprintf.o)
                                        0x120 (size before relaxing)
 .eh_frame      0x0000000000016b90       0x38 d:/devkitpro/devkita64/bin/../lib/gcc/aarch64-none-elf/8.3.0/../../../../aarch64-none-elf/lib/pic\libg.a(lib_a-wcrtomb.o)
                                         0x80 (size before relaxing)
 .eh_frame      0x0000000000016bc8       0x18 d:/devkitpro/devkita64/bin/../lib/gcc/aarch64-none-elf/8.3.0/../../../../aarch64-none-elf/lib/pic\libg.a(lib_a-wcsrtombs.o)
                                         0x50 (size before relaxing)
 .eh_frame      0x0000000000016be0       0x28 d:/devkitpro/devkita64/bin/../lib/gcc/aarch64-none-elf/8.3.0/../../../../aarch64-none-elf/lib/pic\libg.a(lib_a-wsetup.o)
                                         0x40 (size before relaxing)
 .eh_frame      0x0000000000016c08       0x40 d:/devkitpro/devkita64/bin/../lib/gcc/aarch64-none-elf/8.3.0/../../../../aarch64-none-elf/lib/pic\libg.a(lib_a-__call_atexit.o)
                                         0x58 (size before relaxing)
 .eh_frame      0x0000000000016c48       0x98 d:/devkitpro/devkita64/bin/../lib/gcc/aarch64-none-elf/8.3.0/../../../../aarch64-none-elf/lib/pic\libg.a(lib_a-dtoa.o)
                                         0xb0 (size before relaxing)
 .eh_frame      0x0000000000016ce0        0x0 d:/devkitpro/devkita64/bin/../lib/gcc/aarch64-none-elf/8.3.0/../../../../aarch64-none-elf/lib/pic\libg.a(lib_a-envlock.o)
                                         0x40 (size before relaxing)
 .eh_frame      0x0000000000016ce0       0x18 d:/devkitpro/devkita64/bin/../lib/gcc/aarch64-none-elf/8.3.0/../../../../aarch64-none-elf/lib/pic\libg.a(lib_a-flags.o)
                                         0x28 (size before relaxing)
 .eh_frame      0x0000000000016cf8       0xa0 d:/devkitpro/devkita64/bin/../lib/gcc/aarch64-none-elf/8.3.0/../../../../aarch64-none-elf/lib/pic\libg.a(lib_a-fvwrite.o)
                                         0xb8 (size before relaxing)
 .eh_frame      0x0000000000016d98        0x0 d:/devkitpro/devkita64/bin/../lib/gcc/aarch64-none-elf/8.3.0/../../../../aarch64-none-elf/lib/pic\libg.a(lib_a-getenv_r.o)
                                         0x78 (size before relaxing)
 .eh_frame      0x0000000000016d98       0x38 d:/devkitpro/devkita64/bin/../lib/gcc/aarch64-none-elf/8.3.0/../../../../aarch64-none-elf/lib/pic\libg.a(lib_a-localeconv.o)
                                         0x68 (size before relaxing)
 .eh_frame      0x0000000000016dd0       0x20 d:/devkitpro/devkita64/bin/../lib/gcc/aarch64-none-elf/8.3.0/../../../../aarch64-none-elf/lib/pic\libg.a(lib_a-locale.o)
                                        0x210 (size before relaxing)
 .eh_frame      0x0000000000016df0       0x30 d:/devkitpro/devkita64/bin/../lib/gcc/aarch64-none-elf/8.3.0/../../../../aarch64-none-elf/lib/pic\libg.a(lib_a-mbtowc_r.o)
                                        0x110 (size before relaxing)
 .eh_frame      0x0000000000016e20      0x1e8 d:/devkitpro/devkita64/bin/../lib/gcc/aarch64-none-elf/8.3.0/../../../../aarch64-none-elf/lib/pic\libg.a(lib_a-mprec.o)
                                        0x310 (size before relaxing)
 .eh_frame      0x0000000000017008       0xf0 d:/devkitpro/devkita64/bin/../lib/gcc/aarch64-none-elf/8.3.0/../../../../aarch64-none-elf/lib/pic\libg.a(lib_a-reallocr.o)
                                        0x108 (size before relaxing)
 .eh_frame      0x00000000000170f8       0x18 d:/devkitpro/devkita64/bin/../lib/gcc/aarch64-none-elf/8.3.0/../../../../aarch64-none-elf/lib/pic\libg.a(lib_a-s_frexp.o)
                                         0x28 (size before relaxing)
 .eh_frame      0x0000000000017110        0x0 d:/devkitpro/devkita64/bin/../lib/gcc/aarch64-none-elf/8.3.0/../../../../aarch64-none-elf/lib/pic\libg.a(lib_a-strcasecmp.o)
                                         0x28 (size before relaxing)
 .eh_frame      0x0000000000017110        0x0 d:/devkitpro/devkita64/bin/../lib/gcc/aarch64-none-elf/8.3.0/../../../../aarch64-none-elf/lib/pic\libg.a(lib_a-strcat.o)
                                         0x38 (size before relaxing)
 .eh_frame      0x0000000000017110        0x0 d:/devkitpro/devkita64/bin/../lib/gcc/aarch64-none-elf/8.3.0/../../../../aarch64-none-elf/lib/pic\libg.a(lib_a-strlcpy.o)
                                         0x28 (size before relaxing)
 .eh_frame      0x0000000000017110        0x0 d:/devkitpro/devkita64/bin/../lib/gcc/aarch64-none-elf/8.3.0/../../../../aarch64-none-elf/lib/pic\libg.a(lib_a-strncasecmp.o)
                                         0x28 (size before relaxing)
 .eh_frame      0x0000000000017110        0x0 d:/devkitpro/devkita64/bin/../lib/gcc/aarch64-none-elf/8.3.0/../../../../aarch64-none-elf/lib/pic\libg.a(lib_a-strtol.o)
                                         0x98 (size before relaxing)
 .eh_frame      0x0000000000017110        0x0 d:/devkitpro/devkita64/bin/../lib/gcc/aarch64-none-elf/8.3.0/../../../../aarch64-none-elf/lib/pic\libg.a(lib_a-svfiprintf.o)
                                         0xf8 (size before relaxing)
 .eh_frame      0x0000000000017110       0x28 d:/devkitpro/devkita64/bin/../lib/gcc/aarch64-none-elf/8.3.0/../../../../aarch64-none-elf/lib/pic\libg.a(lib_a-vfiprintf.o)
                                        0x130 (size before relaxing)
 .eh_frame      0x0000000000017138      0x100 d:/devkitpro/devkita64/bin/../lib/gcc/aarch64-none-elf/8.3.0/../../../../aarch64-none-elf/lib/pic\libg.a(lib_a-wcsnrtombs.o)
                                        0x138 (size before relaxing)
 .eh_frame      0x0000000000017238       0x18 d:/devkitpro/devkita64/bin/../lib/gcc/aarch64-none-elf/8.3.0/../../../../aarch64-none-elf/lib/pic\libg.a(lib_a-wctomb_r.o)
                                         0xa0 (size before relaxing)
 .eh_frame      0x0000000000017250       0x30 d:/devkitpro/devkita64/bin/../lib/gcc/aarch64-none-elf/8.3.0/../../../../aarch64-none-elf/lib/pic\libg.a(lib_a-callocr.o)
                                         0x40 (size before relaxing)
 .eh_frame      0x0000000000017280       0xf0 d:/devkitpro/devkita64/bin/../lib/gcc/aarch64-none-elf/8.3.0/../../../../aarch64-none-elf/lib/pic\libsysbase.a(iosupport.o)
                                        0x130 (size before relaxing)
 .eh_frame      0x0000000000017370       0x48 d:/devkitpro/devkita64/bin/../lib/gcc/aarch64-none-elf/8.3.0/../../../../aarch64-none-elf/lib/pic\libsysbase.a(close.o)
                                         0x58 (size before relaxing)
 .eh_frame      0x00000000000173b8       0x30 d:/devkitpro/devkita64/bin/../lib/gcc/aarch64-none-elf/8.3.0/../../../../aarch64-none-elf/lib/pic\libsysbase.a(fstat.o)
                                         0x48 (size before relaxing)
 .eh_frame      0x00000000000173e8       0x18 d:/devkitpro/devkita64/bin/../lib/gcc/aarch64-none-elf/8.3.0/../../../../aarch64-none-elf/lib/pic\libsysbase.a(isatty.o)
                                         0x28 (size before relaxing)
 .eh_frame      0x0000000000017400       0x38 d:/devkitpro/devkita64/bin/../lib/gcc/aarch64-none-elf/8.3.0/../../../../aarch64-none-elf/lib/pic\libsysbase.a(lseek.o)
                                         0x48 (size before relaxing)
 .eh_frame      0x0000000000017438       0x38 d:/devkitpro/devkita64/bin/../lib/gcc/aarch64-none-elf/8.3.0/../../../../aarch64-none-elf/lib/pic\libsysbase.a(open.o)
                                         0x50 (size before relaxing)
 .eh_frame      0x0000000000017470       0x38 d:/devkitpro/devkita64/bin/../lib/gcc/aarch64-none-elf/8.3.0/../../../../aarch64-none-elf/lib/pic\libsysbase.a(read.o)
                                         0x50 (size before relaxing)
 .eh_frame      0x00000000000174a8       0x18 d:/devkitpro/devkita64/bin/../lib/gcc/aarch64-none-elf/8.3.0/../../../../aarch64-none-elf/lib/pic\libsysbase.a(sbrk.o)
                                         0x28 (size before relaxing)
 .eh_frame      0x00000000000174c0       0x38 d:/devkitpro/devkita64/bin/../lib/gcc/aarch64-none-elf/8.3.0/../../../../aarch64-none-elf/lib/pic\libsysbase.a(write.o)
                                         0x50 (size before relaxing)
 .eh_frame      0x00000000000174f8       0x20 d:/devkitpro/devkita64/bin/../lib/gcc/aarch64-none-elf/8.3.0/../../../../aarch64-none-elf/lib/pic\libsysbase.a(_exit.o)
                                         0x38 (size before relaxing)
 .eh_frame      0x0000000000017518       0xd0 d:/devkitpro/devkita64/bin/../lib/gcc/aarch64-none-elf/8.3.0/../../../../aarch64-none-elf/lib/pic\libsysbase.a(chdir.o)
                                        0x128 (size before relaxing)
 .eh_frame      0x00000000000175e8       0x78 d:/devkitpro/devkita64/bin/../lib/gcc/aarch64-none-elf/8.3.0/../../../../aarch64-none-elf/lib/pic\libsysbase.a(locks.o)
                                        0x178 (size before relaxing)
 .eh_frame      0x0000000000017660       0x80 d:/devkitpro/devkita64/bin/../lib/gcc/aarch64-none-elf/8.3.0/../../../../aarch64-none-elf/lib/pic\libsysbase.a(handle_manager.o)
                                        0x108 (size before relaxing)
 .eh_frame      0x00000000000176e0       0x18 d:/devkitpro/devkita64/bin/../lib/gcc/aarch64-none-elf/8.3.0/../../../../aarch64-none-elf/lib/pic\libsysbase.a(getreent.o)
                                         0x28 (size before relaxing)
 .eh_frame      0x00000000000176f8        0x0 d:/devkitpro/devkita64/bin/../lib/gcc/aarch64-none-elf/8.3.0/../../../../aarch64-none-elf/lib/pic\libsysbase.a(clocks.o)
                                         0x78 (size before relaxing)
 .eh_frame      0x00000000000176f8       0x20 d:/devkitpro/devkita64/bin/../lib/gcc/aarch64-none-elf/8.3.0/pic\libgcc.a(trunctfdf2.o)
                                         0x38 (size before relaxing)
 .eh_frame      0x0000000000017718       0x14 d:/devkitpro/devkita64/bin/../lib/gcc/aarch64-none-elf/8.3.0/pic\libgcc.a(sfp-exceptions.o)
                                         0x28 (size before relaxing)
 .eh_frame      0x000000000001772c        0x4 d:/devkitpro/devkita64/bin/../lib/gcc/aarch64-none-elf/8.3.0/pic/crtend.o
 *(.eh_frame.*)

.gcc_except_table
 *(.gcc_except_table .gcc_except_table.*)

.gnu_extab
 *(.gnu_extab*)

.dynamic        0x0000000000017730      0x160
 *(.dynamic)
 .dynamic       0x0000000000017730      0x160 d:/devkitpro/devkita64/bin/../lib/gcc/aarch64-none-elf/8.3.0/pic/crti.o
                0x0000000000017730                _DYNAMIC

.dynsym         0x0000000000017890       0x48
 *(.dynsym)
 .dynsym        0x0000000000017890       0x48 d:/devkitpro/devkita64/bin/../lib/gcc/aarch64-none-elf/8.3.0/pic/crti.o

.dynstr         0x00000000000178d8        0x1
 *(.dynstr)
 .dynstr        0x00000000000178d8        0x1 d:/devkitpro/devkita64/bin/../lib/gcc/aarch64-none-elf/8.3.0/pic/crti.o

.rela.dyn       0x00000000000178e0     0x22f8
 *(.rela.*)
 .rela.got      0x00000000000178e0      0x510 d:/devkitpro/devkita64/bin/../lib/gcc/aarch64-none-elf/8.3.0/pic/crti.o
 .rela.plt      0x0000000000017df0        0x0 d:/devkitpro/devkita64/bin/../lib/gcc/aarch64-none-elf/8.3.0/pic/crti.o
 .rela.bss      0x0000000000017df0        0x0 d:/devkitpro/devkita64/bin/../lib/gcc/aarch64-none-elf/8.3.0/pic/crti.o
 .rela.data.rel.ro
                0x0000000000017df0        0x0 d:/devkitpro/devkita64/bin/../lib/gcc/aarch64-none-elf/8.3.0/pic/crti.o
 .rela.init_array
                0x0000000000017df0       0x18 d:/devkitpro/devkita64/bin/../lib/gcc/aarch64-none-elf/8.3.0/pic/crti.o
 .rela.fini_array
                0x0000000000017e08       0x18 d:/devkitpro/devkita64/bin/../lib/gcc/aarch64-none-elf/8.3.0/pic/crti.o
 .rela.ifunc    0x0000000000017e20        0x0 d:/devkitpro/devkita64/bin/../lib/gcc/aarch64-none-elf/8.3.0/pic/crti.o
 .rela.data.rel.ro.local.fsdev_devoptab
                0x0000000000017e20      0x210 d:/devkitpro/devkita64/bin/../lib/gcc/aarch64-none-elf/8.3.0/pic/crti.o
 .rela.data.rel.local._impure_ptr
                0x0000000000018030       0x18 d:/devkitpro/devkita64/bin/../lib/gcc/aarch64-none-elf/8.3.0/pic/crti.o
 .rela.data.rel.local.impure_data
                0x0000000000018048       0x48 d:/devkitpro/devkita64/bin/../lib/gcc/aarch64-none-elf/8.3.0/pic/crti.o
 .rela.data.rel.ro.local._global_impure_ptr
                0x0000000000018090       0x18 d:/devkitpro/devkita64/bin/../lib/gcc/aarch64-none-elf/8.3.0/pic/crti.o
 .rela.data.rel.__malloc_av_
                0x00000000000180a8     0x1800 d:/devkitpro/devkita64/bin/../lib/gcc/aarch64-none-elf/8.3.0/pic/crti.o
 .rela.data.rel.__global_locale
                0x00000000000198a8      0x138 d:/devkitpro/devkita64/bin/../lib/gcc/aarch64-none-elf/8.3.0/pic/crti.o