Archive member included to satisfy reference by file (symbol)

D:\devkitPro/libnx/lib\libnx.a(pm.o)
                              main.o (pmdmntInitialize)
D:\devkitPro/libnx/lib\libnx.a(hid.o)
                              main.o (hidKeysHeld)
D:\devkitPro/libnx/lib\libnx.a(sm.o)
                              main.o (smExit)
D:\devkitPro/libnx/lib\libnx.a(fatal.o)
                              main.o (fatalSimple)
D:\devkitPro/libnx/lib\libnx.a(fs.o)
                              main.o (fsInitialize)
D:\devkitPro/libnx/lib\libnx.a(set.o)
                              main.o (setsysInitialize)
D:\devkitPro/libnx/lib\libnx.a(hosversion.o)
                              D:\devkitPro/libnx/lib\libnx.a(pm.o) (hosversionGet)
D:\devkitPro/libnx/lib\libnx.a(fs_dev.o)
                              main.o (fsdevMountSdmc)
D:\devkitPro/libnx/lib\libnx.a(decode_utf8.o)
                              D:\devkitPro/libnx/lib\libnx.a(fs_dev.o) (decode_utf8)
D:\devkitPro/libnx/lib\libnx.a(svc.o)
                              D:\devkitPro/libnx/lib\libnx.a(fatal.o) (svcExitProcess)
D:\devkitPro/libnx/lib\libnx.a(readtp.o)
                              D:\devkitPro/libnx/lib\libnx.a(fs_dev.o) (__aarch64_read_tp)
D:\devkitPro/libnx/lib\libnx.a(switch_crt0.o)
                              (_start)
D:\devkitPro/libnx/lib\libnx.a(detect.o)
                              D:\devkitPro/libnx/lib\libnx.a(fatal.o) (detectKernelVersion)
D:\devkitPro/libnx/lib\libnx.a(rwlock.o)
                              D:\devkitPro/libnx/lib\libnx.a(hid.o) (rwlockReadLock)
D:\devkitPro/libnx/lib\libnx.a(mutex.o)
                              D:\devkitPro/libnx/lib\libnx.a(detect.o) (mutexLock)
D:\devkitPro/libnx/lib\libnx.a(shmem.o)
                              D:\devkitPro/libnx/lib\libnx.a(hid.o) (shmemLoadRemote)
D:\devkitPro/libnx/lib\libnx.a(virtmem.o)
                              D:\devkitPro/libnx/lib\libnx.a(shmem.o) (virtmemReserve)
D:\devkitPro/libnx/lib\libnx.a(event.o)
                              D:\devkitPro/libnx/lib\libnx.a(pm.o) (eventLoadRemote)
D:\devkitPro/libnx/lib\libnx.a(condvar.o)
                              D:\devkitPro/libnx/lib\libnx.a(rwlock.o) (condvarWaitTimeout)
D:\devkitPro/libnx/lib\libnx.a(applet.o)
                              D:\devkitPro/libnx/lib\libnx.a(hid.o) (appletGetAppletResourceUserId)
D:\devkitPro/libnx/lib\libnx.a(apm.o)
                              D:\devkitPro/libnx/lib\libnx.a(applet.o) (apmExit)
D:\devkitPro/libnx/lib\libnx.a(dynamic.o)
                              D:\devkitPro/libnx/lib\libnx.a(switch_crt0.o) (__nx_dynamic)
D:\devkitPro/libnx/lib\libnx.a(env.o)
                              D:\devkitPro/libnx/lib\libnx.a(applet.o) (envIsNso)
D:\devkitPro/libnx/lib\libnx.a(init.o)
                              D:\devkitPro/libnx/lib\libnx.a(switch_crt0.o) (__libnx_init)
D:\devkitPro/libnx/lib\libnx.a(newlib.o)
                              D:\devkitPro/libnx/lib\libnx.a(init.o) (__libnx_init_time)
D:\devkitPro/libnx/lib\libnx.a(argv.o)
                              D:\devkitPro/libnx/lib\libnx.a(init.o) (argvSetup)
D:\devkitPro/libnx/lib\libnx.a(exception.o)
                              D:\devkitPro/libnx/lib\libnx.a(switch_crt0.o) (__libnx_exception_entry)
D:\devkitPro/libnx/lib\libnx.a(tmem.o)
                              D:\devkitPro/libnx/lib\libnx.a(applet.o) (tmemCreate)
D:\devkitPro/libnx/lib\libnx.a(wait.o)
                              D:\devkitPro/libnx/lib\libnx.a(event.o) (waitObjects)
D:\devkitPro/libnx/lib\libnx.a(thread.o)
                              D:\devkitPro/libnx/lib\libnx.a(newlib.o) (threadCreate)
D:\devkitPro/libnx/lib\libnx.a(time.o)
                              D:\devkitPro/libnx/lib\libnx.a(init.o) (timeExit)
D:\devkitPro/libnx/lib\libnx.a(nxlink.o)
                              D:\devkitPro/libnx/lib\libnx.a(argv.o) (nxlinkSetup)
d:/devkitpro/devkita64/bin/../lib/gcc/aarch64-none-elf/8.3.0/../../../../aarch64-none-elf/lib/pic\libg.a(lib_a-bsearch.o)
                              D:\devkitPro/libnx/lib\libnx.a(fs_dev.o) (bsearch)
d:/devkitpro/devkita64/bin/../lib/gcc/aarch64-none-elf/8.3.0/../../../../aarch64-none-elf/lib/pic\libg.a(lib_a-ctype_.o)
                              D:\devkitPro/libnx/lib\libnx.a(argv.o) (_ctype_)
d:/devkitpro/devkita64/bin/../lib/gcc/aarch64-none-elf/8.3.0/../../../../aarch64-none-elf/lib/pic\libg.a(lib_a-errno.o)
                              D:\devkitPro/libnx/lib\libnx.a(fs_dev.o) (__errno)
d:/devkitpro/devkita64/bin/../lib/gcc/aarch64-none-elf/8.3.0/../../../../aarch64-none-elf/lib/pic\libg.a(lib_a-exit.o)
                              D:\devkitPro/libnx/lib\libnx.a(switch_crt0.o) (exit)
d:/devkitpro/devkita64/bin/../lib/gcc/aarch64-none-elf/8.3.0/../../../../aarch64-none-elf/lib/pic\libg.a(lib_a-fclose.o)
                              main.o (fclose)
d:/devkitpro/devkita64/bin/../lib/gcc/aarch64-none-elf/8.3.0/../../../../aarch64-none-elf/lib/pic\libg.a(lib_a-fflush.o)
[...]
Memory Configuration

Name             Origin             Length             Attributes
*default*        0x0000000000000000 0xffffffffffffffff

Linker script and memory map

                0x0000000000000000                PROVIDE (__start__ = 0x0)
                0x0000000000000000                . = __start__

.crt0           0x0000000000000000      0x150
 *(.crt0)
 .crt0          0x0000000000000000      0x14c D:\devkitPro/libnx/lib\libnx.a(switch_crt0.o)
                0x0000000000000000                _start
                0x0000000000000120                __nx_exit
                0x0000000000000130                __nx_mod0
                0x0000000000000150                . = ALIGN (0x8)
 *fill*         0x000000000000014c        0x4 

.init           0x0000000000000150       0x38
 *(.init)
 .init          0x0000000000000150       0x18 d:/devkitpro/devkita64/bin/../lib/gcc/aarch64-none-elf/8.3.0/pic/crti.o
                0x0000000000000150                _init
 .init          0x0000000000000168       0x1c d:/devkitpro/devkita64/bin/../lib/gcc/aarch64-none-elf/8.3.0/pic/crtn.o
                0x0000000000000188                . = ALIGN (0x8)
 *fill*         0x0000000000000184        0x4 

.plt            0x0000000000000188        0x0
 *(.plt)
 .plt           0x0000000000000188        0x0 d:/devkitpro/devkita64/bin/../lib/gcc/aarch64-none-elf/8.3.0/pic/crti.o
 *(.iplt)
                0x0000000000000188                . = ALIGN (0x8)

.text           0x00000000000001c0    0x13298
 *(.text.unlikely .text.*_unlikely .text.unlikely.*)
 *(.text.exit .text.exit.*)
 .text.exit     0x00000000000001c0       0x38 d:/devkitpro/devkita64/bin/../lib/gcc/aarch64-none-elf/8.3.0/../../../../aarch64-none-elf/lib/pic\libg.a(lib_a-exit.o)
                0x00000000000001c0                exit
 *(.text.startup .text.startup.*)
 *fill*         0x00000000000001f8        0x8 
 .text.startup.main
                0x0000000000000200       0xfc main.o
                0x0000000000000200                main
 *(.text.hot .text.hot.*)
 *(.text .stub .text.* .gnu.linkonce.t.*)
 *fill*         0x00000000000002fc        0x4 
 .text.deregister_tm_clones
                0x0000000000000300       0x2c d:/devkitpro/devkita64/bin/../lib/gcc/aarch64-none-elf/8.3.0/pic/crtbegin.o
 *fill*         0x000000000000032c        0x4 
 .text.register_tm_clones
                0x0000000000000330       0x38 d:/devkitpro/devkita64/bin/../lib/gcc/aarch64-none-elf/8.3.0/pic/crtbegin.o
 .text.__do_global_dtors_aux
                0x0000000000000368       0x48 d:/devkitpro/devkita64/bin/../lib/gcc/aarch64-none-elf/8.3.0/pic/crtbegin.o
 .text.frame_dummy
                0x00000000000003b0       0x34 d:/devkitpro/devkita64/bin/../lib/gcc/aarch64-none-elf/8.3.0/pic/crtbegin.o
 *fill*         0x00000000000003e4        0xc 
 .text.__libnx_initheap
                0x00000000000003f0       0x30 main.o
                0x00000000000003f0                __libnx_initheap
 .text.__appInit
                0x0000000000000420      0x14c main.o
                0x0000000000000420                __appInit
 *fill*         0x000000000000056c        0x4 
 .text.__appExit
                0x0000000000000570       0x1c main.o
                0x0000000000000570                __appExit
 *fill*         0x000000000000058c        0x4 
 .text.pmdmntInitialize
                0x0000000000000590       0x3c D:\devkitPro/libnx/lib\libnx.a(pm.o)
                0x0000000000000590                pmdmntInitialize
 *fill*         0x00000000000005cc        0x4 
 .text.pmdmntGetApplicationPid
                0x00000000000005d0       0xfc D:\devkitPro/libnx/lib\libnx.a(pm.o)
                0x00000000000005d0                pmdmntGetApplicationPid
 *fill*         0x00000000000006cc        0x4 
 .text.ipcCloseObjectById
                0x00000000000006d0       0x34 D:\devkitPro/libnx/lib\libnx.a(hid.o)
 *fill*         0x0000000000000704        0xc 
 .text._hidGetSharedMemoryHandle.constprop.10
                0x0000000000000710      0x124 D:\devkitPro/libnx/lib\libnx.a(hid.o)
 *fill*         0x0000000000000834        0xc 
 .text._hidCmdWithNoInput
                0x0000000000000840      0x100 D:\devkitPro/libnx/lib\libnx.a(hid.o)
 .text._hidCreateAppletResource.constprop.9
                0x0000000000000940      0x134 D:\devkitPro/libnx/lib\libnx.a(hid.o)
 *fill*         0x0000000000000a74        0xc 
 .text._hidCmdWithInputU32
                0x0000000000000a80      0x10c D:\devkitPro/libnx/lib\libnx.a(hid.o)
 *fill*         0x0000000000000b8c        0x4 
 .text._hidCmdWithInputU64.constprop.11
                0x0000000000000b90      0x108 D:\devkitPro/libnx/lib\libnx.a(hid.o)
 *fill*         0x0000000000000c98        0x8 
 .text.hidReset
                0x0000000000000ca0      0x1e0 D:\devkitPro/libnx/lib\libnx.a(hid.o)
                0x0000000000000ca0                hidReset
 .text.hidGetSharedmemAddr
                0x0000000000000e80        0xc D:\devkitPro/libnx/lib\libnx.a(hid.o)
                0x0000000000000e80                hidGetSharedmemAddr
 *fill*         0x0000000000000e8c        0x4 
 .text.hidKeysHeld
                0x0000000000000e90       0x6c D:\devkitPro/libnx/lib\libnx.a(hid.o)
                0x0000000000000e90                hidKeysHeld
 *fill*         0x0000000000000efc        0x4 
 .text.hidTouchCount
                0x0000000000000f00        0xc D:\devkitPro/libnx/lib\libnx.a(hid.o)
                0x0000000000000f00                hidTouchCount
 *fill*         0x0000000000000f0c        0x4 
 .text.hidScanInput
                0x0000000000000f10      0x578 D:\devkitPro/libnx/lib\libnx.a(hid.o)
                0x0000000000000f10                hidScanInput
 *fill*         0x0000000000001488        0x8 
 .text.hidSetSupportedNpadIdType
                0x0000000000001490      0x198 D:\devkitPro/libnx/lib\libnx.a(hid.o)
                0x0000000000001490                hidSetSupportedNpadIdType
 *fill*         0x0000000000001628        0x8 
 .text.hidSetSupportedNpadStyleSet
                0x0000000000001630        0xc D:\devkitPro/libnx/lib\libnx.a(hid.o)
                0x0000000000001630                hidSetSupportedNpadStyleSet
 *fill*         0x000000000000163c        0x4 
 .text.hidSetNpadJoyHoldType
                0x0000000000001640        0x8 D:\devkitPro/libnx/lib\libnx.a(hid.o)
                0x0000000000001640                hidSetNpadJoyHoldType
 *fill*         0x0000000000001648        0x8 
 .text.hidSetNpadJoyAssignmentModeDual
                0x0000000000001650        0xc D:\devkitPro/libnx/lib\libnx.a(hid.o)
                0x0000000000001650                hidSetNpadJoyAssignmentModeDual
 *fill*         0x000000000000165c        0x4 
 .text.hidExit  0x0000000000001660      0x12c D:\devkitPro/libnx/lib\libnx.a(hid.o)
                0x0000000000001660                hidExit
 *fill*         0x000000000000178c        0x4 
 .text.hidInitialize
                0x0000000000001790      0x168 D:\devkitPro/libnx/lib\libnx.a(hid.o)
                0x0000000000001790                hidInitialize
 *fill*         0x00000000000018f8        0x8 
 .text.smAddOverrideHandle
                0x0000000000001900       0x44 D:\devkitPro/libnx/lib\libnx.a(sm.o)
                0x0000000000001900                smAddOverrideHandle
 *fill*         0x0000000000001944        0xc 
 .text.smGetServiceOverride
                0x0000000000001950       0x60 D:\devkitPro/libnx/lib\libnx.a(sm.o)
                0x0000000000001950                smGetServiceOverride
 .text.smHasInitialized
                0x00000000000019b0       0x14 D:\devkitPro/libnx/lib\libnx.a(sm.o)
                0x00000000000019b0                smHasInitialized
 *fill*         0x00000000000019c4        0xc 
 .text.smExit   0x00000000000019d0       0x5c D:\devkitPro/libnx/lib\libnx.a(sm.o)
                0x00000000000019d0                smExit
 *fill*         0x0000000000001a2c        0x4 
 .text.smEncodeName
                0x0000000000001a30       0x38 D:\devkitPro/libnx/lib\libnx.a(sm.o)
                0x0000000000001a30                smEncodeName
 *fill*         0x0000000000001a68        0x8 
 .text.smGetServiceOriginal
                0x0000000000001a70      0x12c D:\devkitPro/libnx/lib\libnx.a(sm.o)
                0x0000000000001a70                smGetServiceOriginal
 *fill*         0x0000000000001b9c        0x4 
 .text.smInitialize
                0x0000000000001ba0      0x158 D:\devkitPro/libnx/lib\libnx.a(sm.o)
                0x0000000000001ba0                smInitialize
 *fill*         0x0000000000001cf8        0x8 
 .text.smGetService
                0x0000000000001d00       0x74 D:\devkitPro/libnx/lib\libnx.a(sm.o)
                0x0000000000001d00                smGetService
 *fill*         0x0000000000001d74        0xc 
 .text._fatalImpl
                0x0000000000001d80      0x140 D:\devkitPro/libnx/lib\libnx.a(fatal.o)
 .text.fatalWithType
                0x0000000000001ec0       0x14 D:\devkitPro/libnx/lib\libnx.a(fatal.o)
                0x0000000000001ec0                fatalWithType
 *fill*         0x0000000000001ed4        0xc 
 .text.fatalSimple
                0x0000000000001ee0       0x14 D:\devkitPro/libnx/lib\libnx.a(fatal.o)
                0x0000000000001ee0                fatalSimple
 *fill*         0x0000000000001ef4        0xc 
 .text.ipcPrepareHeader
                0x0000000000001f00      0x220 D:\devkitPro/libnx/lib\libnx.a(fs.o)
 .text.ipcParse
                0x0000000000002120      0x22c D:\devkitPro/libnx/lib\libnx.a(fs.o)
 *fill*         0x000000000000234c        0x4 
 .text.serviceIpcParse
                0x0000000000002350       0xb0 D:\devkitPro/libnx/lib\libnx.a(fs.o)
 .text.ipcCloseObjectById
                0x0000000000002400       0x34 D:\devkitPro/libnx/lib\libnx.a(fs.o)
 *fill*         0x0000000000002434        0xc 
 .text.fsInitialize
                0x0000000000002440      0x200 D:\devkitPro/libnx/lib\libnx.a(fs.o)
                0x0000000000002440                fsInitialize
 .text.fsExit   0x0000000000002640       0x9c D:\devkitPro/libnx/lib\libnx.a(fs.o)
                0x0000000000002640                fsExit
 *fill*         0x00000000000026dc        0x4 
 .text.fsMountSdcard
                0x00000000000026e0      0x1cc D:\devkitPro/libnx/lib\libnx.a(fs.o)
                0x00000000000026e0                fsMountSdcard
 *fill*         0x00000000000028ac        0x4 
 .text.fsFsCreateFile
                0x00000000000028b0      0x1a4 D:\devkitPro/libnx/lib\libnx.a(fs.o)
                0x00000000000028b0                fsFsCreateFile
 *fill*         0x0000000000002a54        0xc 
 .text.fsFsDeleteFile
                0x0000000000002a60      0x19c D:\devkitPro/libnx/lib\libnx.a(fs.o)
                0x0000000000002a60                fsFsDeleteFile
 *fill*         0x0000000000002bfc        0x4 
 .text.fsFsCreateDirectory
                0x0000000000002c00      0x19c D:\devkitPro/libnx/lib\libnx.a(fs.o)
                0x0000000000002c00                fsFsCreateDirectory
 *fill*         0x0000000000002d9c        0x4 
 .text.fsFsDeleteDirectory
                0x0000000000002da0      0x19c D:\devkitPro/libnx/lib\libnx.a(fs.o)
                0x0000000000002da0                fsFsDeleteDirectory
 *fill*         0x0000000000002f3c        0x4 
 .text.fsFsRenameFile
                0x0000000000002f40      0x214 D:\devkitPro/libnx/lib\libnx.a(fs.o)
                0x0000000000002f40                fsFsRenameFile
 *fill*         0x0000000000003154        0xc 
 .text.fsFsRenameDirectory
                0x0000000000003160      0x214 D:\devkitPro/libnx/lib\libnx.a(fs.o)
                0x0000000000003160                fsFsRenameDirectory
 *fill*         0x0000000000003374        0xc 
 .text.fsFsGetEntryType
                0x0000000000003380      0x1b0 D:\devkitPro/libnx/lib\libnx.a(fs.o)
                0x0000000000003380                fsFsGetEntryType
 .text.fsFsOpenFile
                0x0000000000003530      0x1e4 D:\devkitPro/libnx/lib\libnx.a(fs.o)
                0x0000000000003530                fsFsOpenFile
 *fill*         0x0000000000003714        0xc 
 .text.fsFsOpenDirectory
                0x0000000000003720      0x1f8 D:\devkitPro/libnx/lib\libnx.a(fs.o)
                0x0000000000003720                fsFsOpenDirectory
 *fill*         0x0000000000003918        0x8 
 .text.fsFsGetFreeSpace
                0x0000000000003920      0x1b0 D:\devkitPro/libnx/lib\libnx.a(fs.o)
                0x0000000000003920                fsFsGetFreeSpace
 .text.fsFsGetTotalSpace
                0x0000000000003ad0      0x1b0 D:\devkitPro/libnx/lib\libnx.a(fs.o)
                0x0000000000003ad0                fsFsGetTotalSpace
 .text.fsFsGetFileTimeStampRaw
                0x0000000000003c80      0x194 D:\devkitPro/libnx/lib\libnx.a(fs.o)
                0x0000000000003c80                fsFsGetFileTimeStampRaw
 *fill*         0x0000000000003e14        0xc 
 .text.fsFsClose
                0x0000000000003e20       0x6c D:\devkitPro/libnx/lib\libnx.a(fs.o)
                0x0000000000003e20                fsFsClose
 *fill*         0x0000000000003e8c        0x4 
 .text.fsFileRead
                0x0000000000003e90      0x1f0 D:\devkitPro/libnx/lib\libnx.a(fs.o)
                0x0000000000003e90                fsFileRead
 .text.fsFileWrite
                0x0000000000004080      0x1b8 D:\devkitPro/libnx/lib\libnx.a(fs.o)
                0x0000000000004080                fsFileWrite
 *fill*         0x0000000000004238        0x8 
 .text.fsFileFlush
                0x0000000000004240      0x16c D:\devkitPro/libnx/lib\libnx.a(fs.o)
                0x0000000000004240                fsFileFlush
 *fill*         0x00000000000043ac        0x4 
 .text.fsFileSetSize
                0x00000000000043b0      0x174 D:\devkitPro/libnx/lib\libnx.a(fs.o)
                0x00000000000043b0                fsFileSetSize
 *fill*         0x0000000000004524        0xc 
 .text.fsFileGetSize
                0x0000000000004530      0x194 D:\devkitPro/libnx/lib\libnx.a(fs.o)
                0x0000000000004530                fsFileGetSize
 *fill*         0x00000000000046c4        0xc 
 .text.fsFileClose
                0x00000000000046d0       0x6c D:\devkitPro/libnx/lib\libnx.a(fs.o)
                0x00000000000046d0                fsFileClose
 *fill*         0x000000000000473c        0x4 
 .text.fsDirClose
                0x0000000000004740       0x6c D:\devkitPro/libnx/lib\libnx.a(fs.o)
                0x0000000000004740                fsDirClose
 *fill*         0x00000000000047ac        0x4 
 .text.fsDirRead
                0x00000000000047b0      0x1ec D:\devkitPro/libnx/lib\libnx.a(fs.o)
                0x00000000000047b0                fsDirRead
 *fill*         0x000000000000499c        0x4 
 .text.ipcCloseObjectById
                0x00000000000049a0       0x34 D:\devkitPro/libnx/lib\libnx.a(set.o)
 *fill*         0x00000000000049d4        0xc 
 .text._setsysGetFirmwareVersionImpl
                0x00000000000049e0      0x1d4 D:\devkitPro/libnx/lib\libnx.a(set.o)
 *fill*         0x0000000000004bb4        0xc 
 .text.setsysInitialize
                0x0000000000004bc0       0x3c D:\devkitPro/libnx/lib\libnx.a(set.o)
                0x0000000000004bc0                setsysInitialize
 *fill*         0x0000000000004bfc        0x4 
 .text.setsysExit
                0x0000000000004c00       0x9c D:\devkitPro/libnx/lib\libnx.a(set.o)
                0x0000000000004c00                setsysExit
 *fill*         0x0000000000004c9c        0x4 
 .text.setsysGetFirmwareVersion
                0x0000000000004ca0       0x44 D:\devkitPro/libnx/lib\libnx.a(set.o)
                0x0000000000004ca0                setsysGetFirmwareVersion
 *fill*         0x0000000000004ce4        0xc 
 .text.hosversionGet
                0x0000000000004cf0       0x10 D:\devkitPro/libnx/lib\libnx.a(hosversion.o)
                0x0000000000004cf0                hosversionGet
 .text.hosversionSet
                0x0000000000004d00       0x10 D:\devkitPro/libnx/lib\libnx.a(hosversion.o)
                0x0000000000004d00                hosversionSet
 .text.fsdev_link
                0x0000000000004d10       0x10 D:\devkitPro/libnx/lib\libnx.a(fs_dev.o)
 .text.fsdev_dirreset
                0x0000000000004d20       0x10 D:\devkitPro/libnx/lib\libnx.a(fs_dev.o)
 .text.fsdev_chmod
                0x0000000000004d30       0x10 D:\devkitPro/libnx/lib\libnx.a(fs_dev.o)
 .text.error_cmp
                0x0000000000004d40       0x1c D:\devkitPro/libnx/lib\libnx.a(fs_dev.o)
 *fill*         0x0000000000004d5c        0x4 
 .text.fsdev_translate_error
                0x0000000000004d60       0x58 D:\devkitPro/libnx/lib\libnx.a(fs_dev.o)
 *fill*         0x0000000000004db8        0x8 
 .text.fsdev_fsync
                0x0000000000004dc0       0x40 D:\devkitPro/libnx/lib\libnx.a(fs_dev.o)
 .text.fsdev_ftruncate
                0x0000000000004e00       0x60 D:\devkitPro/libnx/lib\libnx.a(fs_dev.o)
 .text.fsdev_dirclose
                0x0000000000004e60       0x20 D:\devkitPro/libnx/lib\libnx.a(fs_dev.o)
 .text.fsdev_dirnext
                0x0000000000004e80      0x16c D:\devkitPro/libnx/lib\libnx.a(fs_dev.o)
 *fill*         0x0000000000004fec        0x4 
 .text.fsdev_close
                0x0000000000004ff0       0x1c D:\devkitPro/libnx/lib\libnx.a(fs_dev.o)
 *fill*         0x000000000000500c        0x4 
 .text.fsdev_fstat
                0x0000000000005010       0xa4 D:\devkitPro/libnx/lib\libnx.a(fs_dev.o)
 *fill*         0x00000000000050b4        0xc 
 .text.fsdev_seek
                0x00000000000050c0       0xb0 D:\devkitPro/libnx/lib\libnx.a(fs_dev.o)
 .text.fsdev_read
                0x0000000000005170      0x198 D:\devkitPro/libnx/lib\libnx.a(fs_dev.o)
 *fill*         0x0000000000005308        0x8 
 .text.fsdev_write
                0x0000000000005310      0x1a0 D:\devkitPro/libnx/lib\libnx.a(fs_dev.o)
 .text.fsdevFindDevice
                0x00000000000054b0      0x120 D:\devkitPro/libnx/lib\libnx.a(fs_dev.o)
 .text._fsdevMountDevice
                0x00000000000055d0      0x140 D:\devkitPro/libnx/lib\libnx.a(fs_dev.o)
 .text.fsdev_getfspath
                0x0000000000005710      0x1fc D:\devkitPro/libnx/lib\libnx.a(fs_dev.o)
 *fill*         0x000000000000590c        0x4 
 .text.fsdev_rmdir
                0x0000000000005910       0x70 D:\devkitPro/libnx/lib\libnx.a(fs_dev.o)
 .text.fsdev_statvfs
                0x0000000000005980       0xd4 D:\devkitPro/libnx/lib\libnx.a(fs_dev.o)
 *fill*         0x0000000000005a54        0xc 
 .text.fsdev_diropen
                0x0000000000005a60       0xec D:\devkitPro/libnx/lib\libnx.a(fs_dev.o)
 *fill*         0x0000000000005b4c        0x4 
 .text.fsdev_mkdir
                0x0000000000005b50       0x70 D:\devkitPro/libnx/lib\libnx.a(fs_dev.o)
 .text.fsdev_rename
                0x0000000000005bc0      0x114 D:\devkitPro/libnx/lib\libnx.a(fs_dev.o)
 *fill*         0x0000000000005cd4        0xc 
 .text.fsdev_chdir
                0x0000000000005ce0       0xe8 D:\devkitPro/libnx/lib\libnx.a(fs_dev.o)
 *fill*         0x0000000000005dc8        0x8 
 .text.fsdev_unlink
                0x0000000000005dd0       0x70 D:\devkitPro/libnx/lib\libnx.a(fs_dev.o)
 .text.fsdev_stat
                0x0000000000005e40      0x1bc D:\devkitPro/libnx/lib\libnx.a(fs_dev.o)
 *fill*         0x0000000000005ffc        0x4 
 .text.fsdev_open
                0x0000000000006000      0x19c D:\devkitPro/libnx/lib\libnx.a(fs_dev.o)
 *fill*         0x000000000000619c        0x4 
 .text._fsdevUnmountDeviceStruct.part.4
                0x00000000000061a0       0xb8 D:\devkitPro/libnx/lib\libnx.a(fs_dev.o)
 *fill*         0x0000000000006258        0x8 
 .text.fsdev_fchmod
                0x0000000000006260       0x10 D:\devkitPro/libnx/lib\libnx.a(fs_dev.o)
 .text.fsdevMountSdmc
                0x0000000000006270      0x170 D:\devkitPro/libnx/lib\libnx.a(fs_dev.o)
                0x0000000000006270                fsdevMountSdmc
 .text.fsdevUnmountAll
                0x00000000000063e0       0x64 D:\devkitPro/libnx/lib\libnx.a(fs_dev.o)
                0x00000000000063e0                fsdevUnmountAll
 *fill*         0x0000000000006444        0xc 
 .text.decode_utf8
                0x0000000000006450      0x12c D:\devkitPro/libnx/lib\libnx.a(decode_utf8.o)
                0x0000000000006450                decode_utf8
 .text.svcUnmapMemory
                0x000000000000657c        0x8 D:\devkitPro/libnx/lib\libnx.a(svc.o)
                0x000000000000657c                svcUnmapMemory
 .text.svcQueryMemory
                0x0000000000006584       0x14 D:\devkitPro/libnx/lib\libnx.a(svc.o)
                0x0000000000006584                svcQueryMemory
 .text.svcExitProcess
                0x0000000000006598        0x8 D:\devkitPro/libnx/lib\libnx.a(svc.o)
                0x0000000000006598                svcExitProcess
 .text.svcSleepThread
                0x00000000000065a0        0x8 D:\devkitPro/libnx/lib\libnx.a(svc.o)
                0x00000000000065a0                svcSleepThread
 .text.svcMapSharedMemory
                0x00000000000065a8        0x8 D:\devkitPro/libnx/lib\libnx.a(svc.o)
                0x00000000000065a8                svcMapSharedMemory
 .text.svcUnmapSharedMemory
                0x00000000000065b0        0x8 D:\devkitPro/libnx/lib\libnx.a(svc.o)
                0x00000000000065b0                svcUnmapSharedMemory
 .text.svcCloseHandle
                0x00000000000065b8        0x8 D:\devkitPro/libnx/lib\libnx.a(svc.o)
                0x00000000000065b8                svcCloseHandle
 .text.svcArbitrateLock
                0x00000000000065c0        0x8 D:\devkitPro/libnx/lib\libnx.a(svc.o)
                0x00000000000065c0                svcArbitrateLock
 .text.svcArbitrateUnlock
                0x00000000000065c8        0x8 D:\devkitPro/libnx/lib\libnx.a(svc.o)
                0x00000000000065c8                svcArbitrateUnlock
 .text.svcWaitProcessWideKeyAtomic
                0x00000000000065d0        0x8 D:\devkitPro/libnx/lib\libnx.a(svc.o)
                0x00000000000065d0                svcWaitProcessWideKeyAtomic
 .text.svcSignalProcessWideKey
                0x00000000000065d8        0x8 D:\devkitPro/libnx/lib\libnx.a(svc.o)
                0x00000000000065d8                svcSignalProcessWideKey
 .text.svcConnectToNamedPort
                0x00000000000065e0       0x14 D:\devkitPro/libnx/lib\libnx.a(svc.o)
                0x00000000000065e0                svcConnectToNamedPort
 .text.svcSendSyncRequest
                0x00000000000065f4        0x8 D:\devkitPro/libnx/lib\libnx.a(svc.o)
                0x00000000000065f4                svcSendSyncRequest
 .text.svcBreak
                0x00000000000065fc        0x8 D:\devkitPro/libnx/lib\libnx.a(svc.o)
                0x00000000000065fc                svcBreak
 .text.svcReturnFromException
                0x0000000000006604        0x8 D:\devkitPro/libnx/lib\libnx.a(svc.o)
                0x0000000000006604                svcReturnFromException
 .text.svcGetInfo
                0x000000000000660c       0x14 D:\devkitPro/libnx/lib\libnx.a(svc.o)
                0x000000000000660c                svcGetInfo
 .text.svcDebugActiveProcess
                0x0000000000006620       0x14 D:\devkitPro/libnx/lib\libnx.a(svc.o)
                0x0000000000006620                svcDebugActiveProcess
 .text.svcBreakDebugProcess
                0x0000000000006634        0x8 D:\devkitPro/libnx/lib\libnx.a(svc.o)
                0x0000000000006634                svcBreakDebugProcess
 .text.__aarch64_read_tp
                0x000000000000663c        0xc D:\devkitPro/libnx/lib\libnx.a(readtp.o)
                0x000000000000663c                __aarch64_read_tp
 *fill*         0x0000000000006648        0x8 
 .text.detectKernelVersion
                0x0000000000006650      0x17c D:\devkitPro/libnx/lib\libnx.a(detect.o)
                0x0000000000006650                detectKernelVersion
 *fill*         0x00000000000067cc        0x4 
 .text.detectDebugger
                0x00000000000067d0       0x30 D:\devkitPro/libnx/lib\libnx.a(detect.o)
                0x00000000000067d0                detectDebugger
 .text.rwlockReadLock
                0x0000000000006800       0x58 D:\devkitPro/libnx/lib\libnx.a(rwlock.o)
                0x0000000000006800                rwlockReadLock
 *fill*         0x0000000000006858        0x8 
 .text.rwlockReadUnlock
                0x0000000000006860       0x5c D:\devkitPro/libnx/lib\libnx.a(rwlock.o)
                0x0000000000006860                rwlockReadUnlock
 *fill*         0x00000000000068bc        0x4 
 .text.rwlockWriteLock
                0x00000000000068c0       0x84 D:\devkitPro/libnx/lib\libnx.a(rwlock.o)
                0x00000000000068c0                rwlockWriteLock
 *fill*         0x0000000000006944        0xc 
 .text.rwlockWriteUnlock
                0x0000000000006950       0x3c D:\devkitPro/libnx/lib\libnx.a(rwlock.o)
                0x0000000000006950                rwlockWriteUnlock
 *fill*         0x000000000000698c        0x4 
 .text.mutexLock
                0x0000000000006990       0x8c D:\devkitPro/libnx/lib\libnx.a(mutex.o)
                0x0000000000006990                mutexLock
 *fill*         0x0000000000006a1c        0x4 
 .text.mutexUnlock
                0x0000000000006a20       0x30 D:\devkitPro/libnx/lib\libnx.a(mutex.o)
                0x0000000000006a20                mutexUnlock
 .text.rmutexLock
                0x0000000000006a50       0x4c D:\devkitPro/libnx/lib\libnx.a(mutex.o)
                0x0000000000006a50                rmutexLock
 *fill*         0x0000000000006a9c        0x4 
 .text.rmutexUnlock
                0x0000000000006aa0       0x1c D:\devkitPro/libnx/lib\libnx.a(mutex.o)
                0x0000000000006aa0                rmutexUnlock
 *fill*         0x0000000000006abc        0x4 
 .text.shmemLoadRemote
                0x0000000000006ac0       0x14 D:\devkitPro/libnx/lib\libnx.a(shmem.o)
                0x0000000000006ac0                shmemLoadRemote
 *fill*         0x0000000000006ad4        0xc 
 .text.shmemMap
                0x0000000000006ae0       0x84 D:\devkitPro/libnx/lib\libnx.a(shmem.o)
                0x0000000000006ae0                shmemMap
 *fill*         0x0000000000006b64        0xc 
 .text.shmemUnmap
                0x0000000000006b70       0x58 D:\devkitPro/libnx/lib\libnx.a(shmem.o)
                0x0000000000006b70                shmemUnmap
 *fill*         0x0000000000006bc8        0x8 
 .text.shmemClose
                0x0000000000006bd0       0x44 D:\devkitPro/libnx/lib\libnx.a(shmem.o)
                0x0000000000006bd0                shmemClose
 *fill*         0x0000000000006c14        0xc 
 .text._GetRegionFromInfo.isra.1
                0x0000000000006c20       0x7c D:\devkitPro/libnx/lib\libnx.a(virtmem.o)
 *fill*         0x0000000000006c9c        0x4 
 .text.virtmemSetup
                0x0000000000006ca0      0x114 D:\devkitPro/libnx/lib\libnx.a(virtmem.o)
                0x0000000000006ca0                virtmemSetup
 *fill*         0x0000000000006db4        0xc 
 .text.virtmemReserve
                0x0000000000006dc0      0x13c D:\devkitPro/libnx/lib\libnx.a(virtmem.o)
                0x0000000000006dc0                virtmemReserve
 *fill*         0x0000000000006efc        0x4 
 .text.virtmemFree
                0x0000000000006f00        0x4 D:\devkitPro/libnx/lib\libnx.a(virtmem.o)
                0x0000000000006f00                virtmemFree
 *fill*         0x0000000000006f04        0xc 
 .text.condvarWaitTimeout
                0x0000000000006f10       0x60 D:\devkitPro/libnx/lib\libnx.a(condvar.o)
                0x0000000000006f10                condvarWaitTimeout
 .text.appletGetAppletResourceUserId
                0x0000000000006f70       0x28 D:\devkitPro/libnx/lib\libnx.a(applet.o)
                0x0000000000006f70                appletGetAppletResourceUserId
 *fill*         0x0000000000006f98        0x8 
 .text.__nx_dynamic
                0x0000000000006fa0       0xa0 D:\devkitPro/libnx/lib\libnx.a(dynamic.o)
                0x0000000000006fa0                __nx_dynamic
 .text.envSetup
                0x0000000000007040      0x208 D:\devkitPro/libnx/lib\libnx.a(env.o)
                0x0000000000007040                envSetup
 *fill*         0x0000000000007248        0x8 
 .text.envGetMainThreadHandle
                0x0000000000007250       0x20 D:\devkitPro/libnx/lib\libnx.a(env.o)
                0x0000000000007250                envGetMainThreadHandle
 .text.envIsNso
                0x0000000000007270        0xc D:\devkitPro/libnx/lib\libnx.a(env.o)
                0x0000000000007270                envIsNso
 *fill*         0x000000000000727c        0x4 
 .text.envHasArgv
                0x0000000000007280       0x14 D:\devkitPro/libnx/lib\libnx.a(env.o)
                0x0000000000007280                envHasArgv
 *fill*         0x0000000000007294        0xc 
 .text.envGetArgv
                0x00000000000072a0        0xc D:\devkitPro/libnx/lib\libnx.a(env.o)
                0x00000000000072a0                envGetArgv
 *fill*         0x00000000000072ac        0x4 
 .text.envGetExitFuncPtr
                0x00000000000072b0        0xc D:\devkitPro/libnx/lib\libnx.a(env.o)
                0x00000000000072b0                envGetExitFuncPtr
 *fill*         0x00000000000072bc        0x4 
 .text.__libnx_init
                0x00000000000072c0       0x28 D:\devkitPro/libnx/lib\libnx.a(init.o)
                0x00000000000072c0                __libnx_init
 *fill*         0x00000000000072e8        0x8 
 .text.__libnx_exit
                0x00000000000072f0       0x20 D:\devkitPro/libnx/lib\libnx.a(init.o)
                0x00000000000072f0                __libnx_exit
 .text.__syscall_exit
                0x0000000000007310       0x1c D:\devkitPro/libnx/lib\libnx.a(newlib.o)
                0x0000000000007310                __syscall_exit
 *fill*         0x000000000000732c        0x4 
 .text.__syscall_getreent
                0x0000000000007330       0x34 D:\devkitPro/libnx/lib\libnx.a(newlib.o)
                0x0000000000007330                __syscall_getreent
 *fill*         0x0000000000007364        0xc 
 .text.__syscall_lock_acquire
                0x0000000000007370        0x4 D:\devkitPro/libnx/lib\libnx.a(newlib.o)
                0x0000000000007370                __syscall_lock_acquire
 *fill*         0x0000000000007374        0xc 
 .text.__syscall_lock_release
                0x0000000000007380        0x4 D:\devkitPro/libnx/lib\libnx.a(newlib.o)
                0x0000000000007380                __syscall_lock_release
 *fill*         0x0000000000007384        0xc 
 .text.__syscall_lock_acquire_recursive
                0x0000000000007390        0x4 D:\devkitPro/libnx/lib\libnx.a(newlib.o)
                0x0000000000007390                __syscall_lock_acquire_recursive
 *fill*         0x0000000000007394        0xc 
 .text.__syscall_lock_release_recursive
                0x00000000000073a0        0x4 D:\devkitPro/libnx/lib\libnx.a(newlib.o)
                0x00000000000073a0                __syscall_lock_release_recursive
 *fill*         0x00000000000073a4        0xc 
 .text.newlibSetup
                0x00000000000073b0       0x80 D:\devkitPro/libnx/lib\libnx.a(newlib.o)
                0x00000000000073b0                newlibSetup
 .text.argvSetup
                0x0000000000007430      0x324 D:\devkitPro/libnx/lib\libnx.a(argv.o)
                0x0000000000007430                argvSetup
 .text.__libnx_exception_entry
                0x0000000000007754      0x1c0 D:\devkitPro/libnx/lib\libnx.a(exception.o)
                0x0000000000007754                __libnx_exception_entry
 .text.__libnx_exception_returnentry
                0x0000000000007914       0x18 D:\devkitPro/libnx/lib\libnx.a(exception.o)
                0x0000000000007914                __libnx_exception_returnentry
 *fill*         0x000000000000792c        0x4 
 .text.nxlinkSetup
                0x0000000000007930       0xc4 D:\devkitPro/libnx/lib\libnx.a(nxlink.o)
                0x0000000000007930                nxlinkSetup
 *fill*         0x00000000000079f4        0x4 
 .text.bsearch  0x00000000000079f8       0xb8 d:/devkitpro/devkita64/bin/../lib/gcc/aarch64-none-elf/8.3.0/../../../../aarch64-none-elf/lib/pic\libg.a(lib_a-bsearch.o)
                0x00000000000079f8                bsearch
 .text.__errno  0x0000000000007ab0       0x14 d:/devkitpro/devkita64/bin/../lib/gcc/aarch64-none-elf/8.3.0/../../../../aarch64-none-elf/lib/pic\libg.a(lib_a-errno.o)
                0x0000000000007ab0                __errno
 *fill*         0x0000000000007ac4        0x4 
 .text._fclose_r
                0x0000000000007ac8      0x15c d:/devkitpro/devkita64/bin/../lib/gcc/aarch64-none-elf/8.3.0/../../../../aarch64-none-elf/lib/pic\libg.a(lib_a-fclose.o)
                0x0000000000007ac8                _fclose_r
 *fill*         0x0000000000007c24        0x4 
 .text.fclose   0x0000000000007c28       0x1c d:/devkitpro/devkita64/bin/../lib/gcc/aarch64-none-elf/8.3.0/../../../../aarch64-none-elf/lib/pic\libg.a(lib_a-fclose.o)
                0x0000000000007c28                fclose
 *fill*         0x0000000000007c44        0x4 
 .text.__sflush_r
                0x0000000000007c48      0x214 d:/devkitpro/devkita64/bin/../lib/gcc/aarch64-none-elf/8.3.0/../../../../aarch64-none-elf/lib/pic\libg.a(lib_a-fflush.o)
                0x0000000000007c48                __sflush_r
 *fill*         0x0000000000007e5c        0x4 
 .text._fflush_r
                0x0000000000007e60       0xb8 d:/devkitpro/devkita64/bin/../lib/gcc/aarch64-none-elf/8.3.0/../../../../aarch64-none-elf/lib/pic\libg.a(lib_a-fflush.o)
                0x0000000000007e60                _fflush_r
 .text.fflush   0x0000000000007f18       0x40 d:/devkitpro/devkita64/bin/../lib/gcc/aarch64-none-elf/8.3.0/../../../../aarch64-none-elf/lib/pic\libg.a(lib_a-fflush.o)
                0x0000000000007f18                fflush
 .text.std      0x0000000000007f58       0x78 d:/devkitpro/devkita64/bin/../lib/gcc/aarch64-none-elf/8.3.0/../../../../aarch64-none-elf/lib/pic\libg.a(lib_a-findfp.o)
 .text._cleanup_r
                0x0000000000007fd0        0xc d:/devkitpro/devkita64/bin/../lib/gcc/aarch64-none-elf/8.3.0/../../../../aarch64-none-elf/lib/pic\libg.a(lib_a-findfp.o)
                0x0000000000007fd0                _cleanup_r
 *fill*         0x0000000000007fdc        0x4 
 .text.__sfmoreglue
                0x0000000000007fe0       0x60 d:/devkitpro/devkita64/bin/../lib/gcc/aarch64-none-elf/8.3.0/../../../../aarch64-none-elf/lib/pic\libg.a(lib_a-findfp.o)
                0x0000000000007fe0                __sfmoreglue
 .text.__sfp_lock_acquire
                0x0000000000008040        0xc d:/devkitpro/devkita64/bin/../lib/gcc/aarch64-none-elf/8.3.0/../../../../aarch64-none-elf/lib/pic\libg.a(lib_a-findfp.o)
                0x0000000000008040                __sfp_lock_acquire
 *fill*         0x000000000000804c        0x4 
 .text.__sfp_lock_release
                0x0000000000008050        0xc d:/devkitpro/devkita64/bin/../lib/gcc/aarch64-none-elf/8.3.0/../../../../aarch64-none-elf/lib/pic\libg.a(lib_a-findfp.o)
                0x0000000000008050                __sfp_lock_release
 *fill*         0x000000000000805c        0x4 
 .text.__sinit_lock_acquire
                0x0000000000008060        0xc d:/devkitpro/devkita64/bin/../lib/gcc/aarch64-none-elf/8.3.0/../../../../aarch64-none-elf/lib/pic\libg.a(lib_a-findfp.o)
                0x0000000000008060                __sinit_lock_acquire
 *fill*         0x000000000000806c        0x4 
 .text.__sinit_lock_release
                0x0000000000008070        0xc d:/devkitpro/devkita64/bin/../lib/gcc/aarch64-none-elf/8.3.0/../../../../aarch64-none-elf/lib/pic\libg.a(lib_a-findfp.o)
                0x0000000000008070                __sinit_lock_release
 *fill*         0x000000000000807c        0x4 
 .text.__sinit  0x0000000000008080       0x80 d:/devkitpro/devkita64/bin/../lib/gcc/aarch64-none-elf/8.3.0/../../../../aarch64-none-elf/lib/pic\libg.a(lib_a-findfp.o)
                0x0000000000008080                __sinit
 .text.__sfp    0x0000000000008100      0x118 d:/devkitpro/devkita64/bin/../lib/gcc/aarch64-none-elf/8.3.0/../../../../aarch64-none-elf/lib/pic\libg.a(lib_a-findfp.o)
                0x0000000000008100                __sfp
 .text.__libc_fini_array
                0x0000000000008218       0x44 d:/devkitpro/devkita64/bin/../lib/gcc/aarch64-none-elf/8.3.0/../../../../aarch64-none-elf/lib/pic\libg.a(lib_a-fini.o)
                0x0000000000008218                __libc_fini_array
 *fill*         0x000000000000825c        0x4 
 .text._fopen_r
                0x0000000000008260      0x130 d:/devkitpro/devkita64/bin/../lib/gcc/aarch64-none-elf/8.3.0/../../../../aarch64-none-elf/lib/pic\libg.a(lib_a-fopen.o)
                0x0000000000008260                _fopen_r
 .text.fopen    0x0000000000008390       0x30 d:/devkitpro/devkita64/bin/../lib/gcc/aarch64-none-elf/8.3.0/../../../../aarch64-none-elf/lib/pic\libg.a(lib_a-fopen.o)
                0x0000000000008390                fopen
 .text.fprintf  0x00000000000083c0       0x94 d:/devkitpro/devkita64/bin/../lib/gcc/aarch64-none-elf/8.3.0/../../../../aarch64-none-elf/lib/pic\libg.a(lib_a-fprintf.o)
                0x00000000000083c0                fprintf
 *fill*         0x0000000000008454        0x4 
 .text._malloc_trim_r
                0x0000000000008458      0x118 d:/devkitpro/devkita64/bin/../lib/gcc/aarch64-none-elf/8.3.0/../../../../aarch64-none-elf/lib/pic\libg.a(lib_a-freer.o)
                0x0000000000008458                _malloc_trim_r
 .text._free_r  0x0000000000008570      0x2f4 d:/devkitpro/devkita64/bin/../lib/gcc/aarch64-none-elf/8.3.0/../../../../aarch64-none-elf/lib/pic\libg.a(lib_a-freer.o)
                0x0000000000008570                _free_r
 *fill*         0x0000000000008864        0x4 
 .text._fseek_r
                0x0000000000008868        0x4 d:/devkitpro/devkita64/bin/../lib/gcc/aarch64-none-elf/8.3.0/../../../../aarch64-none-elf/lib/pic\libg.a(lib_a-fseek.o)
                0x0000000000008868                _fseek_r
 *fill*         0x000000000000886c        0x4 
 .text._fseeko_r
                0x0000000000008870      0x4c4 d:/devkitpro/devkita64/bin/../lib/gcc/aarch64-none-elf/8.3.0/../../../../aarch64-none-elf/lib/pic\libg.a(lib_a-fseeko.o)
                0x0000000000008870                _fseeko_r
 *fill*         0x0000000000008d34        0x4 
 .text._fwalk   0x0000000000008d38       0xb8 d:/devkitpro/devkita64/bin/../lib/gcc/aarch64-none-elf/8.3.0/../../../../aarch64-none-elf/lib/pic\libg.a(lib_a-fwalk.o)
                0x0000000000008d38                _fwalk
 .text._fwalk_reent
                0x0000000000008df0       0xbc d:/devkitpro/devkita64/bin/../lib/gcc/aarch64-none-elf/8.3.0/../../../../aarch64-none-elf/lib/pic\libg.a(lib_a-fwalk.o)
                0x0000000000008df0                _fwalk_reent
 *fill*         0x0000000000008eac        0x4 
 .text._fwrite_r
                0x0000000000008eb0       0xe0 d:/devkitpro/devkita64/bin/../lib/gcc/aarch64-none-elf/8.3.0/../../../../aarch64-none-elf/lib/pic\libg.a(lib_a-fwrite.o)
                0x0000000000008eb0                _fwrite_r
 .text.fwrite   0x0000000000008f90       0x40 d:/devkitpro/devkita64/bin/../lib/gcc/aarch64-none-elf/8.3.0/../../../../aarch64-none-elf/lib/pic\libg.a(lib_a-fwrite.o)
                0x0000000000008f90                fwrite
 .text.__libc_init_array
                0x0000000000008fd0       0x8c d:/devkitpro/devkita64/bin/../lib/gcc/aarch64-none-elf/8.3.0/../../../../aarch64-none-elf/lib/pic\libg.a(lib_a-init.o)
                0x0000000000008fd0                __libc_init_array
 *fill*         0x000000000000905c        0x4 
 .text.__swhatbuf_r
                0x0000000000009060       0xa4 d:/devkitpro/devkita64/bin/../lib/gcc/aarch64-none-elf/8.3.0/../../../../aarch64-none-elf/lib/pic\libg.a(lib_a-makebuf.o)
                0x0000000000009060                __swhatbuf_r
 *fill*         0x0000000000009104        0x4 
 .text.__smakebuf_r
                0x0000000000009108      0x10c d:/devkitpro/devkita64/bin/../lib/gcc/aarch64-none-elf/8.3.0/../../../../aarch64-none-elf/lib/pic\libg.a(lib_a-makebuf.o)
                0x0000000000009108                __smakebuf_r
 *fill*         0x0000000000009214        0x4 
 .text.malloc   0x0000000000009218       0x1c d:/devkitpro/devkita64/bin/../lib/gcc/aarch64-none-elf/8.3.0/../../../../aarch64-none-elf/lib/pic\libg.a(lib_a-malloc.o)
                0x0000000000009218                malloc
 *fill*         0x0000000000009234        0x4 
 .text.free     0x0000000000009238       0x1c d:/devkitpro/devkita64/bin/../lib/gcc/aarch64-none-elf/8.3.0/../../../../aarch64-none-elf/lib/pic\libg.a(lib_a-malloc.o)
                0x0000000000009238                free
 *fill*         0x0000000000009254        0x4 
 .text._malloc_r
                0x0000000000009258      0x87c d:/devkitpro/devkita64/bin/../lib/gcc/aarch64-none-elf/8.3.0/../../../../aarch64-none-elf/lib/pic\libg.a(lib_a-mallocr.o)
                0x0000000000009258                _malloc_r
 *fill*         0x0000000000009ad4       0x2c 
 .text          0x0000000000009b00      0x16c d:/devkitpro/devkita64/bin/../lib/gcc/aarch64-none-elf/8.3.0/../../../../aarch64-none-elf/lib/pic\libg.a(lib_a-memcpy.o)
                0x0000000000009b00                memcpy
 *fill*         0x0000000000009c6c       0x14 
 .text          0x0000000000009c80      0x1dc d:/devkitpro/devkita64/bin/../lib/gcc/aarch64-none-elf/8.3.0/../../../../aarch64-none-elf/lib/pic\libg.a(lib_a-memset.o)
                0x0000000000009c80                memset
 *fill*         0x0000000000009e5c        0x4 
 .text.__malloc_lock
                0x0000000000009e60        0xc d:/devkitpro/devkita64/bin/../lib/gcc/aarch64-none-elf/8.3.0/../../../../aarch64-none-elf/lib/pic\libg.a(lib_a-mlock.o)
                0x0000000000009e60                __malloc_lock
 *fill*         0x0000000000009e6c        0x4 
 .text.__malloc_unlock
                0x0000000000009e70        0xc d:/devkitpro/devkita64/bin/../lib/gcc/aarch64-none-elf/8.3.0/../../../../aarch64-none-elf/lib/pic\libg.a(lib_a-mlock.o)
                0x0000000000009e70                __malloc_unlock
 *fill*         0x0000000000009e7c        0x4 
 .text.lflush   0x0000000000009e80       0x20 d:/devkitpro/devkita64/bin/../lib/gcc/aarch64-none-elf/8.3.0/../../../../aarch64-none-elf/lib/pic\libg.a(lib_a-refill.o)
 .text.__srefill_r
                0x0000000000009ea0      0x1d0 d:/devkitpro/devkita64/bin/../lib/gcc/aarch64-none-elf/8.3.0/../../../../aarch64-none-elf/lib/pic\libg.a(lib_a-refill.o)
                0x0000000000009ea0                __srefill_r
 .text.__sread  0x000000000000a070       0x50 d:/devkitpro/devkita64/bin/../lib/gcc/aarch64-none-elf/8.3.0/../../../../aarch64-none-elf/lib/pic\libg.a(lib_a-stdio.o)
                0x000000000000a070                __sread
 .text.__swrite
                0x000000000000a0c0       0x6c d:/devkitpro/devkita64/bin/../lib/gcc/aarch64-none-elf/8.3.0/../../../../aarch64-none-elf/lib/pic\libg.a(lib_a-stdio.o)
                0x000000000000a0c0                __swrite
 *fill*         0x000000000000a12c        0x4 
 .text.__sseek  0x000000000000a130       0x50 d:/devkitpro/devkita64/bin/../lib/gcc/aarch64-none-elf/8.3.0/../../../../aarch64-none-elf/lib/pic\libg.a(lib_a-stdio.o)
                0x000000000000a130                __sseek
 .text.__sclose
                0x000000000000a180        0x8 d:/devkitpro/devkita64/bin/../lib/gcc/aarch64-none-elf/8.3.0/../../../../aarch64-none-elf/lib/pic\libg.a(lib_a-stdio.o)
                0x000000000000a180                __sclose
 .text          0x000000000000a188       0xdc d:/devkitpro/devkita64/bin/../lib/gcc/aarch64-none-elf/8.3.0/../../../../aarch64-none-elf/lib/pic\libg.a(lib_a-strchr.o)
                0x000000000000a188                strchr
 *fill*         0x000000000000a264       0x1c 
 .text          0x000000000000a280      0x140 d:/devkitpro/devkita64/bin/../lib/gcc/aarch64-none-elf/8.3.0/../../../../aarch64-none-elf/lib/pic\libg.a(lib_a-strlen.o)
                0x000000000000a280                strlen
 .text.strncat  0x000000000000a3c0       0x84 d:/devkitpro/devkita64/bin/../lib/gcc/aarch64-none-elf/8.3.0/../../../../aarch64-none-elf/lib/pic\libg.a(lib_a-strncat.o)
                0x000000000000a3c0                strncat
 *fill*         0x000000000000a444       0x3c 
 .text          0x000000000000a480      0x1d4 d:/devkitpro/devkita64/bin/../lib/gcc/aarch64-none-elf/8.3.0/../../../../aarch64-none-elf/lib/pic\libg.a(lib_a-strncmp.o)
                0x000000000000a49c                strncmp
 *fill*         0x000000000000a654        0x4 
 .text.strncpy  0x000000000000a658       0xa8 d:/devkitpro/devkita64/bin/../lib/gcc/aarch64-none-elf/8.3.0/../../../../aarch64-none-elf/lib/pic\libg.a(lib_a-strncpy.o)
                0x000000000000a658                strncpy
 .text          0x000000000000a700       0xe0 d:/devkitpro/devkita64/bin/../lib/gcc/aarch64-none-elf/8.3.0/../../../../aarch64-none-elf/lib/pic\libg.a(lib_a-strnlen.o)
                0x000000000000a724                strnlen
 .text._strtoul_l.isra.0
                0x000000000000a7e0      0x1ac d:/devkitpro/devkita64/bin/../lib/gcc/aarch64-none-elf/8.3.0/../../../../aarch64-none-elf/lib/pic\libg.a(lib_a-strtoul.o)
 *fill*         0x000000000000a98c        0x4 
 .text.strtoul  0x000000000000a990       0x48 d:/devkitpro/devkita64/bin/../lib/gcc/aarch64-none-elf/8.3.0/../../../../aarch64-none-elf/lib/pic\libg.a(lib_a-strtoul.o)
                0x000000000000a990                strtoul
 .text.get_arg  0x000000000000a9d8      0x76c d:/devkitpro/devkita64/bin/../lib/gcc/aarch64-none-elf/8.3.0/../../../../aarch64-none-elf/lib/pic\libg.a(lib_a-vfprintf.o)
 .text._vfprintf_r
                0x000000000000b144     0x3c28 d:/devkitpro/devkita64/bin/../lib/gcc/aarch64-none-elf/8.3.0/../../../../aarch64-none-elf/lib/pic\libg.a(lib_a-vfprintf.o)
                0x000000000000b144                _vfprintf_r
 .text.__sbprintf
                0x000000000000ed6c       0xec d:/devkitpro/devkita64/bin/../lib/gcc/aarch64-none-elf/8.3.0/../../../../aarch64-none-elf/lib/pic\libg.a(lib_a-vfprintf.o)
 .text._wcrtomb_r
                0x000000000000ee58       0xd0 d:/devkitpro/devkita64/bin/../lib/gcc/aarch64-none-elf/8.3.0/../../../../aarch64-none-elf/lib/pic\libg.a(lib_a-wcrtomb.o)
                0x000000000000ee58                _wcrtomb_r
 .text._wcsrtombs_r
                0x000000000000ef28       0x10 d:/devkitpro/devkita64/bin/../lib/gcc/aarch64-none-elf/8.3.0/../../../../aarch64-none-elf/lib/pic\libg.a(lib_a-wcsrtombs.o)
                0x000000000000ef28                _wcsrtombs_r
 .text.__swsetup_r
                0x000000000000ef38      0x140 d:/devkitpro/devkita64/bin/../lib/gcc/aarch64-none-elf/8.3.0/../../../../aarch64-none-elf/lib/pic\libg.a(lib_a-wsetup.o)
                0x000000000000ef38                __swsetup_r
 .text.__call_exitprocs
                0x000000000000f078      0x124 d:/devkitpro/devkita64/bin/../lib/gcc/aarch64-none-elf/8.3.0/../../../../aarch64-none-elf/lib/pic\libg.a(lib_a-__call_atexit.o)
                0x000000000000f078                __call_exitprocs
 *fill*         0x000000000000f19c        0x4 
 .text.quorem   0x000000000000f1a0      0x1a8 d:/devkitpro/devkita64/bin/../lib/gcc/aarch64-none-elf/8.3.0/../../../../aarch64-none-elf/lib/pic\libg.a(lib_a-dtoa.o)
 .text._dtoa_r  0x000000000000f348     0x10dc d:/devkitpro/devkita64/bin/../lib/gcc/aarch64-none-elf/8.3.0/../../../../aarch64-none-elf/lib/pic\libg.a(lib_a-dtoa.o)
                0x000000000000f348                _dtoa_r
 *fill*         0x0000000000010424        0x4 
 .text.__sflags
                0x0000000000010428       0xa8 d:/devkitpro/devkita64/bin/../lib/gcc/aarch64-none-elf/8.3.0/../../../../aarch64-none-elf/lib/pic\libg.a(lib_a-flags.o)
                0x0000000000010428                __sflags
 .text.__sfvwrite_r
                0x00000000000104d0      0x4b8 d:/devkitpro/devkita64/bin/../lib/gcc/aarch64-none-elf/8.3.0/../../../../aarch64-none-elf/lib/pic\libg.a(lib_a-fvwrite.o)
                0x00000000000104d0                __sfvwrite_r
 .text.__localeconv_l
                0x0000000000010988        0x8 d:/devkitpro/devkita64/bin/../lib/gcc/aarch64-none-elf/8.3.0/../../../../aarch64-none-elf/lib/pic\libg.a(lib_a-localeconv.o)
                0x0000000000010988                __localeconv_l
 .text._localeconv_r
                0x0000000000010990       0x28 d:/devkitpro/devkita64/bin/../lib/gcc/aarch64-none-elf/8.3.0/../../../../aarch64-none-elf/lib/pic\libg.a(lib_a-localeconv.o)
                0x0000000000010990                _localeconv_r
 .text.__locale_mb_cur_max
                0x00000000000109b8       0x2c d:/devkitpro/devkita64/bin/../lib/gcc/aarch64-none-elf/8.3.0/../../../../aarch64-none-elf/lib/pic\libg.a(lib_a-locale.o)
                0x00000000000109b8                __locale_mb_cur_max
 *fill*         0x00000000000109e4        0x4 
 .text.__utf8_mbtowc
                0x00000000000109e8      0x2c8 d:/devkitpro/devkita64/bin/../lib/gcc/aarch64-none-elf/8.3.0/../../../../aarch64-none-elf/lib/pic\libg.a(lib_a-mbtowc_r.o)
                0x00000000000109e8                __utf8_mbtowc
 .text          0x0000000000010cb0       0xd8 d:/devkitpro/devkita64/bin/../lib/gcc/aarch64-none-elf/8.3.0/../../../../aarch64-none-elf/lib/pic\libg.a(lib_a-memchr.o)
                0x0000000000010cb0                memchr
 *fill*         0x0000000000010d88       0x38 
 .text          0x0000000000010dc0       0xac d:/devkitpro/devkita64/bin/../lib/gcc/aarch64-none-elf/8.3.0/../../../../aarch64-none-elf/lib/pic\libg.a(lib_a-memmove.o)
                0x0000000000010dc0                memmove
 *fill*         0x0000000000010e6c        0x4 
 .text._Balloc  0x0000000000010e70       0x90 d:/devkitpro/devkita64/bin/../lib/gcc/aarch64-none-elf/8.3.0/../../../../aarch64-none-elf/lib/pic\libg.a(lib_a-mprec.o)
                0x0000000000010e70                _Balloc
 .text._Bfree   0x0000000000010f00       0x1c d:/devkitpro/devkita64/bin/../lib/gcc/aarch64-none-elf/8.3.0/../../../../aarch64-none-elf/lib/pic\libg.a(lib_a-mprec.o)
                0x0000000000010f00                _Bfree
 *fill*         0x0000000000010f1c        0x4 
 .text.__multadd
                0x0000000000010f20       0xe8 d:/devkitpro/devkita64/bin/../lib/gcc/aarch64-none-elf/8.3.0/../../../../aarch64-none-elf/lib/pic\libg.a(lib_a-mprec.o)
                0x0000000000010f20                __multadd
 .text.__hi0bits
                0x0000000000011008       0x5c d:/devkitpro/devkita64/bin/../lib/gcc/aarch64-none-elf/8.3.0/../../../../aarch64-none-elf/lib/pic\libg.a(lib_a-mprec.o)
                0x0000000000011008                __hi0bits
 *fill*         0x0000000000011064        0x4 
 .text.__lo0bits
                0x0000000000011068       0xa0 d:/devkitpro/devkita64/bin/../lib/gcc/aarch64-none-elf/8.3.0/../../../../aarch64-none-elf/lib/pic\libg.a(lib_a-mprec.o)
                0x0000000000011068                __lo0bits
 .text.__i2b    0x0000000000011108       0x2c d:/devkitpro/devkita64/bin/../lib/gcc/aarch64-none-elf/8.3.0/../../../../aarch64-none-elf/lib/pic\libg.a(lib_a-mprec.o)
                0x0000000000011108                __i2b
 *fill*         0x0000000000011134        0x4 
 .text.__multiply
                0x0000000000011138      0x1c8 d:/devkitpro/devkita64/bin/../lib/gcc/aarch64-none-elf/8.3.0/../../../../aarch64-none-elf/lib/pic\libg.a(lib_a-mprec.o)
                0x0000000000011138                __multiply
 .text.__pow5mult
                0x0000000000011300      0x104 d:/devkitpro/devkita64/bin/../lib/gcc/aarch64-none-elf/8.3.0/../../../../aarch64-none-elf/lib/pic\libg.a(lib_a-mprec.o)
                0x0000000000011300                __pow5mult
 *fill*         0x0000000000011404        0x4 
 .text.__lshift
                0x0000000000011408      0x134 d:/devkitpro/devkita64/bin/../lib/gcc/aarch64-none-elf/8.3.0/../../../../aarch64-none-elf/lib/pic\libg.a(lib_a-mprec.o)
                0x0000000000011408                __lshift
 *fill*         0x000000000001153c        0x4 
 .text.__mcmp   0x0000000000011540       0x50 d:/devkitpro/devkita64/bin/../lib/gcc/aarch64-none-elf/8.3.0/../../../../aarch64-none-elf/lib/pic\libg.a(lib_a-mprec.o)
                0x0000000000011540                __mcmp
 .text.__mdiff  0x0000000000011590      0x14c d:/devkitpro/devkita64/bin/../lib/gcc/aarch64-none-elf/8.3.0/../../../../aarch64-none-elf/lib/pic\libg.a(lib_a-mprec.o)
                0x0000000000011590                __mdiff
 *fill*         0x00000000000116dc        0x4 
 .text.__d2b    0x00000000000116e0      0x138 d:/devkitpro/devkita64/bin/../lib/gcc/aarch64-none-elf/8.3.0/../../../../aarch64-none-elf/lib/pic\libg.a(lib_a-mprec.o)
                0x00000000000116e0                __d2b
 .text._realloc_r
                0x0000000000011818      0x56c d:/devkitpro/devkita64/bin/../lib/gcc/aarch64-none-elf/8.3.0/../../../../aarch64-none-elf/lib/pic\libg.a(lib_a-reallocr.o)
                0x0000000000011818                _realloc_r
 *fill*         0x0000000000011d84        0x4 
 .text.frexp    0x0000000000011d88       0x7c d:/devkitpro/devkita64/bin/../lib/gcc/aarch64-none-elf/8.3.0/../../../../aarch64-none-elf/lib/pic\libg.a(lib_a-s_frexp.o)
                0x0000000000011d88                frexp
 *fill*         0x0000000000011e04       0x3c 
 .text          0x0000000000011e40       0xe4 d:/devkitpro/devkita64/bin/../lib/gcc/aarch64-none-elf/8.3.0/../../../../aarch64-none-elf/lib/pic\libg.a(lib_a-strcmp.o)
                0x0000000000011e40                strcmp
 .text.__sprint_r
                0x0000000000011f24       0x3c d:/devkitpro/devkita64/bin/../lib/gcc/aarch64-none-elf/8.3.0/../../../../aarch64-none-elf/lib/pic\libg.a(lib_a-vfiprintf.o)
                0x0000000000011f24                __sprint_r
 .text._wcsnrtombs_l
                0x0000000000011f60      0x1dc d:/devkitpro/devkita64/bin/../lib/gcc/aarch64-none-elf/8.3.0/../../../../aarch64-none-elf/lib/pic\libg.a(lib_a-wcsnrtombs.o)
                0x0000000000011f60                _wcsnrtombs_l
 *fill*         0x000000000001213c        0x4 
 .text._wcsnrtombs_r
                0x0000000000012140       0x54 d:/devkitpro/devkita64/bin/../lib/gcc/aarch64-none-elf/8.3.0/../../../../aarch64-none-elf/lib/pic\libg.a(lib_a-wcsnrtombs.o)
                0x0000000000012140                _wcsnrtombs_r
 *fill*         0x0000000000012194        0x4 
 .text.__utf8_wctomb
                0x0000000000012198       0xe4 d:/devkitpro/devkita64/bin/../lib/gcc/aarch64-none-elf/8.3.0/../../../../aarch64-none-elf/lib/pic\libg.a(lib_a-wctomb_r.o)
                0x0000000000012198                __utf8_wctomb
 *fill*         0x000000000001227c        0x4 
 .text._calloc_r
                0x0000000000012280       0x94 d:/devkitpro/devkita64/bin/../lib/gcc/aarch64-none-elf/8.3.0/../../../../aarch64-none-elf/lib/pic\libg.a(lib_a-callocr.o)
                0x0000000000012280                _calloc_r
 *fill*         0x0000000000012314        0x4 
 .text.null_write
                0x0000000000012318        0x8 d:/devkitpro/devkita64/bin/../lib/gcc/aarch64-none-elf/8.3.0/../../../../aarch64-none-elf/lib/pic\libsysbase.a(iosupport.o)
 .text.setDefaultDevice
                0x0000000000012320       0x18 d:/devkitpro/devkita64/bin/../lib/gcc/aarch64-none-elf/8.3.0/../../../../aarch64-none-elf/lib/pic\libsysbase.a(iosupport.o)
                0x0000000000012320                setDefaultDevice
 .text.FindDevice
                0x0000000000012338      0x108 d:/devkitpro/devkita64/bin/../lib/gcc/aarch64-none-elf/8.3.0/../../../../aarch64-none-elf/lib/pic\libsysbase.a(iosupport.o)
                0x0000000000012338                FindDevice
 .text.RemoveDevice
                0x0000000000012440       0x34 d:/devkitpro/devkita64/bin/../lib/gcc/aarch64-none-elf/8.3.0/../../../../aarch64-none-elf/lib/pic\libsysbase.a(iosupport.o)
                0x0000000000012440                RemoveDevice
 *fill*         0x0000000000012474        0x4 
 .text.AddDevice
                0x0000000000012478       0xd8 d:/devkitpro/devkita64/bin/../lib/gcc/aarch64-none-elf/8.3.0/../../../../aarch64-none-elf/lib/pic\libsysbase.a(iosupport.o)
                0x0000000000012478                AddDevice
 .text._close_r
                0x0000000000012550       0xa8 d:/devkitpro/devkita64/bin/../lib/gcc/aarch64-none-elf/8.3.0/../../../../aarch64-none-elf/lib/pic\libsysbase.a(close.o)
                0x0000000000012550                _close_r
 .text._fstat_r
                0x00000000000125f8       0x80 d:/devkitpro/devkita64/bin/../lib/gcc/aarch64-none-elf/8.3.0/../../../../aarch64-none-elf/lib/pic\libsysbase.a(fstat.o)
                0x00000000000125f8                _fstat_r
 .text._isatty_r
                0x0000000000012678        0x8 d:/devkitpro/devkita64/bin/../lib/gcc/aarch64-none-elf/8.3.0/../../../../aarch64-none-elf/lib/pic\libsysbase.a(isatty.o)
                0x0000000000012678                _isatty_r
 .text._lseek_r
                0x0000000000012680       0x94 d:/devkitpro/devkita64/bin/../lib/gcc/aarch64-none-elf/8.3.0/../../../../aarch64-none-elf/lib/pic\libsysbase.a(lseek.o)
                0x0000000000012680                _lseek_r
 *fill*         0x0000000000012714        0x4 
 .text._open_r  0x0000000000012718       0xe0 d:/devkitpro/devkita64/bin/../lib/gcc/aarch64-none-elf/8.3.0/../../../../aarch64-none-elf/lib/pic\libsysbase.a(open.o)
                0x0000000000012718                _open_r
 .text._read_r  0x00000000000127f8       0xa4 d:/devkitpro/devkita64/bin/../lib/gcc/aarch64-none-elf/8.3.0/../../../../aarch64-none-elf/lib/pic\libsysbase.a(read.o)
                0x00000000000127f8                _read_r
 *fill*         0x000000000001289c        0x4 
 .text._sbrk_r  0x00000000000128a0       0x78 d:/devkitpro/devkita64/bin/../lib/gcc/aarch64-none-elf/8.3.0/../../../../aarch64-none-elf/lib/pic\libsysbase.a(sbrk.o)
                0x00000000000128a0                _sbrk_r
 .text._write_r
                0x0000000000012918       0xa4 d:/devkitpro/devkita64/bin/../lib/gcc/aarch64-none-elf/8.3.0/../../../../aarch64-none-elf/lib/pic\libsysbase.a(write.o)
                0x0000000000012918                _write_r
 *fill*         0x00000000000129bc        0x4 
 .text._exit    0x00000000000129c0       0x20 d:/devkitpro/devkita64/bin/../lib/gcc/aarch64-none-elf/8.3.0/../../../../aarch64-none-elf/lib/pic\libsysbase.a(_exit.o)
                0x00000000000129c0                _exit
 .text._concatenate_path
                0x00000000000129e0      0x234 d:/devkitpro/devkita64/bin/../lib/gcc/aarch64-none-elf/8.3.0/../../../../aarch64-none-elf/lib/pic\libsysbase.a(chdir.o)
                0x00000000000129e0                _concatenate_path
 *fill*         0x0000000000012c14        0x4 
 .text.chdir    0x0000000000012c18      0x178 d:/devkitpro/devkita64/bin/../lib/gcc/aarch64-none-elf/8.3.0/../../../../aarch64-none-elf/lib/pic\libsysbase.a(chdir.o)
                0x0000000000012c18                chdir
 .text.__libc_lock_acquire
                0x0000000000012d90       0x14 d:/devkitpro/devkita64/bin/../lib/gcc/aarch64-none-elf/8.3.0/../../../../aarch64-none-elf/lib/pic\libsysbase.a(locks.o)
                0x0000000000012d90                __libc_lock_acquire
 *fill*         0x0000000000012da4        0x4 
 .text.__libc_lock_release
                0x0000000000012da8       0x14 d:/devkitpro/devkita64/bin/../lib/gcc/aarch64-none-elf/8.3.0/../../../../aarch64-none-elf/lib/pic\libsysbase.a(locks.o)
                0x0000000000012da8                __libc_lock_release
 *fill*         0x0000000000012dbc        0x4 
 .text.__libc_lock_init_recursive
                0x0000000000012dc0        0xc d:/devkitpro/devkita64/bin/../lib/gcc/aarch64-none-elf/8.3.0/../../../../aarch64-none-elf/lib/pic\libsysbase.a(locks.o)
                0x0000000000012dc0                __libc_lock_init_recursive
 *fill*         0x0000000000012dcc        0x4 
 .text.__libc_lock_acquire_recursive
                0x0000000000012dd0       0x14 d:/devkitpro/devkita64/bin/../lib/gcc/aarch64-none-elf/8.3.0/../../../../aarch64-none-elf/lib/pic\libsysbase.a(locks.o)
                0x0000000000012dd0                __libc_lock_acquire_recursive
 *fill*         0x0000000000012de4        0x4 
 .text.__libc_lock_release_recursive
                0x0000000000012de8       0x14 d:/devkitpro/devkita64/bin/../lib/gcc/aarch64-none-elf/8.3.0/../../../../aarch64-none-elf/lib/pic\libsysbase.a(locks.o)
                0x0000000000012de8                __libc_lock_release_recursive
 *fill*         0x0000000000012dfc        0x4 
 .text.__libc_lock_close_recursive
                0x0000000000012e00        0x4 d:/devkitpro/devkita64/bin/../lib/gcc/aarch64-none-elf/8.3.0/../../../../aarch64-none-elf/lib/pic\libsysbase.a(locks.o)
                0x0000000000012e00                __libc_lock_close_recursive
 *fill*         0x0000000000012e04        0x4 
 .text.__free_handle
                0x0000000000012e08       0x3c d:/devkitpro/devkita64/bin/../lib/gcc/aarch64-none-elf/8.3.0/../../../../aarch64-none-elf/lib/pic\libsysbase.a(handle_manager.o)
                0x0000000000012e08                __free_handle
 *fill*         0x0000000000012e44        0x4 
 .text.__release_handle
                0x0000000000012e48       0x58 d:/devkitpro/devkita64/bin/../lib/gcc/aarch64-none-elf/8.3.0/../../../../aarch64-none-elf/lib/pic\libsysbase.a(handle_manager.o)
                0x0000000000012e48                __release_handle
 .text.__alloc_handle
                0x0000000000012ea0       0xc0 d:/devkitpro/devkita64/bin/../lib/gcc/aarch64-none-elf/8.3.0/../../../../aarch64-none-elf/lib/pic\libsysbase.a(handle_manager.o)
                0x0000000000012ea0                __alloc_handle
 .text.__get_handle
                0x0000000000012f60       0x20 d:/devkitpro/devkita64/bin/../lib/gcc/aarch64-none-elf/8.3.0/../../../../aarch64-none-elf/lib/pic\libsysbase.a(handle_manager.o)
                0x0000000000012f60                __get_handle
 .text.__getreent
                0x0000000000012f80       0x20 d:/devkitpro/devkita64/bin/../lib/gcc/aarch64-none-elf/8.3.0/../../../../aarch64-none-elf/lib/pic\libsysbase.a(getreent.o)
                0x0000000000012f80                __getreent
 .text.__trunctfdf2
                0x0000000000012fa0      0x348 d:/devkitpro/devkita64/bin/../lib/gcc/aarch64-none-elf/8.3.0/pic\libgcc.a(trunctfdf2.o)
                0x0000000000012fa0                __trunctfdf2
 .text.__sfp_handle_exceptions
                0x00000000000132e8       0x70 d:/devkitpro/devkita64/bin/../lib/gcc/aarch64-none-elf/8.3.0/pic\libgcc.a(sfp-exceptions.o)
                0x00000000000132e8                __sfp_handle_exceptions
 .text          0x0000000000013358      0x100 d:/devkitpro/devkita64/bin/../lib/gcc/aarch64-none-elf/8.3.0/../../../../aarch64-none-elf/lib/pic\libg.a(lib_a-strrchr.o)
                0x0000000000013358                strrchr
                0x0000000000013458                . = ALIGN (0x8)

.fini           0x0000000000013458       0x38
 *(.fini)
 .fini          0x0000000000013458       0x18 d:/devkitpro/devkita64/bin/../lib/gcc/aarch64-none-elf/8.3.0/pic/crti.o
                0x0000000000013458                _fini
 .fini          0x0000000000013470       0x1c d:/devkitpro/devkita64/bin/../lib/gcc/aarch64-none-elf/8.3.0/pic/crtn.o
                0x0000000000013490                . = ALIGN (0x8)
 *fill*         0x000000000001348c        0x4 
                0x0000000000014000                . = ALIGN (0x1000)

.nx-module-name
                0x0000000000014000       0x11
 *(.nx-module-name)
 .nx-module-name
                0x0000000000014000       0x11 d:/devkitpro/devkita64/bin/../lib/gcc/aarch64-none-elf/8.3.0/pic/crti.o

.rodata         0x0000000000014018      0x798
 *(.rodata .rodata.* .gnu.linkonce.r.*)
 .rodata.str1.8
                0x0000000000014018       0xca main.o
 *fill*         0x00000000000140e2        0x6 
 .rodata.pmdmntInitialize.str1.8
                0x00000000000140e8        0x8 D:\devkitPro/libnx/lib\libnx.a(pm.o)
 .rodata        0x00000000000140f0       0x24 D:\devkitPro/libnx/lib\libnx.a(hid.o)
 *fill*         0x0000000000014114        0x4 
 .rodata.hidInitialize.str1.8
                0x0000000000014118        0x4 D:\devkitPro/libnx/lib\libnx.a(hid.o)
 *fill*         0x000000000001411c        0x4 
 .rodata.smInitialize.str1.8
                0x0000000000014120        0x4 D:\devkitPro/libnx/lib\libnx.a(sm.o)
                                          0x9 (size before relaxing)
 *fill*         0x0000000000014124        0x4 
 .rodata._fatalImpl.str1.8
                0x0000000000014128        0x8 D:\devkitPro/libnx/lib\libnx.a(fatal.o)
 .rodata.fsInitialize.str1.8
                0x0000000000014130        0x8 D:\devkitPro/libnx/lib\libnx.a(fs.o)
 .rodata.setsysInitialize.str1.8
                0x0000000000014138        0x8 D:\devkitPro/libnx/lib\libnx.a(set.o)
 .rodata._fsdevUnmountDeviceStruct.part.4.str1.8
                0x0000000000014140        0x2 D:\devkitPro/libnx/lib\libnx.a(fs_dev.o)
 *fill*         0x0000000000014142        0x6 
 .rodata.error_table
                0x0000000000014148       0x18 D:\devkitPro/libnx/lib\libnx.a(fs_dev.o)
 .rodata.fsdevMountSdmc.str1.8
                0x0000000000014160        0x5 D:\devkitPro/libnx/lib\libnx.a(fs_dev.o)
 *fill*         0x0000000000014165        0x3 
 .rodata.nxlinkSetup.str1.8
                0x0000000000014168        0x9 D:\devkitPro/libnx/lib\libnx.a(nxlink.o)
 *fill*         0x0000000000014171        0x7 
 .rodata._ctype_
                0x0000000000014178      0x101 d:/devkitpro/devkita64/bin/../lib/gcc/aarch64-none-elf/8.3.0/../../../../aarch64-none-elf/lib/pic\libg.a(lib_a-ctype_.o)
                0x0000000000014178                _ctype_
 *fill*         0x0000000000014279        0x3 
 .rodata.get_arg
                0x000000000001427c       0x92 d:/devkitpro/devkita64/bin/../lib/gcc/aarch64-none-elf/8.3.0/../../../../aarch64-none-elf/lib/pic\libg.a(lib_a-vfprintf.o)
 *fill*         0x000000000001430e        0x2 
 .rodata._vfprintf_r
                0x0000000000014310       0xb6 d:/devkitpro/devkita64/bin/../lib/gcc/aarch64-none-elf/8.3.0/../../../../aarch64-none-elf/lib/pic\libg.a(lib_a-vfprintf.o)
 .rodata._vfprintf_r.str1.1
                0x00000000000143c6       0x3b d:/devkitpro/devkita64/bin/../lib/gcc/aarch64-none-elf/8.3.0/../../../../aarch64-none-elf/lib/pic\libg.a(lib_a-vfprintf.o)
 *fill*         0x0000000000014401        0x7 
 .rodata.blanks.6605
                0x0000000000014408       0x10 d:/devkitpro/devkita64/bin/../lib/gcc/aarch64-none-elf/8.3.0/../../../../aarch64-none-elf/lib/pic\libg.a(lib_a-vfprintf.o)
 .rodata.zeroes.6606
                0x0000000000014418       0x10 d:/devkitpro/devkita64/bin/../lib/gcc/aarch64-none-elf/8.3.0/../../../../aarch64-none-elf/lib/pic\libg.a(lib_a-vfprintf.o)
 .rodata._dtoa_r.cst8
                0x0000000000014428       0x18 d:/devkitpro/devkita64/bin/../lib/gcc/aarch64-none-elf/8.3.0/../../../../aarch64-none-elf/lib/pic\libg.a(lib_a-dtoa.o)
 .rodata._dtoa_r.str1.8
                0x0000000000014440       0x1a d:/devkitpro/devkita64/bin/../lib/gcc/aarch64-none-elf/8.3.0/../../../../aarch64-none-elf/lib/pic\libg.a(lib_a-dtoa.o)
 *fill*         0x000000000001445a        0x6 
 .rodata.str1.8
                0x0000000000014460       0x5c d:/devkitpro/devkita64/bin/../lib/gcc/aarch64-none-elf/8.3.0/../../../../aarch64-none-elf/lib/pic\libg.a(lib_a-locale.o)
                                         0x64 (size before relaxing)
 *fill*         0x00000000000144bc        0x4 
 .rodata.__mprec_bigtens
                0x00000000000144c0       0x28 d:/devkitpro/devkita64/bin/../lib/gcc/aarch64-none-elf/8.3.0/../../../../aarch64-none-elf/lib/pic\libg.a(lib_a-mprec.o)
                0x00000000000144c0                __mprec_bigtens
 .rodata.__mprec_tens
                0x00000000000144e8       0xc8 d:/devkitpro/devkita64/bin/../lib/gcc/aarch64-none-elf/8.3.0/../../../../aarch64-none-elf/lib/pic\libg.a(lib_a-mprec.o)
                0x00000000000144e8                __mprec_tens
 .rodata.p05.5339
                0x00000000000145b0        0xc d:/devkitpro/devkita64/bin/../lib/gcc/aarch64-none-elf/8.3.0/../../../../aarch64-none-elf/lib/pic\libg.a(lib_a-mprec.o)
 *fill*         0x00000000000145bc        0x4 
 .rodata.__action_table
                0x00000000000145c0       0x6c d:/devkitpro/devkita64/bin/../lib/gcc/aarch64-none-elf/8.3.0/../../../../aarch64-none-elf/lib/pic\libg.a(lib_a-svfiprintf.o)
                0x00000000000145c0                __action_table
 *fill*         0x000000000001462c        0x4 
 .rodata.__chclass
                0x0000000000014630      0x100 d:/devkitpro/devkita64/bin/../lib/gcc/aarch64-none-elf/8.3.0/../../../../aarch64-none-elf/lib/pic\libg.a(lib_a-svfiprintf.o)
                0x0000000000014630                __chclass
 .rodata.__state_table
                0x0000000000014730       0x6c d:/devkitpro/devkita64/bin/../lib/gcc/aarch64-none-elf/8.3.0/../../../../aarch64-none-elf/lib/pic\libg.a(lib_a-svfiprintf.o)
                0x0000000000014730                __state_table
 *fill*         0x000000000001479c        0x4 
 .rodata.AddDevice.str1.8
                0x00000000000147a0        0x8 d:/devkitpro/devkita64/bin/../lib/gcc/aarch64-none-elf/8.3.0/../../../../aarch64-none-elf/lib/pic\libsysbase.a(iosupport.o)
 .rodata.DIRECTORY_PARENT
                0x00000000000147a8        0x3 d:/devkitpro/devkita64/bin/../lib/gcc/aarch64-none-elf/8.3.0/../../../../aarch64-none-elf/lib/pic\libsysbase.a(chdir.o)
                0x00000000000147a8                DIRECTORY_PARENT
                0x00000000000147b0                . = ALIGN (0x8)
 *fill*         0x00000000000147ab        0x5 

.eh_frame_hdr   0x00000000000147b0        0x0
                0x00000000000147b0                __eh_frame_hdr_start = .
 *(.eh_frame_hdr)
 *(.eh_frame_entry .eh_frame_entry.*)
                0x00000000000147b0                __eh_frame_hdr_end = .

.eh_frame       0x00000000000147b0     0x2f90
 *(.eh_frame)
 .eh_frame      0x00000000000147b0       0x80 d:/devkitpro/devkita64/bin/../lib/gcc/aarch64-none-elf/8.3.0/pic/crtbegin.o
 .eh_frame      0x0000000000014830       0x90 main.o
                                         0xa0 (size before relaxing)
 .eh_frame      0x00000000000148c0       0x50 D:\devkitPro/libnx/lib\libnx.a(pm.o)
                                        0x568 (size before relaxing)
 .eh_frame      0x0000000000014910      0x2d8 D:\devkitPro/libnx/lib\libnx.a(hid.o)
                                        0x9a8 (size before relaxing)
 .eh_frame      0x0000000000014be8      0x130 D:\devkitPro/libnx/lib\libnx.a(sm.o)
                                        0x1c0 (size before relaxing)
 .eh_frame      0x0000000000014d18       0x60 D:\devkitPro/libnx/lib\libnx.a(fatal.o)
                                         0x88 (size before relaxing)
 .eh_frame      0x0000000000014d78      0x598 D:\devkitPro/libnx/lib\libnx.a(fs.o)
                                        0xce8 (size before relaxing)
 .eh_frame      0x0000000000015310       0xb0 D:\devkitPro/libnx/lib\libnx.a(set.o)
                                        0x4e0 (size before relaxing)
 .eh_frame      0x00000000000153c0       0x28 D:\devkitPro/libnx/lib\libnx.a(hosversion.o)
                                         0x40 (size before relaxing)
 .eh_frame      0x00000000000153e8      0x678 D:\devkitPro/libnx/lib\libnx.a(fs_dev.o)
                                        0x770 (size before relaxing)
 .eh_frame      0x0000000000015a60       0x18 D:\devkitPro/libnx/lib\libnx.a(decode_utf8.o)
                                         0x28 (size before relaxing)
 .eh_frame      0x0000000000015a78      0x168 D:\devkitPro/libnx/lib\libnx.a(svc.o)
                                        0x7d0 (size before relaxing)
 .eh_frame      0x0000000000015be0       0x18 D:\devkitPro/libnx/lib\libnx.a(readtp.o)
                                         0x28 (size before relaxing)
 .eh_frame      0x0000000000015bf8       0x68 D:\devkitPro/libnx/lib\libnx.a(detect.o)
                                         0xd8 (size before relaxing)
 .eh_frame      0x0000000000015c60       0x98 D:\devkitPro/libnx/lib\libnx.a(rwlock.o)
                                         0xc0 (size before relaxing)
 .eh_frame      0x0000000000015cf8       0x70 D:\devkitPro/libnx/lib\libnx.a(mutex.o)
                                         0xc0 (size before relaxing)
 .eh_frame      0x0000000000015d68       0xa0 D:\devkitPro/libnx/lib\libnx.a(shmem.o)
                                         0xc8 (size before relaxing)
 .eh_frame      0x0000000000015e08       0xb8 D:\devkitPro/libnx/lib\libnx.a(virtmem.o)
                                        0x120 (size before relaxing)
 .eh_frame      0x0000000000015ec0        0x0 D:\devkitPro/libnx/lib\libnx.a(event.o)
                                         0xc0 (size before relaxing)
 .eh_frame      0x0000000000015ec0       0x30 D:\devkitPro/libnx/lib\libnx.a(condvar.o)
                                         0x48 (size before relaxing)
 .eh_frame      0x0000000000015ef0       0x18 D:\devkitPro/libnx/lib\libnx.a(applet.o)
                                       0x11c8 (size before relaxing)
 .eh_frame      0x0000000000015f08        0x0 D:\devkitPro/libnx/lib\libnx.a(apm.o)
                                        0x128 (size before relaxing)
 .eh_frame      0x0000000000015f08       0x18 D:\devkitPro/libnx/lib\libnx.a(dynamic.o)
                                         0x30 (size before relaxing)
 .eh_frame      0x0000000000015f20       0xc0 D:\devkitPro/libnx/lib\libnx.a(env.o)
                                        0x1d8 (size before relaxing)
 .eh_frame      0x0000000000015fe0       0x38 D:\devkitPro/libnx/lib\libnx.a(init.o)
                                         0xb8 (size before relaxing)
 .eh_frame      0x0000000000016018       0xb8 D:\devkitPro/libnx/lib\libnx.a(newlib.o)
                                        0x420 (size before relaxing)
 .eh_frame      0x00000000000160d0       0xa8 D:\devkitPro/libnx/lib\libnx.a(argv.o)
                                         0xb8 (size before relaxing)
 .eh_frame      0x0000000000016178       0x28 D:\devkitPro/libnx/lib\libnx.a(exception.o)
                                         0x40 (size before relaxing)
 .eh_frame      0x00000000000161a0        0x0 D:\devkitPro/libnx/lib\libnx.a(tmem.o)
                                        0x108 (size before relaxing)
 .eh_frame      0x00000000000161a0        0x0 D:\devkitPro/libnx/lib\libnx.a(wait.o)
                                         0xc8 (size before relaxing)
 .eh_frame      0x00000000000161a0        0x0 D:\devkitPro/libnx/lib\libnx.a(thread.o)
                                        0x1c8 (size before relaxing)
 .eh_frame      0x00000000000161a0        0x0 D:\devkitPro/libnx/lib\libnx.a(time.o)
                                        0x198 (size before relaxing)
 .eh_frame      0x00000000000161a0       0x50 D:\devkitPro/libnx/lib\libnx.a(nxlink.o)
                                         0x68 (size before relaxing)
 .eh_frame      0x00000000000161f0       0x68 d:/devkitpro/devkita64/bin/../lib/gcc/aarch64-none-elf/8.3.0/../../../../aarch64-none-elf/lib/pic\libg.a(lib_a-bsearch.o)
                                         0x78 (size before relaxing)
 .eh_frame      0x0000000000016258        0x0 d:/devkitpro/devkita64/bin/../lib/gcc/aarch64-none-elf/8.3.0/../../../../aarch64-none-elf/lib/pic\libg.a(lib_a-ctype_.o)
                                         0x28 (size before relaxing)
 .eh_frame      0x0000000000016258       0x20 d:/devkitpro/devkita64/bin/../lib/gcc/aarch64-none-elf/8.3.0/../../../../aarch64-none-elf/lib/pic\libg.a(lib_a-errno.o)
                                         0x38 (size before relaxing)
 .eh_frame      0x0000000000016278       0x20 d:/devkitpro/devkita64/bin/../lib/gcc/aarch64-none-elf/8.3.0/../../../../aarch64-none-elf/lib/pic\libg.a(lib_a-exit.o)
                                         0x30 (size before relaxing)
 .eh_frame      0x0000000000016298       0x78 d:/devkitpro/devkita64/bin/../lib/gcc/aarch64-none-elf/8.3.0/../../../../aarch64-none-elf/lib/pic\libg.a(lib_a-fclose.o)
                                         0x90 (size before relaxing)
 .eh_frame      0x0000000000016310       0xa0 d:/devkitpro/devkita64/bin/../lib/gcc/aarch64-none-elf/8.3.0/../../../../aarch64-none-elf/lib/pic\libg.a(lib_a-fflush.o)
                                         0xb8 (size before relaxing)
 .eh_frame      0x00000000000163b0      0x100 d:/devkitpro/devkita64/bin/../lib/gcc/aarch64-none-elf/8.3.0/../../../../aarch64-none-elf/lib/pic\libg.a(lib_a-findfp.o)
                                        0x1a8 (size before relaxing)
 .eh_frame      0x00000000000164b0       0x28 d:/devkitpro/devkita64/bin/../lib/gcc/aarch64-none-elf/8.3.0/../../../../aarch64-none-elf/lib/pic\libg.a(lib_a-fini.o)
                                         0x38 (size before relaxing)
 .eh_frame      0x00000000000164d8       0x60 d:/devkitpro/devkita64/bin/../lib/gcc/aarch64-none-elf/8.3.0/../../../../aarch64-none-elf/lib/pic\libg.a(lib_a-fopen.o)
                                         0x78 (size before relaxing)
 .eh_frame      0x0000000000016538       0x28 d:/devkitpro/devkita64/bin/../lib/gcc/aarch64-none-elf/8.3.0/../../../../aarch64-none-elf/lib/pic\libg.a(lib_a-fprintf.o)
                                         0x58 (size before relaxing)
 .eh_frame      0x0000000000016560       0x80 d:/devkitpro/devkita64/bin/../lib/gcc/aarch64-none-elf/8.3.0/../../../../aarch64-none-elf/lib/pic\libg.a(lib_a-freer.o)
                                         0x98 (size before relaxing)
 .eh_frame      0x00000000000165e0       0x18 d:/devkitpro/devkita64/bin/../lib/gcc/aarch64-none-elf/8.3.0/../../../../aarch64-none-elf/lib/pic\libg.a(lib_a-fseek.o)
                                         0x50 (size before relaxing)
 .eh_frame      0x00000000000165f8       0x78 d:/devkitpro/devkita64/bin/../lib/gcc/aarch64-none-elf/8.3.0/../../../../aarch64-none-elf/lib/pic\libg.a(lib_a-fseeko.o)
                                         0xb0 (size before relaxing)
 .eh_frame      0x0000000000016670       0x98 d:/devkitpro/devkita64/bin/../lib/gcc/aarch64-none-elf/8.3.0/../../../../aarch64-none-elf/lib/pic\libg.a(lib_a-fwalk.o)
                                         0xa8 (size before relaxing)
 .eh_frame      0x0000000000016708       0x58 d:/devkitpro/devkita64/bin/../lib/gcc/aarch64-none-elf/8.3.0/../../../../aarch64-none-elf/lib/pic\libg.a(lib_a-fwrite.o)
                                         0x70 (size before relaxing)
 .eh_frame      0x0000000000016760       0x28 d:/devkitpro/devkita64/bin/../lib/gcc/aarch64-none-elf/8.3.0/../../../../aarch64-none-elf/lib/pic\libg.a(lib_a-init.o)
                                         0x40 (size before relaxing)
 .eh_frame      0x0000000000016788       0x80 d:/devkitpro/devkita64/bin/../lib/gcc/aarch64-none-elf/8.3.0/../../../../aarch64-none-elf/lib/pic\libg.a(lib_a-makebuf.o)
                                         0x98 (size before relaxing)
 .eh_frame      0x0000000000016808        0x0 d:/devkitpro/devkita64/bin/../lib/gcc/aarch64-none-elf/8.3.0/../../../../aarch64-none-elf/lib/pic\libg.a(lib_a-malign.o)
                                         0x38 (size before relaxing)
 .eh_frame      0x0000000000016808        0x0 d:/devkitpro/devkita64/bin/../lib/gcc/aarch64-none-elf/8.3.0/../../../../aarch64-none-elf/lib/pic\libg.a(lib_a-malignr.o)
                                         0x68 (size before relaxing)
 .eh_frame      0x0000000000016808       0x40 d:/devkitpro/devkita64/bin/../lib/gcc/aarch64-none-elf/8.3.0/../../../../aarch64-none-elf/lib/pic\libg.a(lib_a-malloc.o)
                                         0x58 (size before relaxing)
 .eh_frame      0x0000000000016848       0xd0 d:/devkitpro/devkita64/bin/../lib/gcc/aarch64-none-elf/8.3.0/../../../../aarch64-none-elf/lib/pic\libg.a(lib_a-mallocr.o)
                                         0xe0 (size before relaxing)
 .eh_frame      0x0000000000016918       0x28 d:/devkitpro/devkita64/bin/../lib/gcc/aarch64-none-elf/8.3.0/../../../../aarch64-none-elf/lib/pic\libg.a(lib_a-mlock.o)
                                         0x40 (size before relaxing)
 .eh_frame      0x0000000000016940       0x70 d:/devkitpro/devkita64/bin/../lib/gcc/aarch64-none-elf/8.3.0/../../../../aarch64-none-elf/lib/pic\libg.a(lib_a-refill.o)
                                         0x88 (size before relaxing)
 .eh_frame      0x00000000000169b0        0x0 d:/devkitpro/devkita64/bin/../lib/gcc/aarch64-none-elf/8.3.0/../../../../aarch64-none-elf/lib/pic\libg.a(lib_a-setenv.o)
                                         0x58 (size before relaxing)
 .eh_frame      0x00000000000169b0        0x0 d:/devkitpro/devkita64/bin/../lib/gcc/aarch64-none-elf/8.3.0/../../../../aarch64-none-elf/lib/pic\libg.a(lib_a-setenv_r.o)
                                         0xc8 (size before relaxing)
 .eh_frame      0x00000000000169b0       0xa0 d:/devkitpro/devkita64/bin/../lib/gcc/aarch64-none-elf/8.3.0/../../../../aarch64-none-elf/lib/pic\libg.a(lib_a-stdio.o)
                                         0xc8 (size before relaxing)
 .eh_frame      0x0000000000016a50       0x18 d:/devkitpro/devkita64/bin/../lib/gcc/aarch64-none-elf/8.3.0/../../../../aarch64-none-elf/lib/pic\libg.a(lib_a-strncat.o)
                                         0x28 (size before relaxing)
 .eh_frame      0x0000000000016a68       0x18 d:/devkitpro/devkita64/bin/../lib/gcc/aarch64-none-elf/8.3.0/../../../../aarch64-none-elf/lib/pic\libg.a(lib_a-strncpy.o)
                                         0x28 (size before relaxing)
 .eh_frame      0x0000000000016a80       0x38 d:/devkitpro/devkita64/bin/../lib/gcc/aarch64-none-elf/8.3.0/../../../../aarch64-none-elf/lib/pic\libg.a(lib_a-strtoul.o)
                                         0x98 (size before relaxing)
 .eh_frame      0x0000000000016ab8       0xe8 d:/devkitpro/devkita64/bin/../lib/gcc/aarch64-none-elf/8.3.0/../../../../aarch64-none-elf/lib/pic\libg.a(lib_a-vfprintf.o)
                                        0x120 (size before relaxing)
 .eh_frame      0x0000000000016ba0       0x38 d:/devkitpro/devkita64/bin/../lib/gcc/aarch64-none-elf/8.3.0/../../../../aarch64-none-elf/lib/pic\libg.a(lib_a-wcrtomb.o)
                                         0x80 (size before relaxing)
 .eh_frame      0x0000000000016bd8       0x18 d:/devkitpro/devkita64/bin/../lib/gcc/aarch64-none-elf/8.3.0/../../../../aarch64-none-elf/lib/pic\libg.a(lib_a-wcsrtombs.o)
                                         0x50 (size before relaxing)
 .eh_frame      0x0000000000016bf0       0x28 d:/devkitpro/devkita64/bin/../lib/gcc/aarch64-none-elf/8.3.0/../../../../aarch64-none-elf/lib/pic\libg.a(lib_a-wsetup.o)
                                         0x40 (size before relaxing)
 .eh_frame      0x0000000000016c18       0x40 d:/devkitpro/devkita64/bin/../lib/gcc/aarch64-none-elf/8.3.0/../../../../aarch64-none-elf/lib/pic\libg.a(lib_a-__call_atexit.o)
                                         0x58 (size before relaxing)
 .eh_frame      0x0000000000016c58       0x98 d:/devkitpro/devkita64/bin/../lib/gcc/aarch64-none-elf/8.3.0/../../../../aarch64-none-elf/lib/pic\libg.a(lib_a-dtoa.o)
                                         0xb0 (size before relaxing)
 .eh_frame      0x0000000000016cf0        0x0 d:/devkitpro/devkita64/bin/../lib/gcc/aarch64-none-elf/8.3.0/../../../../aarch64-none-elf/lib/pic\libg.a(lib_a-envlock.o)
                                         0x40 (size before relaxing)
 .eh_frame      0x0000000000016cf0       0x18 d:/devkitpro/devkita64/bin/../lib/gcc/aarch64-none-elf/8.3.0/../../../../aarch64-none-elf/lib/pic\libg.a(lib_a-flags.o)
                                         0x28 (size before relaxing)
 .eh_frame      0x0000000000016d08       0xa0 d:/devkitpro/devkita64/bin/../lib/gcc/aarch64-none-elf/8.3.0/../../../../aarch64-none-elf/lib/pic\libg.a(lib_a-fvwrite.o)
                                         0xb8 (size before relaxing)
 .eh_frame      0x0000000000016da8        0x0 d:/devkitpro/devkita64/bin/../lib/gcc/aarch64-none-elf/8.3.0/../../../../aarch64-none-elf/lib/pic\libg.a(lib_a-getenv_r.o)
                                         0x78 (size before relaxing)
 .eh_frame      0x0000000000016da8       0x38 d:/devkitpro/devkita64/bin/../lib/gcc/aarch64-none-elf/8.3.0/../../../../aarch64-none-elf/lib/pic\libg.a(lib_a-localeconv.o)
                                         0x68 (size before relaxing)
 .eh_frame      0x0000000000016de0       0x20 d:/devkitpro/devkita64/bin/../lib/gcc/aarch64-none-elf/8.3.0/../../../../aarch64-none-elf/lib/pic\libg.a(lib_a-locale.o)
                                        0x210 (size before relaxing)
 .eh_frame      0x0000000000016e00       0x30 d:/devkitpro/devkita64/bin/../lib/gcc/aarch64-none-elf/8.3.0/../../../../aarch64-none-elf/lib/pic\libg.a(lib_a-mbtowc_r.o)
                                        0x110 (size before relaxing)
 .eh_frame      0x0000000000016e30      0x1e8 d:/devkitpro/devkita64/bin/../lib/gcc/aarch64-none-elf/8.3.0/../../../../aarch64-none-elf/lib/pic\libg.a(lib_a-mprec.o)
                                        0x310 (size before relaxing)
 .eh_frame      0x0000000000017018       0xf0 d:/devkitpro/devkita64/bin/../lib/gcc/aarch64-none-elf/8.3.0/../../../../aarch64-none-elf/lib/pic\libg.a(lib_a-reallocr.o)
                                        0x108 (size before relaxing)
 .eh_frame      0x0000000000017108       0x18 d:/devkitpro/devkita64/bin/../lib/gcc/aarch64-none-elf/8.3.0/../../../../aarch64-none-elf/lib/pic\libg.a(lib_a-s_frexp.o)
                                         0x28 (size before relaxing)
 .eh_frame      0x0000000000017120        0x0 d:/devkitpro/devkita64/bin/../lib/gcc/aarch64-none-elf/8.3.0/../../../../aarch64-none-elf/lib/pic\libg.a(lib_a-strcasecmp.o)
                                         0x28 (size before relaxing)
 .eh_frame      0x0000000000017120        0x0 d:/devkitpro/devkita64/bin/../lib/gcc/aarch64-none-elf/8.3.0/../../../../aarch64-none-elf/lib/pic\libg.a(lib_a-strcat.o)
                                         0x38 (size before relaxing)
 .eh_frame      0x0000000000017120        0x0 d:/devkitpro/devkita64/bin/../lib/gcc/aarch64-none-elf/8.3.0/../../../../aarch64-none-elf/lib/pic\libg.a(lib_a-strlcpy.o)
                                         0x28 (size before relaxing)
 .eh_frame      0x0000000000017120        0x0 d:/devkitpro/devkita64/bin/../lib/gcc/aarch64-none-elf/8.3.0/../../../../aarch64-none-elf/lib/pic\libg.a(lib_a-strncasecmp.o)
                                         0x28 (size before relaxing)
 .eh_frame      0x0000000000017120        0x0 d:/devkitpro/devkita64/bin/../lib/gcc/aarch64-none-elf/8.3.0/../../../../aarch64-none-elf/lib/pic\libg.a(lib_a-strtol.o)
                                         0x98 (size before relaxing)
 .eh_frame      0x0000000000017120        0x0 d:/devkitpro/devkita64/bin/../lib/gcc/aarch64-none-elf/8.3.0/../../../../aarch64-none-elf/lib/pic\libg.a(lib_a-svfiprintf.o)
                                         0xf8 (size before relaxing)
 .eh_frame      0x0000000000017120       0x28 d:/devkitpro/devkita64/bin/../lib/gcc/aarch64-none-elf/8.3.0/../../../../aarch64-none-elf/lib/pic\libg.a(lib_a-vfiprintf.o)
                                        0x130 (size before relaxing)
 .eh_frame      0x0000000000017148      0x100 d:/devkitpro/devkita64/bin/../lib/gcc/aarch64-none-elf/8.3.0/../../../../aarch64-none-elf/lib/pic\libg.a(lib_a-wcsnrtombs.o)
                                        0x138 (size before relaxing)
 .eh_frame      0x0000000000017248       0x18 d:/devkitpro/devkita64/bin/../lib/gcc/aarch64-none-elf/8.3.0/../../../../aarch64-none-elf/lib/pic\libg.a(lib_a-wctomb_r.o)
                                         0xa0 (size before relaxing)
 .eh_frame      0x0000000000017260       0x30 d:/devkitpro/devkita64/bin/../lib/gcc/aarch64-none-elf/8.3.0/../../../../aarch64-none-elf/lib/pic\libg.a(lib_a-callocr.o)
                                         0x40 (size before relaxing)
 .eh_frame      0x0000000000017290       0xf0 d:/devkitpro/devkita64/bin/../lib/gcc/aarch64-none-elf/8.3.0/../../../../aarch64-none-elf/lib/pic\libsysbase.a(iosupport.o)
                                        0x130 (size before relaxing)
 .eh_frame      0x0000000000017380       0x48 d:/devkitpro/devkita64/bin/../lib/gcc/aarch64-none-elf/8.3.0/../../../../aarch64-none-elf/lib/pic\libsysbase.a(close.o)
                                         0x58 (size before relaxing)
 .eh_frame      0x00000000000173c8       0x30 d:/devkitpro/devkita64/bin/../lib/gcc/aarch64-none-elf/8.3.0/../../../../aarch64-none-elf/lib/pic\libsysbase.a(fstat.o)
                                         0x48 (size before relaxing)
 .eh_frame      0x00000000000173f8       0x18 d:/devkitpro/devkita64/bin/../lib/gcc/aarch64-none-elf/8.3.0/../../../../aarch64-none-elf/lib/pic\libsysbase.a(isatty.o)
                                         0x28 (size before relaxing)
 .eh_frame      0x0000000000017410       0x38 d:/devkitpro/devkita64/bin/../lib/gcc/aarch64-none-elf/8.3.0/../../../../aarch64-none-elf/lib/pic\libsysbase.a(lseek.o)
                                         0x48 (size before relaxing)
 .eh_frame      0x0000000000017448       0x38 d:/devkitpro/devkita64/bin/../lib/gcc/aarch64-none-elf/8.3.0/../../../../aarch64-none-elf/lib/pic\libsysbase.a(open.o)
                                         0x50 (size before relaxing)
 .eh_frame      0x0000000000017480       0x38 d:/devkitpro/devkita64/bin/../lib/gcc/aarch64-none-elf/8.3.0/../../../../aarch64-none-elf/lib/pic\libsysbase.a(read.o)
                                         0x50 (size before relaxing)
 .eh_frame      0x00000000000174b8       0x18 d:/devkitpro/devkita64/bin/../lib/gcc/aarch64-none-elf/8.3.0/../../../../aarch64-none-elf/lib/pic\libsysbase.a(sbrk.o)
                                         0x28 (size before relaxing)
 .eh_frame      0x00000000000174d0       0x38 d:/devkitpro/devkita64/bin/../lib/gcc/aarch64-none-elf/8.3.0/../../../../aarch64-none-elf/lib/pic\libsysbase.a(write.o)
                                         0x50 (size before relaxing)
 .eh_frame      0x0000000000017508       0x20 d:/devkitpro/devkita64/bin/../lib/gcc/aarch64-none-elf/8.3.0/../../../../aarch64-none-elf/lib/pic\libsysbase.a(_exit.o)
                                         0x38 (size before relaxing)
 .eh_frame      0x0000000000017528       0xd0 d:/devkitpro/devkita64/bin/../lib/gcc/aarch64-none-elf/8.3.0/../../../../aarch64-none-elf/lib/pic\libsysbase.a(chdir.o)
                                        0x128 (size before relaxing)
 .eh_frame      0x00000000000175f8       0x78 d:/devkitpro/devkita64/bin/../lib/gcc/aarch64-none-elf/8.3.0/../../../../aarch64-none-elf/lib/pic\libsysbase.a(locks.o)
                                        0x178 (size before relaxing)
 .eh_frame      0x0000000000017670       0x80 d:/devkitpro/devkita64/bin/../lib/gcc/aarch64-none-elf/8.3.0/../../../../aarch64-none-elf/lib/pic\libsysbase.a(handle_manager.o)
                                        0x108 (size before relaxing)
 .eh_frame      0x00000000000176f0       0x18 d:/devkitpro/devkita64/bin/../lib/gcc/aarch64-none-elf/8.3.0/../../../../aarch64-none-elf/lib/pic\libsysbase.a(getreent.o)
                                         0x28 (size before relaxing)
 .eh_frame      0x0000000000017708        0x0 d:/devkitpro/devkita64/bin/../lib/gcc/aarch64-none-elf/8.3.0/../../../../aarch64-none-elf/lib/pic\libsysbase.a(clocks.o)
                                         0x78 (size before relaxing)
 .eh_frame      0x0000000000017708       0x20 d:/devkitpro/devkita64/bin/../lib/gcc/aarch64-none-elf/8.3.0/pic\libgcc.a(trunctfdf2.o)
                                         0x38 (size before relaxing)
 .eh_frame      0x0000000000017728       0x14 d:/devkitpro/devkita64/bin/../lib/gcc/aarch64-none-elf/8.3.0/pic\libgcc.a(sfp-exceptions.o)
                                         0x28 (size before relaxing)
 .eh_frame      0x000000000001773c        0x4 d:/devkitpro/devkita64/bin/../lib/gcc/aarch64-none-elf/8.3.0/pic/crtend.o
 *(.eh_frame.*)

.gcc_except_table
 *(.gcc_except_table .gcc_except_table.*)

.gnu_extab
 *(.gnu_extab*)

.dynamic        0x0000000000017740      0x160
 *(.dynamic)
 .dynamic       0x0000000000017740      0x160 d:/devkitpro/devkita64/bin/../lib/gcc/aarch64-none-elf/8.3.0/pic/crti.o
                0x0000000000017740                _DYNAMIC

.dynsym         0x00000000000178a0       0x48
 *(.dynsym)
 .dynsym        0x00000000000178a0       0x48 d:/devkitpro/devkita64/bin/../lib/gcc/aarch64-none-elf/8.3.0/pic/crti.o

.dynstr         0x00000000000178e8        0x1
 *(.dynstr)
 .dynstr        0x00000000000178e8        0x1 d:/devkitpro/devkita64/bin/../lib/gcc/aarch64-none-elf/8.3.0/pic/crti.o

.rela.dyn       0x00000000000178f0     0x22f8
 *(.rela.*)
 .rela.got      0x00000000000178f0      0x510 d:/devkitpro/devkita64/bin/../lib/gcc/aarch64-none-elf/8.3.0/pic/crti.o
 .rela.plt      0x0000000000017e00        0x0 d:/devkitpro/devkita64/bin/../lib/gcc/aarch64-none-elf/8.3.0/pic/crti.o
 .rela.bss      0x0000000000017e00        0x0 d:/devkitpro/devkita64/bin/../lib/gcc/aarch64-none-elf/8.3.0/pic/crti.o
 .rela.data.rel.ro
                0x0000000000017e00        0x0 d:/devkitpro/devkita64/bin/../lib/gcc/aarch64-none-elf/8.3.0/pic/crti.o
 .rela.init_array
                0x0000000000017e00       0x18 d:/devkitpro/devkita64/bin/../lib/gcc/aarch64-none-elf/8.3.0/pic/crti.o
 .rela.fini_array
                0x0000000000017e18       0x18 d:/devkitpro/devkita64/bin/../lib/gcc/aarch64-none-elf/8.3.0/pic/crti.o
 .rela.ifunc    0x0000000000017e30        0x0 d:/devkitpro/devkita64/bin/../lib/gcc/aarch64-none-elf/8.3.0/pic/crti.o
 .rela.data.rel.ro.local.fsdev_devoptab
                0x0000000000017e30      0x210 d:/devkitpro/devkita64/bin/../lib/gcc/aarch64-none-elf/8.3.0/pic/crti.o
 .rela.data.rel.local._impure_ptr
                0x0000000000018040       0x18 d:/devkitpro/devkita64/bin/../lib/gcc/aarch64-none-elf/8.3.0/pic/crti.o
 .rela.data.rel.local.impure_data
                0x0000000000018058       0x48 d:/devkitpro/devkita64/bin/../lib/gcc/aarch64-none-elf/8.3.0/pic/crti.o
 .rela.data.rel.ro.local._global_impure_ptr
                0x00000000000180a0       0x18 d:/devkitpro/devkita64/bin/../lib/gcc/aarch64-none-elf/8.3.0/pic/crti.o
 .rela.data.rel.__malloc_av_